Archive member included to satisfy reference by file (symbol)

/usr/local/Cellar/arm-gcc-bin@8/8-2019-q3-update_1/bin/../lib/gcc/arm-none-eabi/8.3.1/../../../../arm-none-eabi/lib/thumb/v6-m/nofp/libc_nano.a(lib_a-exit.o)
                              /usr/local/Cellar/arm-gcc-bin@8/8-2019-q3-update_1/bin/../lib/gcc/arm-none-eabi/8.3.1/../../../../arm-none-eabi/lib/thumb/v6-m/nofp/crt0.o (exit)
/usr/local/Cellar/arm-gcc-bin@8/8-2019-q3-update_1/bin/../lib/gcc/arm-none-eabi/8.3.1/../../../../arm-none-eabi/lib/thumb/v6-m/nofp/libc_nano.a(lib_a-impure.o)
                              /usr/local/Cellar/arm-gcc-bin@8/8-2019-q3-update_1/bin/../lib/gcc/arm-none-eabi/8.3.1/../../../../arm-none-eabi/lib/thumb/v6-m/nofp/libc_nano.a(lib_a-exit.o) (_global_impure_ptr)
/usr/local/Cellar/arm-gcc-bin@8/8-2019-q3-update_1/bin/../lib/gcc/arm-none-eabi/8.3.1/../../../../arm-none-eabi/lib/thumb/v6-m/nofp/libc_nano.a(lib_a-init.o)
                              /usr/local/Cellar/arm-gcc-bin@8/8-2019-q3-update_1/bin/../lib/gcc/arm-none-eabi/8.3.1/../../../../arm-none-eabi/lib/thumb/v6-m/nofp/crt0.o (__libc_init_array)
/usr/local/Cellar/arm-gcc-bin@8/8-2019-q3-update_1/bin/../lib/gcc/arm-none-eabi/8.3.1/../../../../arm-none-eabi/lib/thumb/v6-m/nofp/libc_nano.a(lib_a-memset.o)
                              /usr/local/Cellar/arm-gcc-bin@8/8-2019-q3-update_1/bin/../lib/gcc/arm-none-eabi/8.3.1/../../../../arm-none-eabi/lib/thumb/v6-m/nofp/crt0.o (memset)
/usr/local/Cellar/arm-gcc-bin@8/8-2019-q3-update_1/bin/../lib/gcc/arm-none-eabi/8.3.1/../../../../arm-none-eabi/lib/thumb/v6-m/nofp/libnosys.a(_exit.o)
                              /usr/local/Cellar/arm-gcc-bin@8/8-2019-q3-update_1/bin/../lib/gcc/arm-none-eabi/8.3.1/../../../../arm-none-eabi/lib/thumb/v6-m/nofp/libc_nano.a(lib_a-exit.o) (_exit)
/Users/jasonren/Desktop/PRJ/KBs/DEV/nRF5SDK110089a8197/components/properitary_rf/gzll/gcc/gzll_gcc.a(nrf_gzll.o)
                              _build/main.o (nrf_gzll_enable)
/Users/jasonren/Desktop/PRJ/KBs/DEV/nRF5SDK110089a8197/components/properitary_rf/gzll/gcc/gzll_gcc.a(nrf_impala.o)
                              /Users/jasonren/Desktop/PRJ/KBs/DEV/nRF5SDK110089a8197/components/properitary_rf/gzll/gcc/gzll_gcc.a(nrf_gzll.o) (nrf_impl_disable)
/Users/jasonren/Desktop/PRJ/KBs/DEV/nRF5SDK110089a8197/components/properitary_rf/gzll/gcc/gzll_gcc.a(nrf_link_core.o)
                              /Users/jasonren/Desktop/PRJ/KBs/DEV/nRF5SDK110089a8197/components/properitary_rf/gzll/gcc/gzll_gcc.a(nrf_impala.o) (nrf_lcore_start_operation)
/Users/jasonren/Desktop/PRJ/KBs/DEV/nRF5SDK110089a8197/components/properitary_rf/gzll/gcc/gzll_gcc.a(nrf_notification_manager.o)
                              /Users/jasonren/Desktop/PRJ/KBs/DEV/nRF5SDK110089a8197/components/properitary_rf/gzll/gcc/gzll_gcc.a(nrf_impala.o) (nrf_nm_init)
/Users/jasonren/Desktop/PRJ/KBs/DEV/nRF5SDK110089a8197/components/properitary_rf/gzll/gcc/gzll_gcc.a(nrf_packet_manager.o)
                              /Users/jasonren/Desktop/PRJ/KBs/DEV/nRF5SDK110089a8197/components/properitary_rf/gzll/gcc/gzll_gcc.a(nrf_impala.o) (nrf_pm_init)
/Users/jasonren/Desktop/PRJ/KBs/DEV/nRF5SDK110089a8197/components/properitary_rf/gzll/gcc/gzll_gcc.a(nrf_state_machine.o)
                              /Users/jasonren/Desktop/PRJ/KBs/DEV/nRF5SDK110089a8197/components/properitary_rf/gzll/gcc/gzll_gcc.a(nrf_impala.o) (nrf_sm_init)
/Users/jasonren/Desktop/PRJ/KBs/DEV/nRF5SDK110089a8197/components/properitary_rf/gzll/gcc/gzll_gcc.a(nrf_assert_internal.o)
                              /Users/jasonren/Desktop/PRJ/KBs/DEV/nRF5SDK110089a8197/components/properitary_rf/gzll/gcc/gzll_gcc.a(nrf_gzll.o) (NRF_ASSERT_INTERNAL_parse_and_forward)
/Users/jasonren/Desktop/PRJ/KBs/DEV/nRF5SDK110089a8197/components/properitary_rf/gzll/gcc/gzll_gcc.a(nrf_channel_manager.o)
                              /Users/jasonren/Desktop/PRJ/KBs/DEV/nRF5SDK110089a8197/components/properitary_rf/gzll/gcc/gzll_gcc.a(nrf_impala.o) (nrf_chm_init)
/Users/jasonren/Desktop/PRJ/KBs/DEV/nRF5SDK110089a8197/components/properitary_rf/gzll/gcc/gzll_gcc.a(nrf_fifo.o)
                              /Users/jasonren/Desktop/PRJ/KBs/DEV/nRF5SDK110089a8197/components/properitary_rf/gzll/gcc/gzll_gcc.a(nrf_packet_manager.o) (nrf_fifo_init)
/Users/jasonren/Desktop/PRJ/KBs/DEV/nRF5SDK110089a8197/components/properitary_rf/gzll/gcc/gzll_gcc.a(nrf_flywheel.o)
                              /Users/jasonren/Desktop/PRJ/KBs/DEV/nRF5SDK110089a8197/components/properitary_rf/gzll/gcc/gzll_gcc.a(nrf_impala.o) (nrf_flw_init)
/usr/local/Cellar/arm-gcc-bin@8/8-2019-q3-update_1/bin/../lib/gcc/arm-none-eabi/8.3.1/thumb/v6-m/nofp/libgcc.a(_thumb1_case_uqi.o)
                              /Users/jasonren/Desktop/PRJ/KBs/DEV/nRF5SDK110089a8197/components/properitary_rf/gzll/gcc/gzll_gcc.a(nrf_gzll.o) (__gnu_thumb1_case_uqi)
/usr/local/Cellar/arm-gcc-bin@8/8-2019-q3-update_1/bin/../lib/gcc/arm-none-eabi/8.3.1/thumb/v6-m/nofp/libgcc.a(_udivsi3.o)
[...]
Memory Configuration

Name             Origin             Length             Attributes
FLASH            0x0000000000000000 0x0000000000040000 xr
RAM              0x0000000020000000 0x0000000000004000 xrw
*default*        0x0000000000000000 0xffffffffffffffff

Linker script and memory map


.text           0x0000000000000000     0x3a2c
 *(.isr_vector)
 .isr_vector    0x0000000000000000       0xc0 _build/gcc_startup_nrf51.o
                0x0000000000000000                __isr_vector
 *(.text*)
 .text          0x00000000000000c0       0x48 /usr/local/Cellar/arm-gcc-bin@8/8-2019-q3-update_1/bin/../lib/gcc/arm-none-eabi/8.3.1/thumb/v6-m/nofp/crtbegin.o
 .text          0x0000000000000108       0x78 /usr/local/Cellar/arm-gcc-bin@8/8-2019-q3-update_1/bin/../lib/gcc/arm-none-eabi/8.3.1/../../../../arm-none-eabi/lib/thumb/v6-m/nofp/crt0.o
                0x0000000000000108                _mainCRTStartup
                0x0000000000000108                _start
 .text.exit     0x0000000000000180       0x2c /usr/local/Cellar/arm-gcc-bin@8/8-2019-q3-update_1/bin/../lib/gcc/arm-none-eabi/8.3.1/../../../../arm-none-eabi/lib/thumb/v6-m/nofp/libc_nano.a(lib_a-exit.o)
                0x0000000000000180                exit
 .text.__libc_init_array
                0x00000000000001ac       0x48 /usr/local/Cellar/arm-gcc-bin@8/8-2019-q3-update_1/bin/../lib/gcc/arm-none-eabi/8.3.1/../../../../arm-none-eabi/lib/thumb/v6-m/nofp/libc_nano.a(lib_a-init.o)
                0x00000000000001ac                __libc_init_array
 .text.memset   0x00000000000001f4       0x10 /usr/local/Cellar/arm-gcc-bin@8/8-2019-q3-update_1/bin/../lib/gcc/arm-none-eabi/8.3.1/../../../../arm-none-eabi/lib/thumb/v6-m/nofp/libc_nano.a(lib_a-memset.o)
                0x00000000000001f4                memset
 .text._exit    0x0000000000000204        0x4 /usr/local/Cellar/arm-gcc-bin@8/8-2019-q3-update_1/bin/../lib/gcc/arm-none-eabi/8.3.1/../../../../arm-none-eabi/lib/thumb/v6-m/nofp/libnosys.a(_exit.o)
                0x0000000000000204                _exit
 .text.SystemInit
                0x0000000000000208       0xdc _build/system_nrf51.o
                0x0000000000000208                SystemInit
 .text.handler_debounce
                0x00000000000002e4      0x27c _build/main.o
 .text.handler_maintenance
                0x0000000000000560       0x24 _build/main.o
 .text.startup.main
                0x0000000000000584      0x11c _build/main.o
                0x0000000000000584                main
 .text.GPIOTE_IRQHandler
                0x00000000000006a0       0x70 _build/main.o
                0x00000000000006a0                GPIOTE_IRQHandler
 .text.nrf_gzll_device_tx_success
                0x0000000000000710       0x20 _build/main.o
                0x0000000000000710                nrf_gzll_device_tx_success
 .text.nrf_gzll_device_tx_failed
                0x0000000000000730        0x8 _build/main.o
                0x0000000000000730                nrf_gzll_device_tx_failed
 .text.nrf_gzll_host_rx_data_ready
                0x0000000000000738        0x8 _build/main.o
                0x0000000000000738                nrf_gzll_host_rx_data_ready
 .text.nrf_gzll_disabled
                0x0000000000000740        0x4 _build/main.o
                0x0000000000000740                nrf_gzll_disabled
 .text.nrf_drv_clock_init
                0x0000000000000744       0x3c _build/nrf_drv_clock.o
                0x0000000000000744                nrf_drv_clock_init
 .text.nrf_drv_clock_lfclk_request
                0x0000000000000780       0x60 _build/nrf_drv_clock.o
                0x0000000000000780                nrf_drv_clock_lfclk_request
 .text.POWER_CLOCK_IRQHandler
                0x00000000000007e0       0x78 _build/nrf_drv_clock.o
                0x00000000000007e0                POWER_CLOCK_IRQHandler
 .text.app_util_critical_region_enter
                0x0000000000000858       0x10 _build/app_util_platform.o
                0x0000000000000858                app_util_critical_region_enter
 .text.app_util_critical_region_exit
                0x0000000000000868       0x14 _build/app_util_platform.o
                0x0000000000000868                app_util_critical_region_exit
 .text.nrf_drv_common_irq_enable
                0x000000000000087c       0x68 _build/nrf_drv_common.o
                0x000000000000087c                nrf_drv_common_irq_enable
 .text.nrf_drv_rtc_init
                0x00000000000008e4       0x6c _build/nrf_drv_rtc.o
                0x00000000000008e4                nrf_drv_rtc_init
 .text.nrf_drv_rtc_enable
                0x0000000000000950       0x18 _build/nrf_drv_rtc.o
                0x0000000000000950                nrf_drv_rtc_enable
 .text.nrf_drv_rtc_disable
                0x0000000000000968       0x18 _build/nrf_drv_rtc.o
                0x0000000000000968                nrf_drv_rtc_disable
 .text.nrf_drv_rtc_tick_enable
                0x0000000000000980       0x24 _build/nrf_drv_rtc.o
                0x0000000000000980                nrf_drv_rtc_tick_enable
 .text.RTC0_IRQHandler
                0x00000000000009a4       0xa0 _build/nrf_drv_rtc.o
                0x00000000000009a4                RTC0_IRQHandler
 .text.RTC1_IRQHandler
                0x0000000000000a44       0xa0 _build/nrf_drv_rtc.o
                0x0000000000000a44                RTC1_IRQHandler
 .text          0x0000000000000ae4       0x4c _build/gcc_startup_nrf51.o
                0x0000000000000ae4                Reset_Handler
                0x0000000000000b24                NMI_Handler
                0x0000000000000b26                HardFault_Handler
                0x0000000000000b28                SVC_Handler
                0x0000000000000b2a                PendSV_Handler
                0x0000000000000b2c                SysTick_Handler
                0x0000000000000b2e                SWI5_IRQHandler
                0x0000000000000b2e                TIMER0_IRQHandler
                0x0000000000000b2e                TIMER1_IRQHandler
                0x0000000000000b2e                ECB_IRQHandler
                0x0000000000000b2e                Default_Handler
                0x0000000000000b2e                ADC_IRQHandler
                0x0000000000000b2e                SWI3_IRQHandler
                0x0000000000000b2e                CCM_AAR_IRQHandler
                0x0000000000000b2e                WDT_IRQHandler
                0x0000000000000b2e                SWI2_IRQHandler
                0x0000000000000b2e                RNG_IRQHandler
                0x0000000000000b2e                SPI1_TWI1_IRQHandler
                0x0000000000000b2e                SPI0_TWI0_IRQHandler
                0x0000000000000b2e                SWI1_IRQHandler
                0x0000000000000b2e                LPCOMP_IRQHandler
                0x0000000000000b2e                SWI4_IRQHandler
                0x0000000000000b2e                TEMP_IRQHandler
                0x0000000000000b2e                QDEC_IRQHandler
                0x0000000000000b2e                UART0_IRQHandler
 .text          0x0000000000000b30      0x864 /Users/jasonren/Desktop/PRJ/KBs/DEV/nRF5SDK110089a8197/components/properitary_rf/gzll/gcc/gzll_gcc.a(nrf_gzll.o)
                0x0000000000000b30                nrf_gzll_enable
                0x0000000000000b54                nrf_gzll_is_enabled
                0x0000000000000b60                nrf_gzll_disable
                0x0000000000000b76                nrf_gzll_add_packet_to_tx_fifo
                0x0000000000000bfc                nrf_gzll_fetch_packet_from_rx_fifo
                0x0000000000000c6c                nrf_gzll_get_tx_fifo_packet_count
                0x0000000000000c88                nrf_gzll_get_rx_fifo_packet_count
                0x0000000000000ca4                nrf_gzll_get_total_allocated_packet_count
                0x0000000000000cb0                nrf_gzll_ok_to_add_packet_to_tx_fifo
                0x0000000000000cec                nrf_gzll_flush_tx_fifo
                0x0000000000000d20                nrf_gzll_flush_rx_fifo
                0x0000000000000d40                nrf_gzll_set_mode
                0x0000000000000d70                nrf_gzll_get_mode
                0x0000000000000d9c                nrf_gzll_set_channel_table
                0x0000000000000df8                nrf_gzll_get_channel_table
                0x0000000000000e34                nrf_gzll_get_channel_table_size
                0x0000000000000e40                nrf_gzll_set_base_address_0
                0x0000000000000e68                nrf_gzll_get_base_address_0
                0x0000000000000e70                nrf_gzll_set_base_address_1
                0x0000000000000e98                nrf_gzll_get_base_address_1
                0x0000000000000ea0                nrf_gzll_set_address_prefix_byte
                0x0000000000000ed4                nrf_gzll_get_address_prefix_byte
                0x0000000000000efc                nrf_gzll_set_rx_pipes_enabled
                0x0000000000000f24                nrf_gzll_get_rx_pipes_enabled
                0x0000000000000f2c                nrf_gzll_set_datarate
                0x0000000000000f70                nrf_gzll_get_datarate
                0x0000000000000f88                nrf_gzll_set_tx_power
                0x0000000000000fe0                nrf_gzll_get_tx_power
                0x000000000000101e                nrf_gzll_set_timeslot_period
                0x0000000000001044                nrf_gzll_get_timeslot_period
                0x000000000000104c                nrf_gzll_set_sync_lifetime
                0x0000000000001074                nrf_gzll_get_sync_lifetime
                0x000000000000107c                nrf_gzll_set_timeslots_per_channel_when_device_out_of_sync
                0x00000000000010a4                nrf_gzll_get_timeslots_per_channel_when_device_out_of_sync
                0x00000000000010ac                nrf_gzll_set_timeslots_per_channel
                0x00000000000010d4                nrf_gzll_get_timeslots_per_channel
                0x00000000000010dc                nrf_gzll_set_max_tx_attempts
                0x0000000000001104                nrf_gzll_get_max_tx_attempts
                0x000000000000110c                nrf_gzll_set_device_channel_selection_policy
                0x0000000000001144                nrf_gzll_get_device_channel_selection_policy
                0x0000000000001152                nrf_gzll_set_xosc_ctl
                0x0000000000001188                nrf_gzll_init
                0x0000000000001214                nrf_gzll_get_xosc_ctl
                0x0000000000001222                nrf_gzll_clear_tick_count
                0x0000000000001230                nrf_gzll_get_tick_count
                0x000000000000123c                nrf_gzll_set_auto_disable
                0x0000000000001254                nrf_gzll_get_error_code
                0x0000000000001260                nrf_gzll_reset_error_code
                0x000000000000126c                nrf_gzll_get_internal_debug_code
                0x0000000000001278                nrf_gzll_reset_internal_debug_code
                0x0000000000001284                nrf_gzll_mode_changed
                0x0000000000001286                notification_cb
                0x0000000000001380                nrf_assert_internal_callback
 .text          0x0000000000001394     0x119c /Users/jasonren/Desktop/PRJ/KBs/DEV/nRF5SDK110089a8197/components/properitary_rf/gzll/gcc/gzll_gcc.a(nrf_impala.o)
                0x000000000000175c                nrf_gpio_debug_pin_write
                0x000000000000175e                nrf_impl_disable
                0x0000000000001788                nrf_impl_is_disabled
                0x0000000000001798                nrf_impl_get_mode
                0x00000000000017a4                nrf_impl_reserve_packet
                0x00000000000017b8                nrf_impl_free_packet
                0x00000000000017cc                nrf_impl_put_tx_fifo
                0x0000000000001804                nrf_impl_pop_rx_fifo
                0x0000000000001818                nrf_impl_read_rx_fifo
                0x0000000000001820                nrf_impl_read_tx_fifo
                0x0000000000001834                nrf_impl_get_tx_fifo_status
                0x000000000000183c                nrf_impl_get_rx_fifo_status
                0x0000000000001844                nrf_impl_get_available_fifo_packets
                0x000000000000184c                nrf_impl_flush_tx_fifo
                0x0000000000001880                nrf_impl_flush_rx_fifo
                0x0000000000001894                nrf_impl_set_pipe_0_base_address
                0x00000000000018b4                nrf_impl_get_pipe_0_base_address
                0x00000000000018c0                nrf_impl_set_pipes_1_to_7_base_address
                0x00000000000018dc                nrf_impl_get_pipes_1_to_7_base_address
                0x00000000000018e8                nrf_impl_set_prefix_byte
                0x0000000000001940                nrf_impl_get_prefix_byte
                0x0000000000001960                nrf_impl_set_channel_table
                0x0000000000001994                nrf_impl_set_sync_lifetime
                0x00000000000019a0                nrf_impl_get_sync_lifetime
                0x00000000000019ac                nrf_impl_set_base_address_length
                0x00000000000019d4                nrf_impl_get_base_address_length
                0x00000000000019e0                nrf_impl_set_rx_pipes_enabled
                0x00000000000019ec                nrf_impl_get_rx_pipes_enabled
                0x00000000000019f8                nrf_impl_set_timeslot_period
                0x0000000000001a04                nrf_impl_get_timeslot_period
                0x0000000000001a10                nrf_impl_set_timeslots_per_channel_when_in_sync
                0x0000000000001a20                nrf_impl_get_timeslots_per_channel_when_in_sync
                0x0000000000001a2c                nrf_impl_set_timeslots_per_channel_when_out_of_sync
                0x0000000000001a3c                nrf_impl_get_timeslots_per_channel_when_out_of_sync
                0x0000000000001a48                nrf_impl_set_max_allowed_tx_attempts
                0x0000000000001a54                nrf_impl_get_max_allowed_tx_attempts
                0x0000000000001a60                nrf_impl_set_tx_power
                0x0000000000001a7c                nrf_impl_get_tx_power
                0x0000000000001a88                nrf_impl_set_crc_length
                0x0000000000001b10                nrf_impl_get_crc_length
                0x0000000000001b1c                nrf_impl_set_datarate
                0x0000000000001da8                nrf_impl_set_mode
                0x0000000000001dd8                nrf_impl_enable
                0x0000000000001e38                nrf_impl_init
                0x0000000000001fbc                nrf_impl_get_datarate
                0x0000000000001fc8                nrf_impl_enable_rssi
                0x0000000000001fec                nrf_impl_set_channel_selection_policy
                0x0000000000001ff8                nrf_impl_get_channel_selection_policy
                0x0000000000002004                nrf_impl_set_idle_activity_config
                0x0000000000002010                nrf_impl_get_idle_activity_config
                0x000000000000201c                nrf_impl_set_xosc_ctl
                0x0000000000002028                nrf_impl_get_xosc_ctl
                0x0000000000002034                nrf_impl_set_dyn_ack_enable
                0x000000000000203c                nrf_impl_state_fun_device_send_packet
                0x0000000000002080                async_state_rx_active
                0x00000000000020b4                async_state_rx_enabling
                0x000000000000213c                async_state_tx_ack_complete
                0x0000000000002150                async_state_packet_received
                0x00000000000022f0                nrf_impl_state_fun_timeslot_start
 .text          0x0000000000002530      0x600 /Users/jasonren/Desktop/PRJ/KBs/DEV/nRF5SDK110089a8197/components/properitary_rf/gzll/gcc/gzll_gcc.a(nrf_link_core.o)
                0x0000000000002704                nrf_lcore_start_operation
                0x00000000000027ac                nrf_lcore_rx_address_match
                0x00000000000027bc                nrf_lcore_force_disable
                0x000000000000282c                nrf_lcore_init
                0x0000000000002884                RADIO_IRQHandler
                0x0000000000002a2c                TESTONLY_current_state_is_legal
                0x0000000000002a50                nrf_lcore_prepare_operation
                0x0000000000002b2c                print_lc_debug_info
 .text          0x0000000000002b30      0x108 /Users/jasonren/Desktop/PRJ/KBs/DEV/nRF5SDK110089a8197/components/properitary_rf/gzll/gcc/gzll_gcc.a(nrf_notification_manager.o)
                0x0000000000002b30                nrf_nm_init
                0x0000000000002b64                nrf_nm_add
                0x0000000000002bc8                nrf_nm_get_remaining_space_in_notification_queue
                0x0000000000002bdc                SWI0_IRQHandler
 .text          0x0000000000002c38      0x4d4 /Users/jasonren/Desktop/PRJ/KBs/DEV/nRF5SDK110089a8197/components/properitary_rf/gzll/gcc/gzll_gcc.a(nrf_packet_manager.o)
                0x0000000000002c6c                nrf_pm_init
                0x0000000000002cc8                nrf_pm_get_ack_payload_pending
                0x0000000000002cd4                nrf_pm_there_is_ptx_packet_to_be_serviced
                0x0000000000002ce0                nrf_pm_get_current_ptx_pipe
                0x0000000000002cec                nrf_pm_get_current_ptx_packet
                0x0000000000002cf8                nrf_pm_get_current_ptx_ack_ptr
                0x0000000000002d04                nrf_pm_start_prx
                0x0000000000002d50                nrf_pm_search_for_ptx_pipe_to_service
                0x0000000000002dd0                nrf_pm_end_prx
                0x0000000000002f08                nrf_pm_end_ptx
                0x0000000000002fa0                nrf_pm_get_state
                0x0000000000002fac                nrf_pm_put_tx_fifo
                0x0000000000002fd2                nrf_pm_read_tx_fifo
                0x0000000000002fda                nrf_pm_flush_tx_fifo
                0x0000000000002fea                nrf_pm_get_tx_fifo_status
                0x0000000000002ff2                nrf_pm_read_rx_fifo
                0x0000000000002ffc                nrf_pm_pop_rx_fifo
                0x0000000000003006                nrf_pm_flush_rx_fifo
                0x0000000000003010                nrf_pm_get_rx_fifo_status
                0x000000000000301a                nrf_pm_start_ptx
                0x00000000000030d8                nrf_pm_reserve_packet
                0x00000000000030e0                nrf_pm_free_packet
                0x00000000000030e8                nrf_pm_get_available_fifo_packets
                0x00000000000030f0                nrf_pm_set_dyn_ack_status
                0x00000000000030fc                nrf_pm_get_dyn_ack_status
                0x0000000000003108                pm_tx_pipe_to_nrf_fifo_pipe
 .text          0x000000000000310c       0x70 /Users/jasonren/Desktop/PRJ/KBs/DEV/nRF5SDK110089a8197/components/properitary_rf/gzll/gcc/gzll_gcc.a(nrf_state_machine.o)
                0x000000000000310c                nrf_sm_init
                0x000000000000311c                nrf_sm_set_next_state
                0x0000000000003138                nrf_sm_get_current_state
                0x0000000000003144                nrf_sm_get_prev_state
                0x0000000000003150                nrf_sm_get_next_state
                0x000000000000315c                nrf_sm_execute
 .text          0x000000000000317c        0x8 /Users/jasonren/Desktop/PRJ/KBs/DEV/nRF5SDK110089a8197/components/properitary_rf/gzll/gcc/gzll_gcc.a(nrf_assert_internal.o)
                0x000000000000317c                NRF_ASSERT_INTERNAL_parse_and_forward
 .text          0x0000000000003184      0x20c /Users/jasonren/Desktop/PRJ/KBs/DEV/nRF5SDK110089a8197/components/properitary_rf/gzll/gcc/gzll_gcc.a(nrf_channel_manager.o)
                0x0000000000003184                nrf_chm_init
                0x00000000000031a4                nrf_chm_execute_single_tick
                0x00000000000031d0                nrf_chm_execute_ticks
                0x0000000000003234                nrf_chm_ticks_until_channel_switch
                0x0000000000003244                nrf_chm_ticks_until_desired_channel
                0x0000000000003284                nrf_chm_ticks_until_current_timeslot_in_range
                0x00000000000032c8                nrf_chm_ticks_until_current_timeslot_in_range_on_desired_channel
                0x0000000000003308                nrf_chm_get_current_channel
                0x0000000000003330                nrf_chm_set_current_channel_index
                0x0000000000003354                nrf_chm_get_current_channel_index
                0x0000000000003360                nrf_chm_set_current_timeslot
                0x0000000000003384                nrf_chm_get_current_timeslot
 .text          0x0000000000003390      0x294 /Users/jasonren/Desktop/PRJ/KBs/DEV/nRF5SDK110089a8197/components/properitary_rf/gzll/gcc/gzll_gcc.a(nrf_fifo.o)
                0x00000000000033e0                nrf_fifo_init
                0x0000000000003434                nrf_fifo_reserve_packet
                0x0000000000003470                nrf_fifo_free_packet
                0x00000000000034cc                nrf_fifo_put_packet
                0x0000000000003538                nrf_fifo_pop_packet
                0x0000000000003588                nrf_fifo_read_packet
                0x00000000000035bc                nrf_fifo_get_packet_count
                0x00000000000035dc                nrf_fifo_get_available_packet_count
                0x00000000000035e8                nrf_fifo_flush
 .text          0x0000000000003624      0x258 /Users/jasonren/Desktop/PRJ/KBs/DEV/nRF5SDK110089a8197/components/properitary_rf/gzll/gcc/gzll_gcc.a(nrf_flywheel.o)
                0x0000000000003624                nrf_flw_init
                0x000000000000369c                nrf_flw_start
                0x00000000000036b4                nrf_flw_stop
                0x00000000000036ec                nrf_flw_get_runstate
                0x00000000000036f8                nrf_flw_task_is_delayed
                0x0000000000003704                NRF_flw_prepare_call
                0x0000000000003800                nrf_flw_get_ext_capture_task
                0x0000000000003808                nrf_flw_get_flw_call_event
                0x0000000000003810                TIMER2_IRQHandler
 .text          0x000000000000387c       0x14 /usr/local/Cellar/arm-gcc-bin@8/8-2019-q3-update_1/bin/../lib/gcc/arm-none-eabi/8.3.1/thumb/v6-m/nofp/libgcc.a(_thumb1_case_uqi.o)
                0x000000000000387c                __gnu_thumb1_case_uqi
 .text          0x0000000000003890      0x114 /usr/local/Cellar/arm-gcc-bin@8/8-2019-q3-update_1/bin/../lib/gcc/arm-none-eabi/8.3.1/thumb/v6-m/nofp/libgcc.a(_udivsi3.o)
                0x0000000000003890                __udivsi3
                0x0000000000003890                __aeabi_uidiv
                0x000000000000399c                __aeabi_uidivmod
 .text          0x00000000000039a4        0x4 /usr/local/Cellar/arm-gcc-bin@8/8-2019-q3-update_1/bin/../lib/gcc/arm-none-eabi/8.3.1/thumb/v6-m/nofp/libgcc.a(_dvmd_tls.o)
                0x00000000000039a4                __aeabi_ldiv0
                0x00000000000039a4                __aeabi_idiv0
 .text.memcpy   0x00000000000039a8       0x12 /usr/local/Cellar/arm-gcc-bin@8/8-2019-q3-update_1/bin/../lib/gcc/arm-none-eabi/8.3.1/../../../../arm-none-eabi/lib/thumb/v6-m/nofp/libc_nano.a(lib_a-memcpy-stub.o)
                0x00000000000039a8                memcpy
 *(.init)
 *fill*         0x00000000000039ba        0x2 
 .init          0x00000000000039bc        0x4 /usr/local/Cellar/arm-gcc-bin@8/8-2019-q3-update_1/bin/../lib/gcc/arm-none-eabi/8.3.1/thumb/v6-m/nofp/crti.o
                0x00000000000039bc                _init
 .init          0x00000000000039c0        0x8 /usr/local/Cellar/arm-gcc-bin@8/8-2019-q3-update_1/bin/../lib/gcc/arm-none-eabi/8.3.1/thumb/v6-m/nofp/crtn.o
 *(.fini)
 .fini          0x00000000000039c8        0x4 /usr/local/Cellar/arm-gcc-bin@8/8-2019-q3-update_1/bin/../lib/gcc/arm-none-eabi/8.3.1/thumb/v6-m/nofp/crti.o
                0x00000000000039c8                _fini
 .fini          0x00000000000039cc        0x8 /usr/local/Cellar/arm-gcc-bin@8/8-2019-q3-update_1/bin/../lib/gcc/arm-none-eabi/8.3.1/thumb/v6-m/nofp/crtn.o
 *crtbegin.o(.ctors)
 *crtbegin?.o(.ctors)
 *(EXCLUDE_FILE(*crtend.o *crtend?.o) .ctors)
 *(SORT_BY_NAME(.ctors.*))
 *(.ctors)
 *crtbegin.o(.dtors)
 *crtbegin?.o(.dtors)
 *(EXCLUDE_FILE(*crtend.o *crtend?.o) .dtors)
 *(SORT_BY_NAME(.dtors.*))
 *(.dtors)
 *(.rodata*)
 .rodata._global_impure_ptr
                0x00000000000039d4        0x4 /usr/local/Cellar/arm-gcc-bin@8/8-2019-q3-update_1/bin/../lib/gcc/arm-none-eabi/8.3.1/../../../../arm-none-eabi/lib/thumb/v6-m/nofp/libc_nano.a(lib_a-impure.o)
                0x00000000000039d4                _global_impure_ptr
 .rodata.rtc_deb
                0x00000000000039d8        0x8 _build/main.o
                0x00000000000039d8                rtc_deb
 .rodata.rtc_maint
                0x00000000000039e0        0x8 _build/main.o
                0x00000000000039e0                rtc_maint
 .rodata.m_default_config
                0x00000000000039e8        0xc _build/nrf_drv_rtc.o
 .rodata        0x00000000000039f4        0x2 /Users/jasonren/Desktop/PRJ/KBs/DEV/nRF5SDK110089a8197/components/properitary_rf/gzll/gcc/gzll_gcc.a(nrf_gzll.o)
 *fill*         0x00000000000039f6        0x2 
 .rodata        0x00000000000039f8       0x30 /Users/jasonren/Desktop/PRJ/KBs/DEV/nRF5SDK110089a8197/components/properitary_rf/gzll/gcc/gzll_gcc.a(nrf_link_core.o)
 *(.eh_frame*)
 .eh_frame      0x0000000000003a28        0x0 /usr/local/Cellar/arm-gcc-bin@8/8-2019-q3-update_1/bin/../lib/gcc/arm-none-eabi/8.3.1/thumb/v6-m/nofp/crtbegin.o
 .eh_frame      0x0000000000003a28        0x4 /usr/local/Cellar/arm-gcc-bin@8/8-2019-q3-update_1/bin/../lib/gcc/arm-none-eabi/8.3.1/thumb/v6-m/nofp/crtend.o

.glue_7         0x0000000000003a2c        0x0
 .glue_7        0x0000000000003a2c        0x0 linker stubs

.glue_7t        0x0000000000003a2c        0x0
 .glue_7t       0x0000000000003a2c        0x0 linker stubs

.vfp11_veneer   0x0000000000003a2c        0x0
 .vfp11_veneer  0x0000000000003a2c        0x0 linker stubs

.v4_bx          0x0000000000003a2c        0x0
 .v4_bx         0x0000000000003a2c        0x0 linker stubs

.iplt           0x0000000000003a2c        0x0
 .iplt          0x0000000000003a2c        0x0 /usr/local/Cellar/arm-gcc-bin@8/8-2019-q3-update_1/bin/../lib/gcc/arm-none-eabi/8.3.1/thumb/v6-m/nofp/crtbegin.o

.ARM.extab
 *(.ARM.extab* .gnu.linkonce.armextab.*)
                0x0000000000003a2c                __exidx_start = .

.ARM.exidx      0x0000000000003a2c        0x8
 *(.ARM.exidx* .gnu.linkonce.armexidx.*)
 .ARM.exidx     0x0000000000003a2c        0x8 /usr/local/Cellar/arm-gcc-bin@8/8-2019-q3-update_1/bin/../lib/gcc/arm-none-eabi/8.3.1/../../../../arm-none-eabi/lib/thumb/v6-m/nofp/crt0.o
                0x0000000000003a34                __exidx_end = .
                0x0000000000003a34                __etext = .

.rel.dyn        0x0000000000003a34        0x0
 .rel.iplt      0x0000000000003a34        0x0 /usr/local/Cellar/arm-gcc-bin@8/8-2019-q3-update_1/bin/../lib/gcc/arm-none-eabi/8.3.1/thumb/v6-m/nofp/crtbegin.o

.data           0x0000000020000000       0x94 load address 0x0000000000003a34
                0x0000000020000000                __data_start__ = .
 *(vtable)
 *(.data*)
 .data.impure_data
                0x0000000020000000       0x60 /usr/local/Cellar/arm-gcc-bin@8/8-2019-q3-update_1/bin/../lib/gcc/arm-none-eabi/8.3.1/../../../../arm-none-eabi/lib/thumb/v6-m/nofp/libc_nano.a(lib_a-impure.o)
 .data.channel_table
                0x0000000020000060        0x3 _build/main.o
 *fill*         0x0000000020000063        0x1 
 .data.cols_pin
                0x0000000020000064        0x9 _build/main.o
                0x0000000020000064                cols_pin
 *fill*         0x000000002000006d        0x3 
 .data          0x0000000020000070       0x14 /Users/jasonren/Desktop/PRJ/KBs/DEV/nRF5SDK110089a8197/components/properitary_rf/gzll/gcc/gzll_gcc.a(nrf_gzll.o)
 .data          0x0000000020000084        0x8 /Users/jasonren/Desktop/PRJ/KBs/DEV/nRF5SDK110089a8197/components/properitary_rf/gzll/gcc/gzll_gcc.a(nrf_state_machine.o)
                0x0000000020000084                state_functions
                0x000000002000008c                . = ALIGN (0x4)
                0x000000002000008c                PROVIDE (__preinit_array_start = .)
 *(.preinit_array)
                0x000000002000008c                PROVIDE (__preinit_array_end = .)
                0x000000002000008c                . = ALIGN (0x4)
                0x000000002000008c                PROVIDE (__init_array_start = .)
 *(SORT_BY_NAME(.init_array.*))
 *(.init_array)
 .init_array    0x000000002000008c        0x4 /usr/local/Cellar/arm-gcc-bin@8/8-2019-q3-update_1/bin/../lib/gcc/arm-none-eabi/8.3.1/thumb/v6-m/nofp/crtbegin.o
                0x0000000020000090                PROVIDE (__init_array_end = .)
                0x0000000020000090                . = ALIGN (0x4)
                [!provide]                        PROVIDE (__fini_array_start = .)
 *(SORT_BY_NAME(.fini_array.*))
 *(.fini_array)
 .fini_array    0x0000000020000090        0x4 /usr/local/Cellar/arm-gcc-bin@8/8-2019-q3-update_1/bin/../lib/gcc/arm-none-eabi/8.3.1/thumb/v6-m/nofp/crtbegin.o
                [!provide]                        PROVIDE (__fini_array_end = .)
 *(.jcr*)
                0x0000000020000094                . = ALIGN (0x4)
                0x0000000020000094                __data_end__ = .
LOAD /usr/local/Cellar/arm-gcc-bin@8/8-2019-q3-update_1/bin/../lib/gcc/arm-none-eabi/8.3.1/thumb/v6-m/nofp/crti.o
LOAD /usr/local/Cellar/arm-gcc-bin@8/8-2019-q3-update_1/bin/../lib/gcc/arm-none-eabi/8.3.1/thumb/v6-m/nofp/crtbegin.o
LOAD /usr/local/Cellar/arm-gcc-bin@8/8-2019-q3-update_1/bin/../lib/gcc/arm-none-eabi/8.3.1/../../../../arm-none-eabi/lib/thumb/v6-m/nofp/crt0.o
LOAD /usr/local/Cellar/arm-gcc-bin@8/8-2019-q3-update_1/bin/../lib/gcc/arm-none-eabi/8.3.1/../../../../arm-none-eabi/lib/thumb/v6-m/nofp/libc_nano.a
LOAD /usr/local/Cellar/arm-gcc-bin@8/8-2019-q3-update_1/bin/../lib/gcc/arm-none-eabi/8.3.1/../../../../arm-none-eabi/lib/thumb/v6-m/nofp/libnosys.a
LOAD _build/system_nrf51.o
LOAD _build/main.o
LOAD _build/nrf_delay.o
LOAD _build/nrf_drv_clock.o
LOAD _build/app_util_platform.o
LOAD _build/nrf_drv_common.o
LOAD _build/nrf_drv_rtc.o
LOAD _build/gcc_startup_nrf51.o
LOAD /Users/jasonren/Desktop/PRJ/KBs/DEV/nRF5SDK110089a8197/components/properitary_rf/gzll/gcc/gzll_gcc.a
LOAD /usr/local/Cellar/arm-gcc-bin@8/8-2019-q3-update_1/bin/../lib/gcc/arm-none-eabi/8.3.1/../../../../arm-none-eabi/lib/thumb/v6-m/nofp/libm.a
START GROUP
LOAD /usr/local/Cellar/arm-gcc-bin@8/8-2019-q3-update_1/bin/../lib/gcc/arm-none-eabi/8.3.1/thumb/v6-m/nofp/libgcc.a
LOAD /usr/local/Cellar/arm-gcc-bin@8/8-2019-q3-update_1/bin/../lib/gcc/arm-none-eabi/8.3.1/../../../../arm-none-eabi/lib/thumb/v6-m/nofp/libc_nano.a
END GROUP
START GROUP
LOAD /usr/local/Cellar/arm-gcc-bin@8/8-2019-q3-update_1/bin/../lib/gcc/arm-none-eabi/8.3.1/thumb/v6-m/nofp/libgcc.a
LOAD /usr/local/Cellar/arm-gcc-bin@8/8-2019-q3-update_1/bin/../lib/gcc/arm-none-eabi/8.3.1/../../../../arm-none-eabi/lib/thumb/v6-m/nofp/libc_nano.a
END GROUP
LOAD /usr/local/Cellar/arm-gcc-bin@8/8-2019-q3-update_1/bin/../lib/gcc/arm-none-eabi/8.3.1/thumb/v6-m/nofp/crtend.o
LOAD /usr/local/Cellar/arm-gcc-bin@8/8-2019-q3-update_1/bin/../lib/gcc/arm-none-eabi/8.3.1/thumb/v6-m/nofp/crtn.o
START GROUP
LOAD /usr/local/Cellar/arm-gcc-bin@8/8-2019-q3-update_1/bin/../lib/gcc/arm-none-eabi/8.3.1/thumb/v6-m/nofp/libgcc.a
LOAD /usr/local/Cellar/arm-gcc-bin@8/8-2019-q3-update_1/bin/../lib/gcc/arm-none-eabi/8.3.1/../../../../arm-none-eabi/lib/thumb/v6-m/nofp/libc.a
LOAD /usr/local/Cellar/arm-gcc-bin@8/8-2019-q3-update_1/bin/../lib/gcc/arm-none-eabi/8.3.1/../../../../arm-none-eabi/lib/thumb/v6-m/nofp/libnosys.a
END GROUP

.igot.plt       0x0000000020000094        0x0 load address 0x0000000000003ac8
 .igot.plt      0x0000000020000094        0x0 /usr/local/Cellar/arm-gcc-bin@8/8-2019-q3-update_1/bin/../lib/gcc/arm-none-eabi/8.3.1/thumb/v6-m/nofp/crtbegin.o

.fs_data        0x0000000020000094        0x0
                [!provide]                        PROVIDE (__start_fs_data = .)
 *(.fs_data)
                [!provide]                        PROVIDE (__stop_fs_data = .)

.bss            0x0000000020000094      0x478 load address 0x0000000000003ac8
                0x0000000020000094                . = ALIGN (0x4)
                0x0000000020000094                __bss_start__ = .
 *(.bss*)
 .bss           0x0000000020000094       0x1c /usr/local/Cellar/arm-gcc-bin@8/8-2019-q3-update_1/bin/../lib/gcc/arm-none-eabi/8.3.1/thumb/v6-m/nofp/crtbegin.o
 .bss.ack_payload
                0x00000000200000b0       0x20 _build/main.o
 .bss.activity_ticks
                0x00000000200000d0        0x4 _build/main.o
 .bss.data_payload
                0x00000000200000d4        0x9 _build/main.o
 *fill*         0x00000000200000dd        0x3 
 .bss.debounce_ticks
                0x00000000200000e0        0x4 _build/main.o
 .bss.debouncing
                0x00000000200000e4        0x1 _build/main.o
 *fill*         0x00000000200000e5        0x3 
 .bss.keys      0x00000000200000e8        0x9 _build/main.o
 *fill*         0x00000000200000f1        0x3 
 .bss.keys_buffer
                0x00000000200000f4        0x9 _build/main.o
 *fill*         0x00000000200000fd        0x3 
 .bss.keys_snapshot
                0x0000000020000100        0x9 _build/main.o
 *fill*         0x0000000020000109        0x3 
 .bss.m_clock_cb
                0x000000002000010c       0x14 _build/nrf_drv_clock.o
 .bss.m_in_critical_region
                0x0000000020000120        0x4 _build/app_util_platform.o
 .bss.m_cb      0x0000000020000124        0x6 _build/nrf_drv_rtc.o
 *fill*         0x000000002000012a        0x2 
 .bss.m_handlers
                0x000000002000012c        0x8 _build/nrf_drv_rtc.o
 .bss           0x0000000020000134       0x18 /Users/jasonren/Desktop/PRJ/KBs/DEV/nRF5SDK110089a8197/components/properitary_rf/gzll/gcc/gzll_gcc.a(nrf_gzll.o)
                0x0000000020000148                assert_count
 .bss           0x000000002000014c       0x10 /Users/jasonren/Desktop/PRJ/KBs/DEV/nRF5SDK110089a8197/components/properitary_rf/gzll/gcc/gzll_gcc.a(nrf_impala.o)
 .bss           0x000000002000015c        0x4 /Users/jasonren/Desktop/PRJ/KBs/DEV/nRF5SDK110089a8197/components/properitary_rf/gzll/gcc/gzll_gcc.a(nrf_link_core.o)
 .bss           0x0000000020000160        0xc /Users/jasonren/Desktop/PRJ/KBs/DEV/nRF5SDK110089a8197/components/properitary_rf/gzll/gcc/gzll_gcc.a(nrf_channel_manager.o)
 .bss           0x000000002000016c        0x8 /Users/jasonren/Desktop/PRJ/KBs/DEV/nRF5SDK110089a8197/components/properitary_rf/gzll/gcc/gzll_gcc.a(nrf_flywheel.o)
 *(COMMON)
 COMMON         0x0000000020000174        0x1 /Users/jasonren/Desktop/PRJ/KBs/DEV/nRF5SDK110089a8197/components/properitary_rf/gzll/gcc/gzll_gcc.a(nrf_gzll.o)
                0x0000000020000174                nrf_gzll_error_code
 *fill*         0x0000000020000175        0x3 
 COMMON         0x0000000020000178       0x6c /Users/jasonren/Desktop/PRJ/KBs/DEV/nRF5SDK110089a8197/components/properitary_rf/gzll/gcc/gzll_gcc.a(nrf_impala.o)
                0x0000000020000178                nrf_impl_status
                0x0000000020000194                lcore_config
                0x00000000200001ac                impl_async_state
                0x00000000200001b0                impl_internal_params
 COMMON         0x00000000200001e4       0x24 /Users/jasonren/Desktop/PRJ/KBs/DEV/nRF5SDK110089a8197/components/properitary_rf/gzll/gcc/gzll_gcc.a(nrf_link_core.o)
                0x00000000200001e4                nrf_lcore_status
 COMMON         0x0000000020000208       0x88 /Users/jasonren/Desktop/PRJ/KBs/DEV/nRF5SDK110089a8197/components/properitary_rf/gzll/gcc/gzll_gcc.a(nrf_notification_manager.o)
                0x0000000020000208                nm_status
 COMMON         0x0000000020000290       0x9c /Users/jasonren/Desktop/PRJ/KBs/DEV/nRF5SDK110089a8197/components/properitary_rf/gzll/gcc/gzll_gcc.a(nrf_packet_manager.o)
                0x0000000020000290                pm_status
                0x0000000020000324                nrf_pm_ack_payload_pending
 COMMON         0x000000002000032c        0x3 /Users/jasonren/Desktop/PRJ/KBs/DEV/nRF5SDK110089a8197/components/properitary_rf/gzll/gcc/gzll_gcc.a(nrf_state_machine.o)
                0x000000002000032c                sm_status
 *fill*         0x000000002000032f        0x1 
 COMMON         0x0000000020000330      0x1d8 /Users/jasonren/Desktop/PRJ/KBs/DEV/nRF5SDK110089a8197/components/properitary_rf/gzll/gcc/gzll_gcc.a(nrf_fifo.o)
                0x0000000020000330                available_packet_count
                0x0000000020000334                available_packets
                0x000000002000034c                pipe_status
                0x000000002000037c                fifo_contents
                0x000000002000043c                packet_pool
 COMMON         0x0000000020000508        0x1 /Users/jasonren/Desktop/PRJ/KBs/DEV/nRF5SDK110089a8197/components/properitary_rf/gzll/gcc/gzll_gcc.a(nrf_flywheel.o)
                0x0000000020000508                runstate
                0x000000002000050c                . = ALIGN (0x4)
 *fill*         0x0000000020000509        0x3 
                0x000000002000050c                __bss_end__ = .

.heap           0x0000000020000510      0x800
                0x0000000020000510                __end__ = .
                [!provide]                        PROVIDE (end = .)
 *(.heap*)
 .heap          0x0000000020000510      0x800 _build/gcc_startup_nrf51.o
                0x0000000020000510                __HeapBase
                0x0000000020000d10                __HeapLimit = .

.stack_dummy    0x0000000020000510      0x800
 *(.stack*)
 .stack         0x0000000020000510      0x800 _build/gcc_startup_nrf51.o
                0x0000000020004000                __StackTop = (ORIGIN (RAM) + LENGTH (RAM))
                0x0000000020003800                __StackLimit = (__StackTop - SIZEOF (.stack_dummy))
                0x0000000020004000                PROVIDE (__stack = __StackTop)
                0x0000000000000001                ASSERT ((__StackLimit >= __HeapLimit), region RAM overflowed with stack)
OUTPUT(_build/nrf51822_xxac-keyboard-left.out elf32-littlearm)

.ARM.attributes
                0x0000000000000000       0x28
 .ARM.attributes
                0x0000000000000000       0x1e /usr/local/Cellar/arm-gcc-bin@8/8-2019-q3-update_1/bin/../lib/gcc/arm-none-eabi/8.3.1/thumb/v6-m/nofp/crti.o
 .ARM.attributes
                0x000000000000001e       0x2c /usr/local/Cellar/arm-gcc-bin@8/8-2019-q3-update_1/bin/../lib/gcc/arm-none-eabi/8.3.1/thumb/v6-m/nofp/crtbegin.o
 .ARM.attributes
                0x000000000000004a       0x1b /usr/local/Cellar/arm-gcc-bin@8/8-2019-q3-update_1/bin/../lib/gcc/arm-none-eabi/8.3.1/../../../../arm-none-eabi/lib/thumb/v6-m/nofp/crt0.o
 .ARM.attributes
                0x0000000000000065       0x2c /usr/local/Cellar/arm-gcc-bin@8/8-2019-q3-update_1/bin/../lib/gcc/arm-none-eabi/8.3.1/../../../../arm-none-eabi/lib/thumb/v6-m/nofp/libc_nano.a(lib_a-exit.o)
 .ARM.attributes
                0x0000000000000091       0x2c /usr/local/Cellar/arm-gcc-bin@8/8-2019-q3-update_1/bin/../lib/gcc/arm-none-eabi/8.3.1/../../../../arm-none-eabi/lib/thumb/v6-m/nofp/libc_nano.a(lib_a-impure.o)
 .ARM.attributes
                0x00000000000000bd       0x2c /usr/local/Cellar/arm-gcc-bin@8/8-2019-q3-update_1/bin/../lib/gcc/arm-none-eabi/8.3.1/../../../../arm-none-eabi/lib/thumb/v6-m/nofp/libc_nano.a(lib_a-init.o)
 .ARM.attributes
                0x00000000000000e9       0x2c /usr/local/Cellar/arm-gcc-bin@8/8-2019-q3-update_1/bin/../lib/gcc/arm-none-eabi/8.3.1/../../../../arm-none-eabi/lib/thumb/v6-m/nofp/libc_nano.a(lib_a-memset.o)
 .ARM.attributes
                0x0000000000000115       0x2c /usr/local/Cellar/arm-gcc-bin@8/8-2019-q3-update_1/bin/../lib/gcc/arm-none-eabi/8.3.1/../../../../arm-none-eabi/lib/thumb/v6-m/nofp/libnosys.a(_exit.o)
 .ARM.attributes
                0x0000000000000141       0x2c _build/system_nrf51.o
 .ARM.attributes
                0x000000000000016d       0x2c _build/main.o
 .ARM.attributes
                0x0000000000000199       0x2c _build/nrf_drv_clock.o
 .ARM.attributes
                0x00000000000001c5       0x2c _build/app_util_platform.o
 .ARM.attributes
                0x00000000000001f1       0x2c _build/nrf_drv_common.o
 .ARM.attributes
                0x000000000000021d       0x2c _build/nrf_drv_rtc.o
 .ARM.attributes
                0x0000000000000249       0x1b _build/gcc_startup_nrf51.o
 .ARM.attributes
                0x0000000000000264       0x31 /Users/jasonren/Desktop/PRJ/KBs/DEV/nRF5SDK110089a8197/components/properitary_rf/gzll/gcc/gzll_gcc.a(nrf_gzll.o)
 .ARM.attributes
                0x0000000000000295       0x31 /Users/jasonren/Desktop/PRJ/KBs/DEV/nRF5SDK110089a8197/components/properitary_rf/gzll/gcc/gzll_gcc.a(nrf_impala.o)
 .ARM.attributes
                0x00000000000002c6       0x31 /Users/jasonren/Desktop/PRJ/KBs/DEV/nRF5SDK110089a8197/components/properitary_rf/gzll/gcc/gzll_gcc.a(nrf_link_core.o)
 .ARM.attributes
                0x00000000000002f7       0x31 /Users/jasonren/Desktop/PRJ/KBs/DEV/nRF5SDK110089a8197/components/properitary_rf/gzll/gcc/gzll_gcc.a(nrf_notification_manager.o)
 .ARM.attributes
                0x0000000000000328       0x31 /Users/jasonren/Desktop/PRJ/KBs/DEV/nRF5SDK110089a8197/components/properitary_rf/gzll/gcc/gzll_gcc.a(nrf_packet_manager.o)
 .ARM.attributes
                0x0000000000000359       0x31 /Users/jasonren/Desktop/PRJ/KBs/DEV/nRF5SDK110089a8197/components/properitary_rf/gzll/gcc/gzll_gcc.a(nrf_state_machine.o)
 .ARM.attributes
                0x000000000000038a       0x31 /Users/jasonren/Desktop/PRJ/KBs/DEV/nRF5SDK110089a8197/components/properitary_rf/gzll/gcc/gzll_gcc.a(nrf_assert_internal.o)
 .ARM.attributes
                0x00000000000003bb       0x31 /Users/jasonren/Desktop/PRJ/KBs/DEV/nRF5SDK110089a8197/components/properitary_rf/gzll/gcc/gzll_gcc.a(nrf_channel_manager.o)
 .ARM.attributes
                0x00000000000003ec       0x31 /Users/jasonren/Desktop/PRJ/KBs/DEV/nRF5SDK110089a8197/components/properitary_rf/gzll/gcc/gzll_gcc.a(nrf_fifo.o)
 .ARM.attributes
                0x000000000000041d       0x31 /Users/jasonren/Desktop/PRJ/KBs/DEV/nRF5SDK110089a8197/components/properitary_rf/gzll/gcc/gzll_gcc.a(nrf_flywheel.o)
 .ARM.attributes
                0x000000000000044e       0x1e /usr/local/Cellar/arm-gcc-bin@8/8-2019-q3-update_1/bin/../lib/gcc/arm-none-eabi/8.3.1/thumb/v6-m/nofp/libgcc.a(_thumb1_case_uqi.o)
 .ARM.attributes
                0x000000000000046c       0x1e /usr/local/Cellar/arm-gcc-bin@8/8-2019-q3-update_1/bin/../lib/gcc/arm-none-eabi/8.3.1/thumb/v6-m/nofp/libgcc.a(_udivsi3.o)
 .ARM.attributes
                0x000000000000048a       0x1e /usr/local/Cellar/arm-gcc-bin@8/8-2019-q3-update_1/bin/../lib/gcc/arm-none-eabi/8.3.1/thumb/v6-m/nofp/libgcc.a(_dvmd_tls.o)
 .ARM.attributes
                0x00000000000004a8       0x2c /usr/local/Cellar/arm-gcc-bin@8/8-2019-q3-update_1/bin/../lib/gcc/arm-none-eabi/8.3.1/../../../../arm-none-eabi/lib/thumb/v6-m/nofp/libc_nano.a(lib_a-memcpy-stub.o)
 .ARM.attributes
                0x00000000000004d4       0x2c /usr/local/Cellar/arm-gcc-bin@8/8-2019-q3-update_1/bin/../lib/gcc/arm-none-eabi/8.3.1/thumb/v6-m/nofp/crtend.o
 .ARM.attributes
                0x0000000000000500       0x1e /usr/local/Cellar/arm-gcc-bin@8/8-2019-q3-update_1/bin/../lib/gcc/arm-none-eabi/8.3.1/thumb/v6-m/nofp/crtn.o

.comment        0x0000000000000000       0xe6
 .comment       0x0000000000000000       0x76 _build/system_nrf51.o
                                         0x77 (size before relaxing)
 .comment       0x0000000000000076       0x77 _build/main.o
 .comment       0x0000000000000076       0x77 _build/nrf_drv_clock.o
 .comment       0x0000000000000076       0x77 _build/app_util_platform.o
 .comment       0x0000000000000076       0x77 _build/nrf_drv_common.o
 .comment       0x0000000000000076       0x77 _build/nrf_drv_rtc.o
 .comment       0x0000000000000076       0x70 /Users/jasonren/Desktop/PRJ/KBs/DEV/nRF5SDK110089a8197/components/properitary_rf/gzll/gcc/gzll_gcc.a(nrf_gzll.o)
                                         0x71 (size before relaxing)
 .comment       0x00000000000000e6       0x71 /Users/jasonren/Desktop/PRJ/KBs/DEV/nRF5SDK110089a8197/components/properitary_rf/gzll/gcc/gzll_gcc.a(nrf_impala.o)
 .comment       0x00000000000000e6       0x71 /Users/jasonren/Desktop/PRJ/KBs/DEV/nRF5SDK110089a8197/components/properitary_rf/gzll/gcc/gzll_gcc.a(nrf_link_core.o)
 .comment       0x00000000000000e6       0x71 /Users/jasonren/Desktop/PRJ/KBs/DEV/nRF5SDK110089a8197/components/properitary_rf/gzll/gcc/gzll_gcc.a(nrf_notification_manager.o)
 .comment       0x00000000000000e6       0x71 /Users/jasonren/Desktop/PRJ/KBs/DEV/nRF5SDK110089a8197/components/properitary_rf/gzll/gcc/gzll_gcc.a(nrf_packet_manager.o)
 .comment       0x00000000000000e6       0x71 /Users/jasonren/Desktop/PRJ/KBs/DEV/nRF5SDK110089a8197/components/properitary_rf/gzll/gcc/gzll_gcc.a(nrf_state_machine.o)
 .comment       0x00000000000000e6       0x71 /Users/jasonren/Desktop/PRJ/KBs/DEV/nRF5SDK110089a8197/components/properitary_rf/gzll/gcc/gzll_gcc.a(nrf_assert_internal.o)
 .comment       0x00000000000000e6       0x71 /Users/jasonren/Desktop/PRJ/KBs/DEV/nRF5SDK110089a8197/components/properitary_rf/gzll/gcc/gzll_gcc.a(nrf_channel_manager.o)
 .comment       0x00000000000000e6       0x71 /Users/jasonren/Desktop/PRJ/KBs/DEV/nRF5SDK110089a8197/components/properitary_rf/gzll/gcc/gzll_gcc.a(nrf_fifo.o)
 .comment       0x00000000000000e6       0x71 /Users/jasonren/Desktop/PRJ/KBs/DEV/nRF5SDK110089a8197/components/properitary_rf/gzll/gcc/gzll_gcc.a(nrf_flywheel.o)

.debug_frame    0x0000000000000000      0x4b0
 .debug_frame   0x0000000000000000       0x28 /usr/local/Cellar/arm-gcc-bin@8/8-2019-q3-update_1/bin/../lib/gcc/arm-none-eabi/8.3.1/../../../../arm-none-eabi/lib/thumb/v6-m/nofp/libc_nano.a(lib_a-exit.o)
 .debug_frame   0x0000000000000028       0x2c /usr/local/Cellar/arm-gcc-bin@8/8-2019-q3-update_1/bin/../lib/gcc/arm-none-eabi/8.3.1/../../../../arm-none-eabi/lib/thumb/v6-m/nofp/libc_nano.a(lib_a-init.o)
 .debug_frame   0x0000000000000054       0x20 /usr/local/Cellar/arm-gcc-bin@8/8-2019-q3-update_1/bin/../lib/gcc/arm-none-eabi/8.3.1/../../../../arm-none-eabi/lib/thumb/v6-m/nofp/libc_nano.a(lib_a-memset.o)
 .debug_frame   0x0000000000000074       0x20 /usr/local/Cellar/arm-gcc-bin@8/8-2019-q3-update_1/bin/../lib/gcc/arm-none-eabi/8.3.1/../../../../arm-none-eabi/lib/thumb/v6-m/nofp/libnosys.a(_exit.o)
 .debug_frame   0x0000000000000094       0x30 _build/system_nrf51.o
 .debug_frame   0x00000000000000c4       0xd8 _build/main.o
 .debug_frame   0x000000000000019c      0x10c _build/nrf_drv_clock.o
 .debug_frame   0x00000000000002a8       0x50 _build/app_util_platform.o
 .debug_frame   0x00000000000002f8       0x2c _build/nrf_drv_common.o
 .debug_frame   0x0000000000000324      0x144 _build/nrf_drv_rtc.o
 .debug_frame   0x0000000000000468       0x20 /usr/local/Cellar/arm-gcc-bin@8/8-2019-q3-update_1/bin/../lib/gcc/arm-none-eabi/8.3.1/thumb/v6-m/nofp/libgcc.a(_udivsi3.o)
 .debug_frame   0x0000000000000488       0x28 /usr/local/Cellar/arm-gcc-bin@8/8-2019-q3-update_1/bin/../lib/gcc/arm-none-eabi/8.3.1/../../../../arm-none-eabi/lib/thumb/v6-m/nofp/libc_nano.a(lib_a-memcpy-stub.o)

.debug_info     0x0000000000000000     0x7d62
 .debug_info    0x0000000000000000      0x1fb _build/system_nrf51.o
 .debug_info    0x00000000000001fb     0x2749 _build/main.o
 .debug_info    0x0000000000002944     0x1a1f _build/nrf_drv_clock.o
 .debug_info    0x0000000000004363      0xa8c _build/app_util_platform.o
 .debug_info    0x0000000000004def      0xd04 _build/nrf_drv_common.o
 .debug_info    0x0000000000005af3     0x226f _build/nrf_drv_rtc.o

.debug_abbrev   0x0000000000000000     0x1563
 .debug_abbrev  0x0000000000000000      0x124 _build/system_nrf51.o
 .debug_abbrev  0x0000000000000124      0x523 _build/main.o
 .debug_abbrev  0x0000000000000647      0x515 _build/nrf_drv_clock.o
 .debug_abbrev  0x0000000000000b5c      0x27c _build/app_util_platform.o
 .debug_abbrev  0x0000000000000dd8      0x2cd _build/nrf_drv_common.o
 .debug_abbrev  0x00000000000010a5      0x4be _build/nrf_drv_rtc.o

.debug_aranges  0x0000000000000000      0x1d0
 .debug_aranges
                0x0000000000000000       0x28 _build/system_nrf51.o
 .debug_aranges
                0x0000000000000028       0x58 _build/main.o
 .debug_aranges
                0x0000000000000080       0x78 _build/nrf_drv_clock.o
 .debug_aranges
                0x00000000000000f8       0x38 _build/app_util_platform.o
 .debug_aranges
                0x0000000000000130       0x20 _build/nrf_drv_common.o
 .debug_aranges
                0x0000000000000150       0x80 _build/nrf_drv_rtc.o

.debug_ranges   0x0000000000000000      0xa98
 .debug_ranges  0x0000000000000000       0x68 _build/system_nrf51.o
 .debug_ranges  0x0000000000000068      0x348 _build/main.o
 .debug_ranges  0x00000000000003b0      0x398 _build/nrf_drv_clock.o
 .debug_ranges  0x0000000000000748       0x40 _build/app_util_platform.o
 .debug_ranges  0x0000000000000788       0x48 _build/nrf_drv_common.o
 .debug_ranges  0x00000000000007d0      0x2c8 _build/nrf_drv_rtc.o

.debug_macro    0x0000000000000000     0xb85b
 .debug_macro   0x0000000000000000       0xdf _build/system_nrf51.o
 .debug_macro   0x00000000000000df      0xa7e _build/system_nrf51.o
 .debug_macro   0x0000000000000b5d       0x22 _build/system_nrf51.o
 .debug_macro   0x0000000000000b7f       0x8e _build/system_nrf51.o
 .debug_macro   0x0000000000000c0d       0x51 _build/system_nrf51.o
 .debug_macro   0x0000000000000c5e      0x103 _build/system_nrf51.o
 .debug_macro   0x0000000000000d61       0x6a _build/system_nrf51.o
 .debug_macro   0x0000000000000dcb      0x1df _build/system_nrf51.o
 .debug_macro   0x0000000000000faa       0x22 _build/system_nrf51.o
 .debug_macro   0x0000000000000fcc       0x1c _build/system_nrf51.o
 .debug_macro   0x0000000000000fe8       0x22 _build/system_nrf51.o
 .debug_macro   0x000000000000100a       0x3a _build/system_nrf51.o
 .debug_macro   0x0000000000001044       0x26 _build/system_nrf51.o
 .debug_macro   0x000000000000106a      0x30d _build/system_nrf51.o
 .debug_macro   0x0000000000001377      0x1d2 _build/system_nrf51.o
 .debug_macro   0x0000000000001549     0x745a _build/system_nrf51.o
 .debug_macro   0x00000000000089a3      0x976 _build/system_nrf51.o
 .debug_macro   0x0000000000009319       0x1c _build/system_nrf51.o
 .debug_macro   0x0000000000009335      0x35d _build/main.o
 .debug_macro   0x0000000000009692      0x172 _build/main.o
 .debug_macro   0x0000000000009804       0x7c _build/main.o
 .debug_macro   0x0000000000009880       0x34 _build/main.o
 .debug_macro   0x00000000000098b4      0x150 _build/main.o
 .debug_macro   0x0000000000009a04       0x10 _build/main.o
 .debug_macro   0x0000000000009a14       0x8e _build/main.o
 .debug_macro   0x0000000000009aa2       0x70 _build/main.o
 .debug_macro   0x0000000000009b12       0x5e _build/main.o
 .debug_macro   0x0000000000009b70       0x18 _build/main.o
 .debug_macro   0x0000000000009b88       0x35 _build/main.o
 .debug_macro   0x0000000000009bbd       0x34 _build/main.o
 .debug_macro   0x0000000000009bf1       0x16 _build/main.o
 .debug_macro   0x0000000000009c07       0x97 _build/main.o
 .debug_macro   0x0000000000009c9e      0x35c _build/main.o
 .debug_macro   0x0000000000009ffa       0xf6 _build/main.o
 .debug_macro   0x000000000000a0f0       0x10 _build/main.o
 .debug_macro   0x000000000000a100       0x16 _build/main.o
 .debug_macro   0x000000000000a116       0x43 _build/main.o
 .debug_macro   0x000000000000a159       0x34 _build/main.o
 .debug_macro   0x000000000000a18d       0x10 _build/main.o
 .debug_macro   0x000000000000a19d       0x58 _build/main.o
 .debug_macro   0x000000000000a1f5      0x182 _build/main.o
 .debug_macro   0x000000000000a377       0x10 _build/main.o
 .debug_macro   0x000000000000a387       0x1c _build/main.o
 .debug_macro   0x000000000000a3a3       0x52 _build/main.o
 .debug_macro   0x000000000000a3f5       0x40 _build/main.o
 .debug_macro   0x000000000000a435       0x10 _build/main.o
 .debug_macro   0x000000000000a445       0x40 _build/main.o
 .debug_macro   0x000000000000a485       0xd5 _build/main.o
 .debug_macro   0x000000000000a55a       0x1c _build/main.o
 .debug_macro   0x000000000000a576       0x3d _build/main.o
 .debug_macro   0x000000000000a5b3       0x16 _build/main.o
 .debug_macro   0x000000000000a5c9      0x16f _build/main.o
 .debug_macro   0x000000000000a738      0x11e _build/main.o
 .debug_macro   0x000000000000a856       0x4c _build/main.o
 .debug_macro   0x000000000000a8a2       0x67 _build/main.o
 .debug_macro   0x000000000000a909       0xbb _build/main.o
 .debug_macro   0x000000000000a9c4       0x2b _build/main.o
 .debug_macro   0x000000000000a9ef       0x10 _build/main.o
 .debug_macro   0x000000000000a9ff       0x10 _build/main.o
 .debug_macro   0x000000000000aa0f       0x22 _build/main.o
 .debug_macro   0x000000000000aa31       0x16 _build/main.o
 .debug_macro   0x000000000000aa47      0x326 _build/nrf_drv_clock.o
 .debug_macro   0x000000000000ad6d       0x5b _build/nrf_drv_clock.o
 .debug_macro   0x000000000000adc8      0x2a8 _build/app_util_platform.o
 .debug_macro   0x000000000000b070       0x6d _build/app_util_platform.o
 .debug_macro   0x000000000000b0dd      0x2dd _build/nrf_drv_common.o
 .debug_macro   0x000000000000b3ba      0x16d _build/nrf_drv_common.o
 .debug_macro   0x000000000000b527       0x35 _build/nrf_drv_common.o
 .debug_macro   0x000000000000b55c      0x2ff _build/nrf_drv_rtc.o

.debug_line     0x0000000000000000     0x46f9
 .debug_line    0x0000000000000000      0x4a3 _build/system_nrf51.o
 .debug_line    0x00000000000004a3     0x1264 _build/main.o
 .debug_line    0x0000000000001707      0xf97 _build/nrf_drv_clock.o
 .debug_line    0x000000000000269e      0x6d3 _build/app_util_platform.o
 .debug_line    0x0000000000002d71      0x7f1 _build/nrf_drv_common.o
 .debug_line    0x0000000000003562     0x1197 _build/nrf_drv_rtc.o

.debug_str      0x0000000000000000    0x3806e
 .debug_str     0x0000000000000000    0x2fadd _build/system_nrf51.o
                                      0x2fc55 (size before relaxing)
 .debug_str     0x000000000002fadd     0x742c _build/main.o
                                      0x370c8 (size before relaxing)
 .debug_str     0x0000000000036f09      0xb24 _build/nrf_drv_clock.o
                                      0x3642d (size before relaxing)
 .debug_str     0x0000000000037a2d       0xc7 _build/app_util_platform.o
                                      0x355df (size before relaxing)
 .debug_str     0x0000000000037af4       0xac _build/nrf_drv_common.o
                                      0x35a56 (size before relaxing)
 .debug_str     0x0000000000037ba0      0x4ce _build/nrf_drv_rtc.o
                                      0x364c2 (size before relaxing)

.debug_loc      0x0000000000000000     0x2281
 .debug_loc     0x0000000000000000      0xb27 _build/main.o
 .debug_loc     0x0000000000000b27      0x44d _build/nrf_drv_clock.o
 .debug_loc     0x0000000000000f74       0xc6 _build/nrf_drv_common.o
 .debug_loc     0x000000000000103a     0x1247 _build/nrf_drv_rtc.o
