Archive member included to satisfy reference by file (symbol)

C:/Program Files/SEGGER/SEGGER Embedded Studio 8.24/lib/libc_v7em_t_le_eabi_balanced.a(__SEGGER_RTL_vfprintf_long.o)
                              (__SEGGER_RTL_vfprintf_long)
C:/Program Files/SEGGER/SEGGER Embedded Studio 8.24/lib/libc_v7em_t_le_eabi_balanced.a(__SEGGER_RTL_vfscanf_long.o)
                              (__SEGGER_RTL_vfscanf_long)
C:/Program Files/SEGGER/SEGGER Embedded Studio 8.24/lib/libc_v7em_t_le_eabi_balanced.a(utilops.o)
                              C:/Program Files/SEGGER/SEGGER Embedded Studio 8.24/lib/libc_v7em_t_le_eabi_balanced.a(__SEGGER_RTL_vfscanf_long.o) (__SEGGER_RTL_digit)
C:/Program Files/SEGGER/SEGGER Embedded Studio 8.24/lib/libc_v7em_t_le_eabi_balanced.a(floatasmops_arm.o)
                              C:/Program Files/SEGGER/SEGGER Embedded Studio 8.24/lib/libc_v7em_t_le_eabi_balanced.a(utilops.o) (__aeabi_fmul)
C:/Program Files/SEGGER/SEGGER Embedded Studio 8.24/lib/libc_v7em_t_le_eabi_balanced.a(intasmops_arm.o)
                              C:/Program Files/SEGGER/SEGGER Embedded Studio 8.24/lib/libc_v7em_t_le_eabi_balanced.a(__SEGGER_RTL_vfprintf_long.o) (__aeabi_uldivmod)
C:/Program Files/SEGGER/SEGGER Embedded Studio 8.24/lib/libc_v7em_t_le_eabi_balanced.a(prinops.o)
                              C:/Program Files/SEGGER/SEGGER Embedded Studio 8.24/lib/libc_v7em_t_le_eabi_balanced.a(__SEGGER_RTL_vfprintf_long.o) (__SEGGER_RTL_putc)
C:/Program Files/SEGGER/SEGGER Embedded Studio 8.24/lib/libc_v7em_t_le_eabi_balanced.a(fileops.o)
                              C:/Program Files/SEGGER/SEGGER Embedded Studio 8.24/lib/libc_v7em_t_le_eabi_balanced.a(prinops.o) (fwrite)
C:/Program Files/SEGGER/SEGGER Embedded Studio 8.24/lib/libc_v7em_t_le_eabi_balanced.a(errno.o)
                              C:/Program Files/SEGGER/SEGGER Embedded Studio 8.24/lib/libc_v7em_t_le_eabi_balanced.a(fileops.o) (__aeabi_errno_addr)
C:/Program Files/SEGGER/SEGGER Embedded Studio 8.24/lib/heapops_basic_v7em_t_le_eabi_balanced.a(heapops_basic.o)
                              Output/Debug/Obj/ble_app_hids_keyboard_pca10040e_s112/thumb_crt0.o (__SEGGER_RTL_init_heap)
C:/Program Files/SEGGER/SEGGER Embedded Studio 8.24/lib/heapops_disable_interrupts_locking_v7em_t_le_eabi_balanced.a(heapops.o)
                              C:/Program Files/SEGGER/SEGGER Embedded Studio 8.24/lib/libc_v7em_t_le_eabi_balanced.a(prinops.o) (free)
C:/Program Files/SEGGER/SEGGER Embedded Studio 8.24/lib/strops_unaligned_v7em_t_le_eabi_balanced.a(strops.o)
                              Output/Debug/Obj/ble_app_hids_keyboard_pca10040e_s112/nrf_fprintf_format.o (strlen)
C:/Program Files/SEGGER/SEGGER Embedded Studio 8.24/lib/strops_unaligned_v7em_t_le_eabi_balanced.a(strasmops_arm.o)
                              C:/Program Files/SEGGER/SEGGER Embedded Studio 8.24/lib/strops_unaligned_v7em_t_le_eabi_balanced.a(strops.o) (strcmp)
C:/Program Files/SEGGER/SEGGER Embedded Studio 8.24/lib/mbops_timeops_v7em_t_le_eabi_balanced.a(mbops.o)
                              C:/Program Files/SEGGER/SEGGER Embedded Studio 8.24/lib/libc_v7em_t_le_eabi_balanced.a(prinops.o) (__SEGGER_RTL_current_locale)
C:/Program Files/SEGGER/SEGGER Embedded Studio 8.24/lib/mbops_timeops_v7em_t_le_eabi_balanced.a(timeops.o)
                              C:/Program Files/SEGGER/SEGGER Embedded Studio 8.24/lib/mbops_timeops_v7em_t_le_eabi_balanced.a(mbops.o) (__SEGGER_RTL_string_list_encode)
C:/Program Files/SEGGER/SEGGER Embedded Studio 8.24/lib/libc_v7em_t_le_eabi_balanced.a(execops.o)
                              C:/Program Files/SEGGER/SEGGER Embedded Studio 8.24/lib/strops_unaligned_v7em_t_le_eabi_balanced.a(strops.o) (__SEGGER_RTL_constraint_violation)
C:/Program Files/SEGGER/SEGGER Embedded Studio 8.24/lib/libc_v7em_t_le_eabi_balanced.a(execops_arm.o)
                              C:/Program Files/SEGGER/SEGGER Embedded Studio 8.24/lib/libc_v7em_t_le_eabi_balanced.a(execops.o) (__aeabi_SIGABRT)
C:/Program Files/SEGGER/SEGGER Embedded Studio 8.24/lib/libc_v7em_t_le_eabi_balanced.a(intops.o)
                              C:/Program Files/SEGGER/SEGGER Embedded Studio 8.24/lib/mbops_timeops_v7em_t_le_eabi_balanced.a(timeops.o) (div)
C:/Program Files/SEGGER/SEGGER Embedded Studio 8.24/lib/libc_v7em_t_le_eabi_balanced.a(sortops.o)
                              C:/Program Files/SEGGER/SEGGER Embedded Studio 8.24/lib/mbops_timeops_v7em_t_le_eabi_balanced.a(mbops.o) (bsearch)
C:/Program Files/SEGGER/SEGGER Embedded Studio 8.24/lib/libc_v7em_t_le_eabi_balanced.a(convops.o)
                              C:/Program Files/SEGGER/SEGGER Embedded Studio 8.24/lib/libc_v7em_t_le_eabi_balanced.a(execops.o) (itoa)
C:/Program Files/SEGGER/SEGGER Embedded Studio 8.24/lib/libc_v7em_t_le_eabi_balanced.a(floatops.o)
                              C:/Program Files/SEGGER/SEGGER Embedded Studio 8.24/lib/libc_v7em_t_le_eabi_balanced.a(convops.o) (__SEGGER_RTL_float32_isinf)

Discarded input sections

[...]
Memory Configuration

Name             Origin             Length             Attributes
UNPLACED_SECTIONS 0x00000000         0x00000000         xw
UICR             0x10001000         0x0000020c         xw
RAM1             0x20000000         0x00006000         xw
FLASH            0x00000000         0x00030000         xw
*default*        0x00000000         0xffffffff

Linker script and memory map

                0x10001000                        __UICR_segment_start__ = 0x10001000
                0x1000120c                        __UICR_segment_end__ = 0x1000120c
                0x0000020c                        __UICR_segment_size__ = 0x20c
                0x20000000                        __RAM1_segment_start__ = 0x20000000
                0x20006000                        __RAM1_segment_end__ = 0x20006000
                0x00006000                        __RAM1_segment_size__ = 0x6000
                0x00000000                        __FLASH_segment_start__ = 0x0
                0x00030000                        __FLASH_segment_end__ = 0x30000
                0x00030000                        __FLASH_segment_size__ = 0x30000
                0x00000800                        __HEAPSIZE__ = 0x800
                0x00000000                        __SEGGER_RTL_vfprintf = __SEGGER_RTL_vfprintf_long
                0x00000000                        __SEGGER_RTL_vfscanf = __SEGGER_RTL_vfscanf_long
                0x00000000                        __STACKSIZE_PROCESS__ = 0x0
                0x00000800                        __STACKSIZE__ = 0x800
                0x10001208                        __UICR_0x208_load_start__ = 0x10001208

.UICR_0x208     0x10001208        0x0
                0x10001208                        __UICR_0x208_start__ = .
 *(.UICR_0x208 .UICR_0x208.*)
                0x10001208                        __UICR_0x208_end__ = (__UICR_0x208_start__ + SIZEOF (.UICR_0x208))
                0x00000000                        __UICR_0x208_size__ = SIZEOF (.UICR_0x208)
                0x10001208                        __UICR_0x208_load_end__ = __UICR_0x208_end__
                0x10001208                        __UICR_segment_used_end__ = (0x10001208 + SIZEOF (.UICR_0x208))
                0x00000208                        __UICR_segment_used_size__ = (__UICR_segment_used_end__ - __UICR_segment_start__)
                0x00000001                        . = ASSERT (((__UICR_0x208_start__ == __UICR_0x208_end__) || ((__UICR_0x208_end__ - __UICR_segment_start__) <= __UICR_segment_size__)), error: .UICR_0x208 is too large to fit in UICR memory segment)
                0x20000000                        __reserved_ram_load_start__ = 0x20000000

.reserved_ram   0x20000000        0x0
                0x20000000                        __reserved_ram_start__ = .
 *(.reserved_ram .reserved_ram.*)
                0x20000000                        . = MAX (((__reserved_ram_start__ + 0x20000000) - 0x20000000), .)
                0x20000000                        __reserved_ram_end__ = (__reserved_ram_start__ + SIZEOF (.reserved_ram))
                0x00000000                        __reserved_ram_size__ = SIZEOF (.reserved_ram)
                0x20000000                        __reserved_ram_load_end__ = __reserved_ram_end__
                0x00000001                        . = ASSERT (((__reserved_ram_start__ == __reserved_ram_end__) || ((__reserved_ram_end__ - __RAM1_segment_start__) <= __RAM1_segment_size__)), error: .reserved_ram is too large to fit in RAM1 memory segment)
                0x00000001                        . = ASSERT ((__reserved_ram_size__ <= 0x0), error: .reserved_ram section is larger than specified size)
                0x20000000                        __vectors_ram_load_start__ = 0x20000000

.vectors_ram    0x20000000        0x0
                0x20000000                        __vectors_ram_start__ = .
                0x20000000                        __app_ram_start__ = __vectors_ram_start__
 *(.vectors_ram .vectors_ram.*)
                0x20000000                        __vectors_ram_end__ = (__vectors_ram_start__ + SIZEOF (.vectors_ram))
                0x00000000                        __vectors_ram_size__ = SIZEOF (.vectors_ram)
                0x20000000                        __vectors_ram_load_end__ = __vectors_ram_end__
                0x00000001                        . = ASSERT (((__vectors_ram_start__ == __vectors_ram_end__) || ((__vectors_ram_end__ - __RAM1_segment_start__) <= __RAM1_segment_size__)), error: .vectors_ram is too large to fit in RAM1 memory segment)
                0x00000001                        . = ASSERT ((__reserved_ram_end__ <= __vectors_ram_start__), error: section .reserved_ram overlaps absolute placed section .vectors_ram)
                0x20000000                        __nrf_sections_run_load_start__ = ALIGN (__vectors_ram_end__, 0x4)

.nrf_sections_run
                0x20000000        0x0
                0x20000000                        __nrf_sections_run_start__ = .
                0x20000000                        __start_nrf_sections_run = __nrf_sections_run_start__
 *(.nrf_sections_run .nrf_sections_run.*)
                0x20000000                        __nrf_sections_run_end__ = (__nrf_sections_run_start__ + SIZEOF (.nrf_sections_run))
                0x00000000                        __nrf_sections_run_size__ = SIZEOF (.nrf_sections_run)
                0x20000000                        __nrf_sections_run_load_end__ = __nrf_sections_run_end__
                0x00000001                        . = ASSERT (((__nrf_sections_run_start__ == __nrf_sections_run_end__) || ((__nrf_sections_run_end__ - __RAM1_segment_start__) <= __RAM1_segment_size__)), error: .nrf_sections_run is too large to fit in RAM1 memory segment)
                0x00000000                        __reserved_flash_load_start__ = 0x0

.reserved_flash
                0x00000000        0x0
                0x00000000                        __reserved_flash_start__ = .
 *(.reserved_flash .reserved_flash.*)
                0x00000000                        . = MAX (((__reserved_flash_start__ + 0x0) - 0x0), .)
                0x00000000                        __reserved_flash_end__ = (__reserved_flash_start__ + SIZEOF (.reserved_flash))
                0x00000000                        __reserved_flash_size__ = SIZEOF (.reserved_flash)
                0x00000000                        __reserved_flash_load_end__ = __reserved_flash_end__
                0x00000001                        . = ASSERT (((__reserved_flash_start__ == __reserved_flash_end__) || ((__reserved_flash_end__ - __FLASH_segment_start__) <= __FLASH_segment_size__)), error: .reserved_flash is too large to fit in FLASH memory segment)
                0x00000001                        . = ASSERT ((__reserved_flash_size__ <= 0x0), error: .reserved_flash section is larger than specified size)
                0x00000000                        __vectors_load_start__ = 0x0

.vectors        0x00000000      0x200
                0x00000000                        __vectors_start__ = .
 *(.vectors .vectors.*)
 .vectors       0x00000000      0x200 Output/Debug/Obj/ble_app_hids_keyboard_pca10040e_s112/ses_startup_nrf52810.o
                0x00000000                _vectors
                0x00000200                        __vectors_end__ = (__vectors_start__ + SIZEOF (.vectors))
                0x00000200                        __vectors_size__ = SIZEOF (.vectors)
                0x00000200                        __vectors_load_end__ = __vectors_end__
                0x00000001                        . = ASSERT (((__vectors_start__ == __vectors_end__) || ((__vectors_end__ - __FLASH_segment_start__) <= __FLASH_segment_size__)), error: .vectors is too large to fit in FLASH memory segment)
                0x00000001                        . = ASSERT ((__reserved_flash_end__ <= __vectors_start__), error: section .reserved_flash overlaps absolute placed section .vectors)
                0x00000200                        __init_load_start__ = ALIGN (__vectors_end__, 0x4)

.init           0x00000200      0x1fc
                0x00000200                        __init_start__ = .
 *(.init .init.*)
 .init          0x00000200       0x48 Output/Debug/Obj/ble_app_hids_keyboard_pca10040e_s112/ses_startup_nrf52810.o
                0x00000200                NMI_Handler
                0x00000202                HardFault_Handler
                0x00000204                MemoryManagement_Handler
                0x00000206                BusFault_Handler
                0x00000208                UsageFault_Handler
                0x0000020a                SVC_Handler
                0x0000020c                DebugMon_Handler
                0x0000020e                PendSV_Handler
                0x00000210                SysTick_Handler
                0x00000212                TEMP_IRQHandler
                0x00000212                RTC0_IRQHandler
                0x00000212                SWI4_IRQHandler
                0x00000212                PDM_IRQHandler
                0x00000212                SWI5_IRQHandler
                0x00000212                TIMER0_IRQHandler
                0x00000212                Dummy_Handler
                0x00000212                TIMER1_IRQHandler
                0x00000212                ECB_IRQHandler
                0x00000212                SWI3_IRQHandler
                0x00000212                SPIM0_SPIS0_SPI0_IRQHandler
                0x00000212                CCM_AAR_IRQHandler
                0x00000212                WDT_IRQHandler
                0x00000212                QDEC_IRQHandler
                0x00000212                SWI2_IRQHandler
                0x00000212                RNG_IRQHandler
                0x00000212                COMP_IRQHandler
                0x00000212                PWM0_IRQHandler
                0x00000212                SWI1_EGU1_IRQHandler
                0x00000212                TWIM0_TWIS0_TWI0_IRQHandler
                0x00000212                TIMER2_IRQHandler
                0x00000214                nRFInitialize
 .init          0x00000248       0x48 Output/Debug/Obj/ble_app_hids_keyboard_pca10040e_s112/ses_startup_nrf_common.o
                0x00000248                Reset_Handler
                0x0000024c                afterInitialize
                0x0000025e                InitializeUserMemorySections
 .init          0x00000290      0x16c Output/Debug/Obj/ble_app_hids_keyboard_pca10040e_s112/thumb_crt0.o
                0x00000290                _start
                0x00000338                exit
                0x00000338                _Exit
                0x000003fc                        __init_end__ = (__init_start__ + SIZEOF (.init))
                0x000001fc                        __init_size__ = SIZEOF (.init)
                0x000003fc                        __init_load_end__ = __init_end__
                0x00000001                        . = ASSERT (((__init_start__ == __init_end__) || ((__init_end__ - __FLASH_segment_start__) <= __FLASH_segment_size__)), error: .init is too large to fit in FLASH memory segment)
                0x000003fc                        __init_rodata_load_start__ = ALIGN (__init_end__, 0x4)

.init_rodata    0x000003fc        0x0
                0x000003fc                        __init_rodata_start__ = .
 *(.init_rodata .init_rodata.*)
                0x000003fc                        __init_rodata_end__ = (__init_rodata_start__ + SIZEOF (.init_rodata))
                0x00000000                        __init_rodata_size__ = SIZEOF (.init_rodata)
                0x000003fc                        __init_rodata_load_end__ = __init_rodata_end__
                0x00000001                        . = ASSERT (((__init_rodata_start__ == __init_rodata_end__) || ((__init_rodata_end__ - __FLASH_segment_start__) <= __FLASH_segment_size__)), error: .init_rodata is too large to fit in FLASH memory segment)
                0x000003fc                        __text_load_start__ = ALIGN (__init_rodata_end__, 0x4)

.text           0x000003fc     0x6d10
                0x000003fc                        __text_start__ = .
 *(.text .text.* .gnu.linkonce.t.* .glue_7t .glue_7 .gcc_except_table .ARM.extab* .gnu.linkonce.armextab.*)
 .glue_7        0x000003fc        0x0 linker stubs
 .glue_7t       0x000003fc        0x0 linker stubs
 .text.startup.main
                0x000003fc       0xcc Output/Debug/Obj/ble_app_hids_keyboard_pca10040e_s112/main.o
                0x000003fc                main
 .text.nvmc_wait
                0x000004c8       0x10 Output/Debug/Obj/ble_app_hids_keyboard_pca10040e_s112/system_nrf52810.o
                0x000004c8                nvmc_wait
 .text.SystemInit
                0x000004d8      0x168 Output/Debug/Obj/ble_app_hids_keyboard_pca10040e_s112/system_nrf52810.o
                0x000004d8                SystemInit
 .text.clock_clk_started_notify
                0x00000640       0x28 Output/Debug/Obj/ble_app_hids_keyboard_pca10040e_s112/nrf_drv_clock.o
 .text.nrf_drv_clock_init
                0x00000668       0x44 Output/Debug/Obj/ble_app_hids_keyboard_pca10040e_s112/nrf_drv_clock.o
                0x00000668                nrf_drv_clock_init
 .text.nrf_drv_clock_lfclk_request
                0x000006ac       0x74 Output/Debug/Obj/ble_app_hids_keyboard_pca10040e_s112/nrf_drv_clock.o
                0x000006ac                nrf_drv_clock_lfclk_request
 .text.nrf_drv_clock_lfclk_is_running
                0x00000720       0x28 Output/Debug/Obj/ble_app_hids_keyboard_pca10040e_s112/nrf_drv_clock.o
                0x00000720                nrf_drv_clock_lfclk_is_running
 .text.nrf_drv_clock_hfclk_request
                0x00000748       0x78 Output/Debug/Obj/ble_app_hids_keyboard_pca10040e_s112/nrf_drv_clock.o
                0x00000748                nrf_drv_clock_hfclk_request
 .text.nrf_drv_clock_hfclk_release
                0x000007c0       0x48 Output/Debug/Obj/ble_app_hids_keyboard_pca10040e_s112/nrf_drv_clock.o
                0x000007c0                nrf_drv_clock_hfclk_release
 .text.clock_irq_handler
                0x00000808       0x60 Output/Debug/Obj/ble_app_hids_keyboard_pca10040e_s112/nrf_drv_clock.o
 .text.nrf_drv_clock_hfclk_is_running
                0x00000868       0x30 Output/Debug/Obj/ble_app_hids_keyboard_pca10040e_s112/nrf_drv_clock.o
                0x00000868                nrf_drv_clock_hfclk_is_running
 .text.uarte_evt_handler
                0x00000898       0x34 Output/Debug/Obj/ble_app_hids_keyboard_pca10040e_s112/nrf_drv_uart.o
 .text.uart_evt_handler
                0x000008cc       0x34 Output/Debug/Obj/ble_app_hids_keyboard_pca10040e_s112/nrf_drv_uart.o
 .text.nrf_drv_uart_init
                0x00000900       0x7c Output/Debug/Obj/ble_app_hids_keyboard_pca10040e_s112/nrf_drv_uart.o
                0x00000900                nrf_drv_uart_init
 .text.wait_for_flash_ready
                0x0000097c       0x10 Output/Debug/Obj/ble_app_hids_keyboard_pca10040e_s112/nrf_nvmc.o
 .text.nrf_nvmc_page_erase
                0x0000098c       0x30 Output/Debug/Obj/ble_app_hids_keyboard_pca10040e_s112/nrf_nvmc.o
                0x0000098c                nrf_nvmc_page_erase
 .text.nrf_nvmc_write_words
                0x000009bc       0x40 Output/Debug/Obj/ble_app_hids_keyboard_pca10040e_s112/nrf_nvmc.o
                0x000009bc                nrf_nvmc_write_words
 .text.nrf_clock_event_clear
                0x000009fc       0x14 Output/Debug/Obj/ble_app_hids_keyboard_pca10040e_s112/nrfx_clock.o
 .text.nrfx_clock_init
                0x00000a10       0x2c Output/Debug/Obj/ble_app_hids_keyboard_pca10040e_s112/nrfx_clock.o
                0x00000a10                nrfx_clock_init
 .text.nrfx_clock_enable
                0x00000a3c       0x3c Output/Debug/Obj/ble_app_hids_keyboard_pca10040e_s112/nrfx_clock.o
                0x00000a3c                nrfx_clock_enable
 .text.nrfx_clock_lfclk_start
                0x00000a78       0x30 Output/Debug/Obj/ble_app_hids_keyboard_pca10040e_s112/nrfx_clock.o
                0x00000a78                nrfx_clock_lfclk_start
 .text.nrfx_clock_hfclk_start
                0x00000aa8       0x30 Output/Debug/Obj/ble_app_hids_keyboard_pca10040e_s112/nrfx_clock.o
                0x00000aa8                nrfx_clock_hfclk_start
 .text.nrfx_clock_hfclk_stop
                0x00000ad8       0x44 Output/Debug/Obj/ble_app_hids_keyboard_pca10040e_s112/nrfx_clock.o
                0x00000ad8                nrfx_clock_hfclk_stop
 .text.POWER_CLOCK_IRQHandler
                0x00000b1c       0x98 Output/Debug/Obj/ble_app_hids_keyboard_pca10040e_s112/nrfx_clock.o
                0x00000b1c                POWER_CLOCK_IRQHandler
 .text.nrf_gpiote_event_clear
                0x00000bb4       0x18 Output/Debug/Obj/ble_app_hids_keyboard_pca10040e_s112/nrfx_gpiote.o
 .text.nrf_gpio_pin_present_check
                0x00000bcc       0x18 Output/Debug/Obj/ble_app_hids_keyboard_pca10040e_s112/nrfx_gpiote.o
 .text.channel_free
                0x00000be4       0x1c Output/Debug/Obj/ble_app_hids_keyboard_pca10040e_s112/nrfx_gpiote.o
 .text.pin_configured_clear
                0x00000c00       0x1c Output/Debug/Obj/ble_app_hids_keyboard_pca10040e_s112/nrfx_gpiote.o
 .text.nrf_gpio_pin_port_decode.isra.0
                0x00000c1c       0x1c Output/Debug/Obj/ble_app_hids_keyboard_pca10040e_s112/nrfx_gpiote.o
 .text.nrf_gpio_cfg_sense_set
                0x00000c38       0x2a Output/Debug/Obj/ble_app_hids_keyboard_pca10040e_s112/nrfx_gpiote.o
 *fill*         0x00000c62        0x2 
 .text.nrfx_gpiote_init
                0x00000c64       0x70 Output/Debug/Obj/ble_app_hids_keyboard_pca10040e_s112/nrfx_gpiote.o
                0x00000c64                nrfx_gpiote_init
 .text.nrfx_gpiote_in_init
                0x00000cd4      0x11c Output/Debug/Obj/ble_app_hids_keyboard_pca10040e_s112/nrfx_gpiote.o
                0x00000cd4                nrfx_gpiote_in_init
 .text.nrfx_gpiote_in_event_enable
                0x00000df0       0xb4 Output/Debug/Obj/ble_app_hids_keyboard_pca10040e_s112/nrfx_gpiote.o
                0x00000df0                nrfx_gpiote_in_event_enable
 .text.nrfx_gpiote_in_event_disable
                0x00000ea4       0x74 Output/Debug/Obj/ble_app_hids_keyboard_pca10040e_s112/nrfx_gpiote.o
                0x00000ea4                nrfx_gpiote_in_event_disable
 .text.nrfx_gpiote_in_uninit
                0x00000f18       0xa0 Output/Debug/Obj/ble_app_hids_keyboard_pca10040e_s112/nrfx_gpiote.o
                0x00000f18                nrfx_gpiote_in_uninit
 .text.GPIOTE_IRQHandler
                0x00000fb8      0x15c Output/Debug/Obj/ble_app_hids_keyboard_pca10040e_s112/nrfx_gpiote.o
                0x00000fb8                GPIOTE_IRQHandler
 .text.UARTE0_UART0_IRQHandler
                0x00001114       0x20 Output/Debug/Obj/ble_app_hids_keyboard_pca10040e_s112/nrfx_prs.o
                0x00001114                UARTE0_UART0_IRQHandler
 .text.nrfx_prs_acquire
                0x00001134       0x44 Output/Debug/Obj/ble_app_hids_keyboard_pca10040e_s112/nrfx_prs.o
                0x00001134                nrfx_prs_acquire
 .text.nrf_saadc_event_clear
                0x00001178       0x18 Output/Debug/Obj/ble_app_hids_keyboard_pca10040e_s112/nrfx_saadc.o
 .text.SAADC_IRQHandler
                0x00001190      0x158 Output/Debug/Obj/ble_app_hids_keyboard_pca10040e_s112/nrfx_saadc.o
                0x00001190                SAADC_IRQHandler
 .text.nrfx_saadc_init
                0x000012e8       0xbc Output/Debug/Obj/ble_app_hids_keyboard_pca10040e_s112/nrfx_saadc.o
                0x000012e8                nrfx_saadc_init
 .text.nrfx_saadc_channel_init
                0x000013a4      0x118 Output/Debug/Obj/ble_app_hids_keyboard_pca10040e_s112/nrfx_saadc.o
                0x000013a4                nrfx_saadc_channel_init
 .text.nrfx_saadc_sample_convert
                0x000014bc       0xe8 Output/Debug/Obj/ble_app_hids_keyboard_pca10040e_s112/nrfx_saadc.o
                0x000014bc                nrfx_saadc_sample_convert
 .text.nrfx_saadc_buffer_convert
                0x000015a4       0xcc Output/Debug/Obj/ble_app_hids_keyboard_pca10040e_s112/nrfx_saadc.o
                0x000015a4                nrfx_saadc_buffer_convert
 .text.nrf_uart_event_clear
                0x00001670       0x10 Output/Debug/Obj/ble_app_hids_keyboard_pca10040e_s112/nrfx_uart.o
 .text.tx_byte  0x00001680       0x1e Output/Debug/Obj/ble_app_hids_keyboard_pca10040e_s112/nrfx_uart.o
 .text.rx_byte  0x0000169e       0x2c Output/Debug/Obj/ble_app_hids_keyboard_pca10040e_s112/nrfx_uart.o
 *fill*         0x000016ca        0x2 
 .text.rx_done_event.constprop.0
                0x000016cc       0x20 Output/Debug/Obj/ble_app_hids_keyboard_pca10040e_s112/nrfx_uart.o
 .text.rx_enable.isra.0
                0x000016ec       0x18 Output/Debug/Obj/ble_app_hids_keyboard_pca10040e_s112/nrfx_uart.o
 .text.nrf_gpio_pin_port_decode.isra.0
                0x00001704       0x24 Output/Debug/Obj/ble_app_hids_keyboard_pca10040e_s112/nrfx_uart.o
 .text.nrfx_uart_0_irq_handler
                0x00001728      0x140 Output/Debug/Obj/ble_app_hids_keyboard_pca10040e_s112/nrfx_uart.o
                0x00001728                nrfx_uart_0_irq_handler
 .text.nrfx_uart_init
                0x00001868      0x1d8 Output/Debug/Obj/ble_app_hids_keyboard_pca10040e_s112/nrfx_uart.o
                0x00001868                nrfx_uart_init
 .text.nrfx_uart_tx_in_progress
                0x00001a40       0x18 Output/Debug/Obj/ble_app_hids_keyboard_pca10040e_s112/nrfx_uart.o
                0x00001a40                nrfx_uart_tx_in_progress
 .text.nrfx_uart_tx
                0x00001a58       0xd0 Output/Debug/Obj/ble_app_hids_keyboard_pca10040e_s112/nrfx_uart.o
                0x00001a58                nrfx_uart_tx
 .text.nrfx_uart_rx
                0x00001b28      0x130 Output/Debug/Obj/ble_app_hids_keyboard_pca10040e_s112/nrfx_uart.o
                0x00001b28                nrfx_uart_rx
 .text.nrf_uarte_event_clear
                0x00001c58       0x10 Output/Debug/Obj/ble_app_hids_keyboard_pca10040e_s112/nrfx_uarte.o
 .text.rx_done_event.constprop.0
                0x00001c68       0x20 Output/Debug/Obj/ble_app_hids_keyboard_pca10040e_s112/nrfx_uarte.o
 .text.nrf_gpio_pin_port_decode.isra.0
                0x00001c88       0x24 Output/Debug/Obj/ble_app_hids_keyboard_pca10040e_s112/nrfx_uarte.o
 .text.nrfx_uarte_0_irq_handler
                0x00001cac      0x118 Output/Debug/Obj/ble_app_hids_keyboard_pca10040e_s112/nrfx_uarte.o
                0x00001cac                nrfx_uarte_0_irq_handler
 .text.nrfx_uarte_init
                0x00001dc4      0x1ec Output/Debug/Obj/ble_app_hids_keyboard_pca10040e_s112/nrfx_uarte.o
                0x00001dc4                nrfx_uarte_init
 .text.nrfx_uarte_tx_in_progress
                0x00001fb0       0x18 Output/Debug/Obj/ble_app_hids_keyboard_pca10040e_s112/nrfx_uarte.o
                0x00001fb0                nrfx_uarte_tx_in_progress
 .text.nrfx_uarte_tx
                0x00001fc8       0xe4 Output/Debug/Obj/ble_app_hids_keyboard_pca10040e_s112/nrfx_uarte.o
                0x00001fc8                nrfx_uarte_tx
 .text.nrfx_uarte_rx
                0x000020ac      0x144 Output/Debug/Obj/ble_app_hids_keyboard_pca10040e_s112/nrfx_uarte.o
                0x000020ac                nrfx_uarte_rx
 .text.app_error_save_and_stop
                0x000021f0       0x58 Output/Debug/Obj/ble_app_hids_keyboard_pca10040e_s112/app_error.o
                0x000021f0                app_error_save_and_stop
 .text.app_error_handler
                0x00002248       0x1a Output/Debug/Obj/ble_app_hids_keyboard_pca10040e_s112/app_error_handler_gcc.o
                0x00002248                app_error_handler
 *fill*         0x00002262        0x2 
 .text.app_error_fault_handler
                0x00002264       0xb0 Output/Debug/Obj/ble_app_hids_keyboard_pca10040e_s112/app_error_weak.o
                0x00002264                app_error_fault_handler
 .text.app_fifo_init
                0x00002314       0x22 Output/Debug/Obj/ble_app_hids_keyboard_pca10040e_s112/app_fifo.o
                0x00002314                app_fifo_init
 .text.app_fifo_put
                0x00002336       0x24 Output/Debug/Obj/ble_app_hids_keyboard_pca10040e_s112/app_fifo.o
                0x00002336                app_fifo_put
 .text.app_fifo_get
                0x0000235a       0x22 Output/Debug/Obj/ble_app_hids_keyboard_pca10040e_s112/app_fifo.o
                0x0000235a                app_fifo_get
 .text.app_fifo_flush
                0x0000237c        0x8 Output/Debug/Obj/ble_app_hids_keyboard_pca10040e_s112/app_fifo.o
                0x0000237c                app_fifo_flush
 .text.compare_func
                0x00002384       0x16 Output/Debug/Obj/ble_app_hids_keyboard_pca10040e_s112/app_timer2.o
 *fill*         0x0000239a        0x2 
 .text.get_now  0x0000239c       0x38 Output/Debug/Obj/ble_app_hids_keyboard_pca10040e_s112/app_timer2.o
 .text.timer_expire
                0x000023d4       0xa4 Output/Debug/Obj/ble_app_hids_keyboard_pca10040e_s112/app_timer2.o
 .text.timer_req_schedule
                0x00002478       0x38 Output/Debug/Obj/ble_app_hids_keyboard_pca10040e_s112/app_timer2.o
 .text.app_timer_init
                0x000024b0       0x64 Output/Debug/Obj/ble_app_hids_keyboard_pca10040e_s112/app_timer2.o
                0x000024b0                app_timer_init
 .text.app_timer_create
                0x00002514       0x44 Output/Debug/Obj/ble_app_hids_keyboard_pca10040e_s112/app_timer2.o
                0x00002514                app_timer_create
 .text.app_timer_start
                0x00002558       0x64 Output/Debug/Obj/ble_app_hids_keyboard_pca10040e_s112/app_timer2.o
                0x00002558                app_timer_start
 .text.app_timer_stop
                0x000025bc       0x54 Output/Debug/Obj/ble_app_hids_keyboard_pca10040e_s112/app_timer2.o
                0x000025bc                app_timer_stop
 .text.app_timer_cnt_get
                0x00002610        0xc Output/Debug/Obj/ble_app_hids_keyboard_pca10040e_s112/app_timer2.o
                0x00002610                app_timer_cnt_get
 .text.rtc_irq  0x0000261c      0x1e4 Output/Debug/Obj/ble_app_hids_keyboard_pca10040e_s112/app_timer2.o
 .text.nrf_drv_uart_rx.constprop.0
                0x00002800       0x28 Output/Debug/Obj/ble_app_hids_keyboard_pca10040e_s112/app_uart_fifo.o
 .text.nrf_drv_uart_tx.constprop.0
                0x00002828       0x28 Output/Debug/Obj/ble_app_hids_keyboard_pca10040e_s112/app_uart_fifo.o
 .text.uart_event_handler
                0x00002850       0xa4 Output/Debug/Obj/ble_app_hids_keyboard_pca10040e_s112/app_uart_fifo.o
 .text.app_uart_init
                0x000028f4       0xb0 Output/Debug/Obj/ble_app_hids_keyboard_pca10040e_s112/app_uart_fifo.o
                0x000028f4                app_uart_init
 .text.app_uart_flush
                0x000029a4       0x20 Output/Debug/Obj/ble_app_hids_keyboard_pca10040e_s112/app_uart_fifo.o
                0x000029a4                app_uart_flush
 .text.app_uart_get
                0x000029c4       0x40 Output/Debug/Obj/ble_app_hids_keyboard_pca10040e_s112/app_uart_fifo.o
                0x000029c4                app_uart_get
 .text.app_uart_put
                0x00002a04       0x50 Output/Debug/Obj/ble_app_hids_keyboard_pca10040e_s112/app_uart_fifo.o
                0x00002a04                app_uart_put
 .text.app_util_disable_irq
                0x00002a54       0x10 Output/Debug/Obj/ble_app_hids_keyboard_pca10040e_s112/app_util_platform.o
                0x00002a54                app_util_disable_irq
 .text.app_util_enable_irq
                0x00002a64       0x14 Output/Debug/Obj/ble_app_hids_keyboard_pca10040e_s112/app_util_platform.o
                0x00002a64                app_util_enable_irq
 .text.privilege_level_get
                0x00002a78       0x1a Output/Debug/Obj/ble_app_hids_keyboard_pca10040e_s112/app_util_platform.o
                0x00002a78                privilege_level_get
 *fill*         0x00002a92        0x2 
 .text.app_util_critical_region_enter
                0x00002a94       0x20 Output/Debug/Obj/ble_app_hids_keyboard_pca10040e_s112/app_util_platform.o
                0x00002a94                app_util_critical_region_enter
 .text.app_util_critical_region_exit
                0x00002ab4       0x20 Output/Debug/Obj/ble_app_hids_keyboard_pca10040e_s112/app_util_platform.o
                0x00002ab4                app_util_critical_region_exit
 .text.evt_disable
                0x00002ad4       0x20 Output/Debug/Obj/ble_app_hids_keyboard_pca10040e_s112/drv_rtc.o
 .text.evt_enable
                0x00002af4       0x24 Output/Debug/Obj/ble_app_hids_keyboard_pca10040e_s112/drv_rtc.o
 .text.evt_pending
                0x00002b18       0x2c Output/Debug/Obj/ble_app_hids_keyboard_pca10040e_s112/drv_rtc.o
 .text.drv_rtc_init
                0x00002b44      0x104 Output/Debug/Obj/ble_app_hids_keyboard_pca10040e_s112/drv_rtc.o
                0x00002b44                drv_rtc_init
 .text.drv_rtc_start
                0x00002c48       0x1c Output/Debug/Obj/ble_app_hids_keyboard_pca10040e_s112/drv_rtc.o
                0x00002c48                drv_rtc_start
 .text.drv_rtc_stop
                0x00002c64       0x1c Output/Debug/Obj/ble_app_hids_keyboard_pca10040e_s112/drv_rtc.o
                0x00002c64                drv_rtc_stop
 .text.drv_rtc_compare_set
                0x00002c80       0x54 Output/Debug/Obj/ble_app_hids_keyboard_pca10040e_s112/drv_rtc.o
                0x00002c80                drv_rtc_compare_set
 .text.drv_rtc_windowed_compare_set
                0x00002cd4       0xfc Output/Debug/Obj/ble_app_hids_keyboard_pca10040e_s112/drv_rtc.o
                0x00002cd4                drv_rtc_windowed_compare_set
 .text.drv_rtc_overflow_enable
                0x00002dd0        0x8 Output/Debug/Obj/ble_app_hids_keyboard_pca10040e_s112/drv_rtc.o
                0x00002dd0                drv_rtc_overflow_enable
 .text.drv_rtc_overflow_pending
                0x00002dd8        0x8 Output/Debug/Obj/ble_app_hids_keyboard_pca10040e_s112/drv_rtc.o
                0x00002dd8                drv_rtc_overflow_pending
 .text.drv_rtc_compare_disable
                0x00002de0        0xc Output/Debug/Obj/ble_app_hids_keyboard_pca10040e_s112/drv_rtc.o
                0x00002de0                drv_rtc_compare_disable
 .text.drv_rtc_compare_pending
                0x00002dec        0xa Output/Debug/Obj/ble_app_hids_keyboard_pca10040e_s112/drv_rtc.o
                0x00002dec                drv_rtc_compare_pending
 .text.drv_rtc_compare_get
                0x00002df6        0xc Output/Debug/Obj/ble_app_hids_keyboard_pca10040e_s112/drv_rtc.o
                0x00002df6                drv_rtc_compare_get
 .text.drv_rtc_counter_get
                0x00002e02        0x8 Output/Debug/Obj/ble_app_hids_keyboard_pca10040e_s112/drv_rtc.o
                0x00002e02                drv_rtc_counter_get
 *fill*         0x00002e0a        0x2 
 .text.drv_rtc_irq_trigger
                0x00002e0c       0x24 Output/Debug/Obj/ble_app_hids_keyboard_pca10040e_s112/drv_rtc.o
                0x00002e0c                drv_rtc_irq_trigger
 .text.RTC1_IRQHandler
                0x00002e30       0x14 Output/Debug/Obj/ble_app_hids_keyboard_pca10040e_s112/drv_rtc.o
                0x00002e30                RTC1_IRQHandler
 .text.event_send
                0x00002e44       0x20 Output/Debug/Obj/ble_app_hids_keyboard_pca10040e_s112/fds.o
 .text.header_check
                0x00002e64       0x2c Output/Debug/Obj/ble_app_hids_keyboard_pca10040e_s112/fds.o
 .text.page_identify
                0x00002e90       0x30 Output/Debug/Obj/ble_app_hids_keyboard_pca10040e_s112/fds.o
 .text.write_space_reserve
                0x00002ec0       0x5c Output/Debug/Obj/ble_app_hids_keyboard_pca10040e_s112/fds.o
 .text.gc_page_erase
                0x00002f1c       0x40 Output/Debug/Obj/ble_app_hids_keyboard_pca10040e_s112/fds.o
 .text.page_tag_write_swap
                0x00002f5c       0x28 Output/Debug/Obj/ble_app_hids_keyboard_pca10040e_s112/fds.o
 .text.page_tag_write_data
                0x00002f84       0x20 Output/Debug/Obj/ble_app_hids_keyboard_pca10040e_s112/fds.o
 .text.record_header_flag_dirty
                0x00002fa4       0x38 Output/Debug/Obj/ble_app_hids_keyboard_pca10040e_s112/fds.o
 .text.gc_record_copy
                0x00002fdc       0x38 Output/Debug/Obj/ble_app_hids_keyboard_pca10040e_s112/fds.o
 .text.queue_buf_get
                0x00003014       0x1c Output/Debug/Obj/ble_app_hids_keyboard_pca10040e_s112/fds.o
 .text.page_scan
                0x00003030       0x64 Output/Debug/Obj/ble_app_hids_keyboard_pca10040e_s112/fds.o
 .text.record_find_next
                0x00003094       0x54 Output/Debug/Obj/ble_app_hids_keyboard_pca10040e_s112/fds.o
 .text.record_find_by_desc
                0x000030e8       0xb0 Output/Debug/Obj/ble_app_hids_keyboard_pca10040e_s112/fds.o
 .text.record_find
                0x00003198       0x8c Output/Debug/Obj/ble_app_hids_keyboard_pca10040e_s112/fds.o
 .text.gc_record_find_next
                0x00003224       0x24 Output/Debug/Obj/ble_app_hids_keyboard_pca10040e_s112/fds.o
 .text.queue_process
                0x00003248      0x4c8 Output/Debug/Obj/ble_app_hids_keyboard_pca10040e_s112/fds.o
 .text.fs_event_handler
                0x00003710        0x6 Output/Debug/Obj/ble_app_hids_keyboard_pca10040e_s112/fds.o
 *fill*         0x00003716        0x2 
 .text.queue_start
                0x00003718       0x1c Output/Debug/Obj/ble_app_hids_keyboard_pca10040e_s112/fds.o
 .text.write_enqueue
                0x00003734       0xdc Output/Debug/Obj/ble_app_hids_keyboard_pca10040e_s112/fds.o
 .text.fds_register
                0x00003810       0x2c Output/Debug/Obj/ble_app_hids_keyboard_pca10040e_s112/fds.o
                0x00003810                fds_register
 .text.fds_init
                0x0000383c      0x1f8 Output/Debug/Obj/ble_app_hids_keyboard_pca10040e_s112/fds.o
                0x0000383c                fds_init
 .text.fds_record_open
                0x00003a34       0x4c Output/Debug/Obj/ble_app_hids_keyboard_pca10040e_s112/fds.o
                0x00003a34                fds_record_open
 .text.fds_record_close
                0x00003a80       0x48 Output/Debug/Obj/ble_app_hids_keyboard_pca10040e_s112/fds.o
                0x00003a80                fds_record_close
 .text.fds_record_write
                0x00003ac8        0x8 Output/Debug/Obj/ble_app_hids_keyboard_pca10040e_s112/fds.o
                0x00003ac8                fds_record_write
 .text.fds_record_update
                0x00003ad0       0x10 Output/Debug/Obj/ble_app_hids_keyboard_pca10040e_s112/fds.o
                0x00003ad0                fds_record_update
 .text.fds_gc   0x00003ae0       0x44 Output/Debug/Obj/ble_app_hids_keyboard_pca10040e_s112/fds.o
                0x00003ae0                fds_gc
 .text.fds_record_find
                0x00003b24       0x1a Output/Debug/Obj/ble_app_hids_keyboard_pca10040e_s112/fds.o
                0x00003b24                fds_record_find
 *fill*         0x00003b3e        0x2 
 .text.fds_stat
                0x00003b40      0x108 Output/Debug/Obj/ble_app_hids_keyboard_pca10040e_s112/fds.o
                0x00003b40                fds_stat
 .text.assert_nrf_callback
                0x00003c48       0x18 Output/Debug/Obj/ble_app_hids_keyboard_pca10040e_s112/nrf_assert.o
                0x00003c48                assert_nrf_callback
 .text.nrf_atfifo_wspace_close
                0x00003c60       0x12 Output/Debug/Obj/ble_app_hids_keyboard_pca10040e_s112/nrf_atfifo.o
 .text.nrf_atfifo_rspace_close
                0x00003c72       0x12 Output/Debug/Obj/ble_app_hids_keyboard_pca10040e_s112/nrf_atfifo.o
 .text.nrf_atfifo_init
                0x00003c84       0x26 Output/Debug/Obj/ble_app_hids_keyboard_pca10040e_s112/nrf_atfifo.o
                0x00003c84                nrf_atfifo_init
 .text.nrf_atfifo_item_alloc
                0x00003caa       0x54 Output/Debug/Obj/ble_app_hids_keyboard_pca10040e_s112/nrf_atfifo.o
                0x00003caa                nrf_atfifo_item_alloc
 .text.nrf_atfifo_item_put
                0x00003cfe       0x16 Output/Debug/Obj/ble_app_hids_keyboard_pca10040e_s112/nrf_atfifo.o
                0x00003cfe                nrf_atfifo_item_put
 .text.nrf_atfifo_item_get
                0x00003d14       0x56 Output/Debug/Obj/ble_app_hids_keyboard_pca10040e_s112/nrf_atfifo.o
                0x00003d14                nrf_atfifo_item_get
 .text.nrf_atfifo_item_free
                0x00003d6a       0x16 Output/Debug/Obj/ble_app_hids_keyboard_pca10040e_s112/nrf_atfifo.o
                0x00003d6a                nrf_atfifo_item_free
 .text.nrf_atomic_u32_fetch_store
                0x00003d80       0x16 Output/Debug/Obj/ble_app_hids_keyboard_pca10040e_s112/nrf_atomic.o
                0x00003d80                nrf_atomic_u32_fetch_store
 .text.nrf_atomic_u32_fetch_or
                0x00003d96       0x18 Output/Debug/Obj/ble_app_hids_keyboard_pca10040e_s112/nrf_atomic.o
                0x00003d96                nrf_atomic_u32_fetch_or
 .text.nrf_atomic_u32_or
                0x00003dae       0x18 Output/Debug/Obj/ble_app_hids_keyboard_pca10040e_s112/nrf_atomic.o
                0x00003dae                nrf_atomic_u32_or
 .text.nrf_atomic_u32_fetch_and
                0x00003dc6       0x18 Output/Debug/Obj/ble_app_hids_keyboard_pca10040e_s112/nrf_atomic.o
                0x00003dc6                nrf_atomic_u32_fetch_and
 .text.nrf_atomic_u32_and
                0x00003dde       0x18 Output/Debug/Obj/ble_app_hids_keyboard_pca10040e_s112/nrf_atomic.o
                0x00003dde                nrf_atomic_u32_and
 .text.nrf_atomic_u32_fetch_add
                0x00003df6       0x18 Output/Debug/Obj/ble_app_hids_keyboard_pca10040e_s112/nrf_atomic.o
                0x00003df6                nrf_atomic_u32_fetch_add
 .text.nrf_atomic_u32_add
                0x00003e0e       0x18 Output/Debug/Obj/ble_app_hids_keyboard_pca10040e_s112/nrf_atomic.o
                0x00003e0e                nrf_atomic_u32_add
 .text.nrf_atomic_u32_sub
                0x00003e26       0x18 Output/Debug/Obj/ble_app_hids_keyboard_pca10040e_s112/nrf_atomic.o
                0x00003e26                nrf_atomic_u32_sub
 .text.nrf_atomic_flag_set_fetch
                0x00003e3e        0x6 Output/Debug/Obj/ble_app_hids_keyboard_pca10040e_s112/nrf_atomic.o
                0x00003e3e                nrf_atomic_flag_set_fetch
 .text.nrf_atomic_flag_set
                0x00003e44        0x6 Output/Debug/Obj/ble_app_hids_keyboard_pca10040e_s112/nrf_atomic.o
                0x00003e44                nrf_atomic_flag_set
 .text.nrf_atomic_flag_clear_fetch
                0x00003e4a        0x6 Output/Debug/Obj/ble_app_hids_keyboard_pca10040e_s112/nrf_atomic.o
                0x00003e4a                nrf_atomic_flag_clear_fetch
 .text.nrf_atomic_flag_clear
                0x00003e50        0x6 Output/Debug/Obj/ble_app_hids_keyboard_pca10040e_s112/nrf_atomic.o
                0x00003e50                nrf_atomic_flag_clear
 *fill*         0x00003e56        0x2 
 .text.nrf_balloc_init
                0x00003e58       0x7c Output/Debug/Obj/ble_app_hids_keyboard_pca10040e_s112/nrf_balloc.o
                0x00003e58                nrf_balloc_init
 .text.nrf_balloc_alloc
                0x00003ed4       0x50 Output/Debug/Obj/ble_app_hids_keyboard_pca10040e_s112/nrf_balloc.o
                0x00003ed4                nrf_balloc_alloc
 .text.nrf_balloc_free
                0x00003f24       0x48 Output/Debug/Obj/ble_app_hids_keyboard_pca10040e_s112/nrf_balloc.o
                0x00003f24                nrf_balloc_free
 .text.nrf_fprintf_buffer_flush
                0x00003f6c       0x24 Output/Debug/Obj/ble_app_hids_keyboard_pca10040e_s112/nrf_fprintf.o
                0x00003f6c                nrf_fprintf_buffer_flush
 .text.nrf_fprintf
                0x00003f90       0x54 Output/Debug/Obj/ble_app_hids_keyboard_pca10040e_s112/nrf_fprintf.o
                0x00003f90                nrf_fprintf
 .text.buffer_add
                0x00003fe4       0x1e Output/Debug/Obj/ble_app_hids_keyboard_pca10040e_s112/nrf_fprintf_format.o
 *fill*         0x00004002        0x2 
 .text.unsigned_print
                0x00004004       0xb4 Output/Debug/Obj/ble_app_hids_keyboard_pca10040e_s112/nrf_fprintf_format.o
 .text.nrf_fprintf_fmt
                0x000040b8      0x2e8 Output/Debug/Obj/ble_app_hids_keyboard_pca10040e_s112/nrf_fprintf_format.o
                0x000040b8                nrf_fprintf_fmt
 .text.nrf_fstorage_init
                0x000043a0       0x64 Output/Debug/Obj/ble_app_hids_keyboard_pca10040e_s112/nrf_fstorage.o
                0x000043a0                nrf_fstorage_init
 .text.nrf_fstorage_write
                0x00004404      0x158 Output/Debug/Obj/ble_app_hids_keyboard_pca10040e_s112/nrf_fstorage.o
                0x00004404                nrf_fstorage_write
 .text.nrf_fstorage_erase
                0x0000455c       0xe0 Output/Debug/Obj/ble_app_hids_keyboard_pca10040e_s112/nrf_fstorage.o
                0x0000455c                nrf_fstorage_erase
 .text.init     0x0000463c        0xc Output/Debug/Obj/ble_app_hids_keyboard_pca10040e_s112/nrf_fstorage_nvmc.o
 .text.rmap     0x00004648        0x4 Output/Debug/Obj/ble_app_hids_keyboard_pca10040e_s112/nrf_fstorage_nvmc.o
 .text.wmap     0x0000464c        0x4 Output/Debug/Obj/ble_app_hids_keyboard_pca10040e_s112/nrf_fstorage_nvmc.o
 .text.is_busy  0x00004650       0x10 Output/Debug/Obj/ble_app_hids_keyboard_pca10040e_s112/nrf_fstorage_nvmc.o
 .text.uninit   0x00004660       0x10 Output/Debug/Obj/ble_app_hids_keyboard_pca10040e_s112/nrf_fstorage_nvmc.o
 .text.read     0x00004670        0xe Output/Debug/Obj/ble_app_hids_keyboard_pca10040e_s112/nrf_fstorage_nvmc.o
 *fill*         0x0000467e        0x2 
 .text.write    0x00004680       0x54 Output/Debug/Obj/ble_app_hids_keyboard_pca10040e_s112/nrf_fstorage_nvmc.o
 .text.erase    0x000046d4       0x60 Output/Debug/Obj/ble_app_hids_keyboard_pca10040e_s112/nrf_fstorage_nvmc.o
 .text.memobj_op
                0x00004734       0xa8 Output/Debug/Obj/ble_app_hids_keyboard_pca10040e_s112/nrf_memobj.o
 .text.nrf_memobj_pool_init
                0x000047dc        0x4 Output/Debug/Obj/ble_app_hids_keyboard_pca10040e_s112/nrf_memobj.o
                0x000047dc                nrf_memobj_pool_init
 .text.nrf_memobj_free
                0x000047e0       0x2c Output/Debug/Obj/ble_app_hids_keyboard_pca10040e_s112/nrf_memobj.o
                0x000047e0                nrf_memobj_free
 .text.nrf_memobj_alloc
                0x0000480c       0x58 Output/Debug/Obj/ble_app_hids_keyboard_pca10040e_s112/nrf_memobj.o
                0x0000480c                nrf_memobj_alloc
 .text.nrf_memobj_get
                0x00004864        0x8 Output/Debug/Obj/ble_app_hids_keyboard_pca10040e_s112/nrf_memobj.o
                0x00004864                nrf_memobj_get
 .text.nrf_memobj_put
                0x0000486c       0x1c Output/Debug/Obj/ble_app_hids_keyboard_pca10040e_s112/nrf_memobj.o
                0x0000486c                nrf_memobj_put
 .text.nrf_memobj_write
                0x00004888       0x2c Output/Debug/Obj/ble_app_hids_keyboard_pca10040e_s112/nrf_memobj.o
                0x00004888                nrf_memobj_write
 .text.nrf_memobj_read
                0x000048b4       0x30 Output/Debug/Obj/ble_app_hids_keyboard_pca10040e_s112/nrf_memobj.o
                0x000048b4                nrf_memobj_read
 .text.nrf_pwr_mgmt_run
                0x000048e4        0x8 Output/Debug/Obj/ble_app_hids_keyboard_pca10040e_s112/nrf_pwr_mgmt.o
                0x000048e4                nrf_pwr_mgmt_run
 .text.nrf_ringbuf_init
                0x000048ec       0x12 Output/Debug/Obj/ble_app_hids_keyboard_pca10040e_s112/nrf_ringbuf.o
                0x000048ec                nrf_ringbuf_init
 *fill*         0x000048fe        0x2 
 .text.nrf_sortlist_add
                0x00004900       0x3c Output/Debug/Obj/ble_app_hids_keyboard_pca10040e_s112/nrf_sortlist.o
                0x00004900                nrf_sortlist_add
 .text.nrf_sortlist_pop
                0x0000493c       0x20 Output/Debug/Obj/ble_app_hids_keyboard_pca10040e_s112/nrf_sortlist.o
                0x0000493c                nrf_sortlist_pop
 .text.nrf_sortlist_peek
                0x0000495c       0x18 Output/Debug/Obj/ble_app_hids_keyboard_pca10040e_s112/nrf_sortlist.o
                0x0000495c                nrf_sortlist_peek
 .text.nrf_sortlist_remove
                0x00004974       0x38 Output/Debug/Obj/ble_app_hids_keyboard_pca10040e_s112/nrf_sortlist.o
                0x00004974                nrf_sortlist_remove
 .text.nrf_strerror_find
                0x000049ac       0x34 Output/Debug/Obj/ble_app_hids_keyboard_pca10040e_s112/nrf_strerror.o
                0x000049ac                nrf_strerror_find
 .text.nrf_strerror_get
                0x000049e0       0x14 Output/Debug/Obj/ble_app_hids_keyboard_pca10040e_s112/nrf_strerror.o
                0x000049e0                nrf_strerror_get
 .text.nrf_log_backend_rtt_flush
                0x000049f4        0x2 Output/Debug/Obj/ble_app_hids_keyboard_pca10040e_s112/nrf_log_backend_rtt.o
 *fill*         0x000049f6        0x2 
 .text.nrf_log_backend_rtt_put
                0x000049f8       0x20 Output/Debug/Obj/ble_app_hids_keyboard_pca10040e_s112/nrf_log_backend_rtt.o
 .text.serial_tx
                0x00004a18       0x5c Output/Debug/Obj/ble_app_hids_keyboard_pca10040e_s112/nrf_log_backend_rtt.o
 .text.nrf_log_backend_rtt_panic_set
                0x00004a74        0x2 Output/Debug/Obj/ble_app_hids_keyboard_pca10040e_s112/nrf_log_backend_rtt.o
 .text.nrf_log_backend_rtt_init
                0x00004a76        0x4 Output/Debug/Obj/ble_app_hids_keyboard_pca10040e_s112/nrf_log_backend_rtt.o
                0x00004a76                nrf_log_backend_rtt_init
 .text.nrf_log_backend_serial_put
                0x00004a7a       0xc2 Output/Debug/Obj/ble_app_hids_keyboard_pca10040e_s112/nrf_log_backend_serial.o
                0x00004a7a                nrf_log_backend_serial_put
 .text.nrf_log_default_backends_init
                0x00004b3c       0x30 Output/Debug/Obj/ble_app_hids_keyboard_pca10040e_s112/nrf_log_default_backends.o
                0x00004b3c                nrf_log_default_backends_init
 .text.invalid_packets_omit
                0x00004b6c       0x38 Output/Debug/Obj/ble_app_hids_keyboard_pca10040e_s112/nrf_log_frontend.o
 .text.buf_prealloc.isra.0
                0x00004ba4      0x120 Output/Debug/Obj/ble_app_hids_keyboard_pca10040e_s112/nrf_log_frontend.o
 .text.nrf_log_init
                0x00004cc4       0x28 Output/Debug/Obj/ble_app_hids_keyboard_pca10040e_s112/nrf_log_frontend.o
                0x00004cc4                nrf_log_init
 .text.nrf_log_module_name_get
                0x00004cec       0x38 Output/Debug/Obj/ble_app_hids_keyboard_pca10040e_s112/nrf_log_frontend.o
                0x00004cec                nrf_log_module_name_get
 .text.nrf_log_color_id_get
                0x00004d24       0x2c Output/Debug/Obj/ble_app_hids_keyboard_pca10040e_s112/nrf_log_frontend.o
                0x00004d24                nrf_log_color_id_get
 .text.log_pending_hook
                0x00004d50        0x2 Output/Debug/Obj/ble_app_hids_keyboard_pca10040e_s112/nrf_log_frontend.o
                0x00004d50                log_pending_hook
 *fill*         0x00004d52        0x2 
 .text.buffer_is_empty
                0x00004d54       0x14 Output/Debug/Obj/ble_app_hids_keyboard_pca10040e_s112/nrf_log_frontend.o
                0x00004d54                buffer_is_empty
 .text.nrf_log_frontend_dequeue
                0x00004d68      0x1fc Output/Debug/Obj/ble_app_hids_keyboard_pca10040e_s112/nrf_log_frontend.o
                0x00004d68                nrf_log_frontend_dequeue
 .text.std_n    0x00004f64       0xb8 Output/Debug/Obj/ble_app_hids_keyboard_pca10040e_s112/nrf_log_frontend.o
 .text.nrf_log_frontend_std_0
                0x0000501c        0x8 Output/Debug/Obj/ble_app_hids_keyboard_pca10040e_s112/nrf_log_frontend.o
                0x0000501c                nrf_log_frontend_std_0
 .text.nrf_log_frontend_std_1
                0x00005024       0x12 Output/Debug/Obj/ble_app_hids_keyboard_pca10040e_s112/nrf_log_frontend.o
                0x00005024                nrf_log_frontend_std_1
 .text.nrf_log_frontend_std_2
                0x00005036       0x14 Output/Debug/Obj/ble_app_hids_keyboard_pca10040e_s112/nrf_log_frontend.o
                0x00005036                nrf_log_frontend_std_2
 .text.nrf_log_frontend_std_3
                0x0000504a       0x18 Output/Debug/Obj/ble_app_hids_keyboard_pca10040e_s112/nrf_log_frontend.o
                0x0000504a                nrf_log_frontend_std_3
 .text.nrf_log_frontend_std_4
                0x00005062       0x1c Output/Debug/Obj/ble_app_hids_keyboard_pca10040e_s112/nrf_log_frontend.o
                0x00005062                nrf_log_frontend_std_4
 .text.nrf_log_frontend_std_5
                0x0000507e       0x20 Output/Debug/Obj/ble_app_hids_keyboard_pca10040e_s112/nrf_log_frontend.o
                0x0000507e                nrf_log_frontend_std_5
 *fill*         0x0000509e        0x2 
 .text.nrf_log_backend_add
                0x000050a0       0x40 Output/Debug/Obj/ble_app_hids_keyboard_pca10040e_s112/nrf_log_frontend.o
                0x000050a0                nrf_log_backend_add
 .text.nrf_log_panic
                0x000050e0       0x28 Output/Debug/Obj/ble_app_hids_keyboard_pca10040e_s112/nrf_log_frontend.o
                0x000050e0                nrf_log_panic
 .text.postfix_process
                0x00005108       0x3c Output/Debug/Obj/ble_app_hids_keyboard_pca10040e_s112/nrf_log_str_formatter.o
 .text.prefix_process.constprop.0
                0x00005144       0x78 Output/Debug/Obj/ble_app_hids_keyboard_pca10040e_s112/nrf_log_str_formatter.o
 .text.nrf_log_std_entry_process
                0x000051bc       0xc8 Output/Debug/Obj/ble_app_hids_keyboard_pca10040e_s112/nrf_log_str_formatter.o
                0x000051bc                nrf_log_std_entry_process
 .text.nrf_log_hexdump_entry_process
                0x00005284       0xac Output/Debug/Obj/ble_app_hids_keyboard_pca10040e_s112/nrf_log_str_formatter.o
                0x00005284                nrf_log_hexdump_entry_process
 .text.update_rf_payload_format_esb_dpl
                0x00005330       0x2c Output/Debug/Obj/ble_app_hids_keyboard_pca10040e_s112/nrf_esb.o
 .text.update_rf_payload_format_esb
                0x0000535c       0x2c Output/Debug/Obj/ble_app_hids_keyboard_pca10040e_s112/nrf_esb.o
 .text.update_radio_bitrate
                0x00005388       0x4c Output/Debug/Obj/ble_app_hids_keyboard_pca10040e_s112/nrf_esb.o
 .text.reset_fifos
                0x000053d4       0x1c Output/Debug/Obj/ble_app_hids_keyboard_pca10040e_s112/nrf_esb.o
 .text.on_radio_disabled_tx
                0x000053f0       0x8c Output/Debug/Obj/ble_app_hids_keyboard_pca10040e_s112/nrf_esb.o
 .text.rx_fifo_push_rfbuf.part.0
                0x0000547c       0x88 Output/Debug/Obj/ble_app_hids_keyboard_pca10040e_s112/nrf_esb.o
 .text.update_radio_addresses.part.0
                0x00005504       0x28 Output/Debug/Obj/ble_app_hids_keyboard_pca10040e_s112/nrf_esb.o
 .text.start_tx_transaction
                0x0000552c      0x14c Output/Debug/Obj/ble_app_hids_keyboard_pca10040e_s112/nrf_esb.o
 .text.nrf_esb_skip_tx
                0x00005678       0x4c Output/Debug/Obj/ble_app_hids_keyboard_pca10040e_s112/nrf_esb.o
                0x00005678                nrf_esb_skip_tx
 .text.on_radio_disabled_tx_noack
                0x000056c4       0x44 Output/Debug/Obj/ble_app_hids_keyboard_pca10040e_s112/nrf_esb.o
 .text.on_radio_disabled_tx_wait_for_ack
                0x00005708      0x164 Output/Debug/Obj/ble_app_hids_keyboard_pca10040e_s112/nrf_esb.o
 .text.RADIO_IRQHandler
                0x0000586c       0x54 Output/Debug/Obj/ble_app_hids_keyboard_pca10040e_s112/nrf_esb.o
                0x0000586c                RADIO_IRQHandler
 .text.nrf_esb_disable
                0x000058c0       0x64 Output/Debug/Obj/ble_app_hids_keyboard_pca10040e_s112/nrf_esb.o
                0x000058c0                nrf_esb_disable
 .text.nrf_esb_init
                0x00005924      0x228 Output/Debug/Obj/ble_app_hids_keyboard_pca10040e_s112/nrf_esb.o
                0x00005924                nrf_esb_init
 .text.SWI0_EGU0_IRQHandler
                0x00005b4c       0x74 Output/Debug/Obj/ble_app_hids_keyboard_pca10040e_s112/nrf_esb.o
                0x00005b4c                SWI0_EGU0_IRQHandler
 .text.nrf_esb_write_payload
                0x00005bc0      0x168 Output/Debug/Obj/ble_app_hids_keyboard_pca10040e_s112/nrf_esb.o
                0x00005bc0                nrf_esb_write_payload
 .text.nrf_esb_read_rx_payload
                0x00005d28       0x74 Output/Debug/Obj/ble_app_hids_keyboard_pca10040e_s112/nrf_esb.o
                0x00005d28                nrf_esb_read_rx_payload
 .text.nrf_esb_start_tx
                0x00005d9c       0x2c Output/Debug/Obj/ble_app_hids_keyboard_pca10040e_s112/nrf_esb.o
                0x00005d9c                nrf_esb_start_tx
 .text.nrf_esb_flush_tx
                0x00005dc8       0x34 Output/Debug/Obj/ble_app_hids_keyboard_pca10040e_s112/nrf_esb.o
                0x00005dc8                nrf_esb_flush_tx
 .text.nrf_esb_set_base_address_0
                0x00005dfc       0x34 Output/Debug/Obj/ble_app_hids_keyboard_pca10040e_s112/nrf_esb.o
                0x00005dfc                nrf_esb_set_base_address_0
 .text.nrf_esb_set_base_address_1
                0x00005e30       0x34 Output/Debug/Obj/ble_app_hids_keyboard_pca10040e_s112/nrf_esb.o
                0x00005e30                nrf_esb_set_base_address_1
 .text.nrf_esb_set_prefixes
                0x00005e64       0x4c Output/Debug/Obj/ble_app_hids_keyboard_pca10040e_s112/nrf_esb.o
                0x00005e64                nrf_esb_set_prefixes
 .text.nrf_esb_set_rf_channel
                0x00005eb0       0x28 Output/Debug/Obj/ble_app_hids_keyboard_pca10040e_s112/nrf_esb.o
                0x00005eb0                nrf_esb_set_rf_channel
 .text._GetAvailWriteSpace
                0x00005ed8       0x12 Output/Debug/Obj/ble_app_hids_keyboard_pca10040e_s112/SEGGER_RTT.o
 .text._WriteNoCheck
                0x00005eea       0x36 Output/Debug/Obj/ble_app_hids_keyboard_pca10040e_s112/SEGGER_RTT.o
 .text._WriteBlocking
                0x00005f20       0x54 Output/Debug/Obj/ble_app_hids_keyboard_pca10040e_s112/SEGGER_RTT.o
 .text._DoInit  0x00005f74       0x60 Output/Debug/Obj/ble_app_hids_keyboard_pca10040e_s112/SEGGER_RTT.o
 .text.SEGGER_RTT_WriteNoLock
                0x00005fd4       0x58 Output/Debug/Obj/ble_app_hids_keyboard_pca10040e_s112/SEGGER_RTT.o
                0x00005fd4                SEGGER_RTT_WriteNoLock
 .text.SEGGER_RTT_Init
                0x0000602c        0x4 Output/Debug/Obj/ble_app_hids_keyboard_pca10040e_s112/SEGGER_RTT.o
                0x0000602c                SEGGER_RTT_Init
 .text.fds_evt_handler
                0x00006030       0xa4 Output/Debug/Obj/ble_app_hids_keyboard_pca10040e_s112/fds_my.o
 .text.fds_update_esb_data
                0x000060d4       0x8c Output/Debug/Obj/ble_app_hids_keyboard_pca10040e_s112/fds_my.o
                0x000060d4                fds_update_esb_data
 .text.fds_init_my
                0x00006160      0x1e0 Output/Debug/Obj/ble_app_hids_keyboard_pca10040e_s112/fds_my.o
                0x00006160                fds_init_my
 .text.send_mx_data
                0x00006340       0x2c Output/Debug/Obj/ble_app_hids_keyboard_pca10040e_s112/sp_matrix.o
 .text.keyboard_keep_timeout_handler
                0x0000636c       0x40 Output/Debug/Obj/ble_app_hids_keyboard_pca10040e_s112/sp_matrix.o
 .text.nrf_gpio_pin_port_decode.isra.0
                0x000063ac       0x24 Output/Debug/Obj/ble_app_hids_keyboard_pca10040e_s112/sp_matrix.o
 .text.shift_out_single
                0x000063d0       0x68 Output/Debug/Obj/ble_app_hids_keyboard_pca10040e_s112/sp_matrix.o
 .text.unselect_col.isra.0
                0x00006438       0x26 Output/Debug/Obj/ble_app_hids_keyboard_pca10040e_s112/sp_matrix.o
 *fill*         0x0000645e        0x2 
 .text.in_pin_handler
                0x00006460       0xa8 Output/Debug/Obj/ble_app_hids_keyboard_pca10040e_s112/sp_matrix.o
                0x00006460                in_pin_handler
 .text.compare_keys
                0x00006508       0x1c Output/Debug/Obj/ble_app_hids_keyboard_pca10040e_s112/sp_matrix.o
                0x00006508                compare_keys
 .text.keyboard_scan_timeout_handler
                0x00006524      0x220 Output/Debug/Obj/ble_app_hids_keyboard_pca10040e_s112/sp_matrix.o
 .text.sp_matrix_init
                0x00006744      0x128 Output/Debug/Obj/ble_app_hids_keyboard_pca10040e_s112/sp_matrix.o
                0x00006744                sp_matrix_init
 .text.saadc_callback
                0x0000686c       0x68 Output/Debug/Obj/ble_app_hids_keyboard_pca10040e_s112/u_adc.o
                0x0000686c                saadc_callback
 .text.my_adc_init
                0x000068d4       0x4c Output/Debug/Obj/ble_app_hids_keyboard_pca10040e_s112/u_adc.o
                0x000068d4                my_adc_init
 .text.bat_percent
                0x00006920       0x22 Output/Debug/Obj/ble_app_hids_keyboard_pca10040e_s112/u_adc.o
                0x00006920                bat_percent
 *fill*         0x00006942        0x2 
 .text.nrf_esb_event_handler_tx
                0x00006944       0x8c Output/Debug/Obj/ble_app_hids_keyboard_pca10040e_s112/u_esb_recv.o
 .text.esb_init_tx
                0x000069d0       0x88 Output/Debug/Obj/ble_app_hids_keyboard_pca10040e_s112/u_esb_recv.o
                0x000069d0                esb_init_tx
 .text.nrf_gpio_pin_port_decode.isra.0
                0x00006a58       0x24 Output/Debug/Obj/ble_app_hids_keyboard_pca10040e_s112/uart_distributor.o
 .text.esb_reinit
                0x00006a7c       0x84 Output/Debug/Obj/ble_app_hids_keyboard_pca10040e_s112/uart_distributor.o
                0x00006a7c                esb_reinit
 .text.uart_event_handle_by_header_buffer
                0x00006b00      0x38c Output/Debug/Obj/ble_app_hids_keyboard_pca10040e_s112/uart_distributor.o
 .text.uart_init
                0x00006e8c       0x78 Output/Debug/Obj/ble_app_hids_keyboard_pca10040e_s112/uart_distributor.o
                0x00006e8c                uart_init
 .text.libc.__SEGGER_RTL_init_heap
                0x00006f04       0x16 C:/Program Files/SEGGER/SEGGER Embedded Studio 8.24/lib/heapops_basic_v7em_t_le_eabi_balanced.a(heapops_basic.o)
                0x00006f04                __SEGGER_RTL_init_heap
 .text.libc.strlen
                0x00006f1a       0x2a C:/Program Files/SEGGER/SEGGER Embedded Studio 8.24/lib/strops_unaligned_v7em_t_le_eabi_balanced.a(strops.o)
                0x00006f1a                strlen
 .text.libc.strcpy
                0x00006f44       0x30 C:/Program Files/SEGGER/SEGGER Embedded Studio 8.24/lib/strops_unaligned_v7em_t_le_eabi_balanced.a(strasmops_arm.o)
                0x00006f44                strcpy
 .text.libc.memcpy
                0x00006f74       0x5c C:/Program Files/SEGGER/SEGGER Embedded Studio 8.24/lib/strops_unaligned_v7em_t_le_eabi_balanced.a(strasmops_arm.o)
                0x00006f74                __aeabi_memcpy
                0x00006f74                memcpy
                0x00006f92                __aeabi_memcpy8
                0x00006f92                __aeabi_memcpy4
 .text.libc.__aeabi_memclr
                0x00006fd0       0x68 C:/Program Files/SEGGER/SEGGER Embedded Studio 8.24/lib/strops_unaligned_v7em_t_le_eabi_balanced.a(strasmops_arm.o)
                0x00006fd0                __aeabi_memclr8
                0x00006fd0                __aeabi_memclr
                0x00006fd0                __aeabi_memclr4
                0x00006fd2                __aeabi_memset4
                0x00006fd2                __aeabi_memset8
                0x00006fd2                __aeabi_memset
                0x00006fd8                memset
 .text.libc.__SEGGER_RTL_ascii_mbtowc
                0x00007038       0x32 C:/Program Files/SEGGER/SEGGER Embedded Studio 8.24/lib/mbops_timeops_v7em_t_le_eabi_balanced.a(mbops.o)
                0x00007038                __SEGGER_RTL_ascii_mbtowc
 .text.libc.__SEGGER_RTL_ascii_wctomb
                0x0000706a        0xe C:/Program Files/SEGGER/SEGGER Embedded Studio 8.24/lib/mbops_timeops_v7em_t_le_eabi_balanced.a(mbops.o)
                0x0000706a                __SEGGER_RTL_ascii_wctomb
 .text.libc.isprint
                0x00007078       0x20 C:/Program Files/SEGGER/SEGGER Embedded Studio 8.24/lib/mbops_timeops_v7em_t_le_eabi_balanced.a(mbops.o)
                0x00007078                isprint
 .text.libc.__SEGGER_RTL_ascii_isctype
                0x00007098       0x20 C:/Program Files/SEGGER/SEGGER Embedded Studio 8.24/lib/mbops_timeops_v7em_t_le_eabi_balanced.a(mbops.o)
 .text.libc.__SEGGER_RTL_ascii_toupper
                0x000070b8        0xc C:/Program Files/SEGGER/SEGGER Embedded Studio 8.24/lib/mbops_timeops_v7em_t_le_eabi_balanced.a(mbops.o)
 .text.libc.__SEGGER_RTL_ascii_tolower
                0x000070c4        0xe C:/Program Files/SEGGER/SEGGER Embedded Studio 8.24/lib/mbops_timeops_v7em_t_le_eabi_balanced.a(mbops.o)
 .text.libc.__SEGGER_RTL_ascii_iswctype
                0x000070d2       0x20 C:/Program Files/SEGGER/SEGGER Embedded Studio 8.24/lib/mbops_timeops_v7em_t_le_eabi_balanced.a(mbops.o)
 .text.libc.__SEGGER_RTL_ascii_towupper
                0x000070f2        0xc C:/Program Files/SEGGER/SEGGER Embedded Studio 8.24/lib/mbops_timeops_v7em_t_le_eabi_balanced.a(mbops.o)
 .text.libc.__SEGGER_RTL_ascii_towlower
                0x000070fe        0xe C:/Program Files/SEGGER/SEGGER Embedded Studio 8.24/lib/mbops_timeops_v7em_t_le_eabi_balanced.a(mbops.o)
                0x0000710c                        __text_end__ = (__text_start__ + SIZEOF (.text))
                0x00006d10                        __text_size__ = SIZEOF (.text)
                0x0000710c                        __text_load_end__ = __text_end__

.vfp11_veneer   0x00000000        0x0
 .vfp11_veneer  0x00000000        0x0 linker stubs

.v4_bx          0x00000000        0x0
 .v4_bx         0x00000000        0x0 linker stubs

.iplt           0x00000000        0x0
 .iplt          0x00000000        0x0 Output/Debug/Obj/ble_app_hids_keyboard_pca10040e_s112/main.o
                0x00000001                        . = ASSERT (((__text_start__ == __text_end__) || ((__text_end__ - __FLASH_segment_start__) <= __FLASH_segment_size__)), error: .text is too large to fit in FLASH memory segment)
                0x0000710c                        __sdh_soc_observers_load_start__ = ALIGN (__text_end__, 0x4)

.sdh_soc_observers
                0x0000710c        0x0
                0x0000710c                        __sdh_soc_observers_start__ = .
                0x0000710c                        __start_sdh_soc_observers = __sdh_soc_observers_start__
 *(SORT_BY_NAME(.sdh_soc_observers*))
                0x0000710c                        __sdh_soc_observers_end__ = (__sdh_soc_observers_start__ + SIZEOF (.sdh_soc_observers))
                0x00000000                        __sdh_soc_observers_size__ = SIZEOF (.sdh_soc_observers)
                0x0000710c                        __stop_sdh_soc_observers = __sdh_soc_observers_end__
                0x0000710c                        __sdh_soc_observers_load_end__ = __sdh_soc_observers_end__
                0x00000001                        . = ASSERT (((__sdh_soc_observers_start__ == __sdh_soc_observers_end__) || ((__sdh_soc_observers_end__ - __FLASH_segment_start__) <= __FLASH_segment_size__)), error: .sdh_soc_observers is too large to fit in FLASH memory segment)
                0x0000710c                        __sdh_ble_observers_load_start__ = ALIGN (__sdh_soc_observers_end__, 0x4)

.sdh_ble_observers
                0x0000710c        0x0
                0x0000710c                        __sdh_ble_observers_start__ = .
                0x0000710c                        __start_sdh_ble_observers = __sdh_ble_observers_start__
 *(SORT_BY_NAME(.sdh_ble_observers*))
                0x0000710c                        __sdh_ble_observers_end__ = (__sdh_ble_observers_start__ + SIZEOF (.sdh_ble_observers))
                0x00000000                        __sdh_ble_observers_size__ = SIZEOF (.sdh_ble_observers)
                0x0000710c                        __stop_sdh_ble_observers = __sdh_ble_observers_end__
                0x0000710c                        __sdh_ble_observers_load_end__ = __sdh_ble_observers_end__
                0x00000001                        . = ASSERT (((__sdh_ble_observers_start__ == __sdh_ble_observers_end__) || ((__sdh_ble_observers_end__ - __FLASH_segment_start__) <= __FLASH_segment_size__)), error: .sdh_ble_observers is too large to fit in FLASH memory segment)
                0x0000710c                        __pwr_mgmt_data_load_start__ = ALIGN (__sdh_ble_observers_end__, 0x4)

.pwr_mgmt_data  0x0000710c        0x0
                0x0000710c                        __pwr_mgmt_data_start__ = .
                0x0000710c                        __start_pwr_mgmt_data = __pwr_mgmt_data_start__
 *(SORT_BY_NAME(.pwr_mgmt_data*))
                0x0000710c                        __pwr_mgmt_data_end__ = (__pwr_mgmt_data_start__ + SIZEOF (.pwr_mgmt_data))
                0x00000000                        __pwr_mgmt_data_size__ = SIZEOF (.pwr_mgmt_data)
                0x0000710c                        __stop_pwr_mgmt_data = __pwr_mgmt_data_end__
                0x0000710c                        __pwr_mgmt_data_load_end__ = __pwr_mgmt_data_end__
                0x00000001                        . = ASSERT (((__pwr_mgmt_data_start__ == __pwr_mgmt_data_end__) || ((__pwr_mgmt_data_end__ - __FLASH_segment_start__) <= __FLASH_segment_size__)), error: .pwr_mgmt_data is too large to fit in FLASH memory segment)
                0x0000710c                        __sdh_req_observers_load_start__ = ALIGN (__pwr_mgmt_data_end__, 0x4)

.sdh_req_observers
                0x0000710c        0x0
                0x0000710c                        __sdh_req_observers_start__ = .
                0x0000710c                        __start_sdh_req_observers = __sdh_req_observers_start__
 *(SORT_BY_NAME(.sdh_req_observers*))
                0x0000710c                        __sdh_req_observers_end__ = (__sdh_req_observers_start__ + SIZEOF (.sdh_req_observers))
                0x00000000                        __sdh_req_observers_size__ = SIZEOF (.sdh_req_observers)
                0x0000710c                        __stop_sdh_req_observers = __sdh_req_observers_end__
                0x0000710c                        __sdh_req_observers_load_end__ = __sdh_req_observers_end__
                0x00000001                        . = ASSERT (((__sdh_req_observers_start__ == __sdh_req_observers_end__) || ((__sdh_req_observers_end__ - __FLASH_segment_start__) <= __FLASH_segment_size__)), error: .sdh_req_observers is too large to fit in FLASH memory segment)
                0x0000710c                        __sdh_state_observers_load_start__ = ALIGN (__sdh_req_observers_end__, 0x4)

.sdh_state_observers
                0x0000710c        0x0
                0x0000710c                        __sdh_state_observers_start__ = .
                0x0000710c                        __start_sdh_state_observers = __sdh_state_observers_start__
 *(SORT_BY_NAME(.sdh_state_observers*))
                0x0000710c                        __sdh_state_observers_end__ = (__sdh_state_observers_start__ + SIZEOF (.sdh_state_observers))
                0x00000000                        __sdh_state_observers_size__ = SIZEOF (.sdh_state_observers)
                0x0000710c                        __stop_sdh_state_observers = __sdh_state_observers_end__
                0x0000710c                        __sdh_state_observers_load_end__ = __sdh_state_observers_end__
                0x00000001                        . = ASSERT (((__sdh_state_observers_start__ == __sdh_state_observers_end__) || ((__sdh_state_observers_end__ - __FLASH_segment_start__) <= __FLASH_segment_size__)), error: .sdh_state_observers is too large to fit in FLASH memory segment)
                0x0000710c                        __sdh_stack_observers_load_start__ = ALIGN (__sdh_state_observers_end__, 0x4)

.sdh_stack_observers
                0x0000710c        0x0
                0x0000710c                        __sdh_stack_observers_start__ = .
                0x0000710c                        __start_sdh_stack_observers = __sdh_stack_observers_start__
 *(SORT_BY_NAME(.sdh_stack_observers*))
                0x0000710c                        __sdh_stack_observers_end__ = (__sdh_stack_observers_start__ + SIZEOF (.sdh_stack_observers))
                0x00000000                        __sdh_stack_observers_size__ = SIZEOF (.sdh_stack_observers)
                0x0000710c                        __stop_sdh_stack_observers = __sdh_stack_observers_end__
                0x0000710c                        __sdh_stack_observers_load_end__ = __sdh_stack_observers_end__
                0x00000001                        . = ASSERT (((__sdh_stack_observers_start__ == __sdh_stack_observers_end__) || ((__sdh_stack_observers_end__ - __FLASH_segment_start__) <= __FLASH_segment_size__)), error: .sdh_stack_observers is too large to fit in FLASH memory segment)
                0x0000710c                        __nrf_queue_load_start__ = ALIGN (__sdh_stack_observers_end__, 0x4)

.nrf_queue      0x0000710c        0x0
                0x0000710c                        __nrf_queue_start__ = .
                0x0000710c                        __start_nrf_queue = __nrf_queue_start__
 *(.nrf_queue*)
                0x0000710c                        __nrf_queue_end__ = (__nrf_queue_start__ + SIZEOF (.nrf_queue))
                0x00000000                        __nrf_queue_size__ = SIZEOF (.nrf_queue)
                0x0000710c                        __stop_nrf_queue = __nrf_queue_end__
                0x0000710c                        __nrf_queue_load_end__ = __nrf_queue_end__
                0x00000001                        . = ASSERT (((__nrf_queue_start__ == __nrf_queue_end__) || ((__nrf_queue_end__ - __FLASH_segment_start__) <= __FLASH_segment_size__)), error: .nrf_queue is too large to fit in FLASH memory segment)
                0x0000710c                        __nrf_balloc_load_start__ = ALIGN (__nrf_queue_end__, 0x4)

.nrf_balloc     0x0000710c       0x14
                0x0000710c                        __nrf_balloc_start__ = .
                0x0000710c                        __start_nrf_balloc = __nrf_balloc_start__
 *(.nrf_balloc*)
 .nrf_balloc    0x0000710c       0x14 Output/Debug/Obj/ble_app_hids_keyboard_pca10040e_s112/nrf_log_frontend.o
                0x0000710c                log_mempool
                0x00007120                        __nrf_balloc_end__ = (__nrf_balloc_start__ + SIZEOF (.nrf_balloc))
                0x00000014                        __nrf_balloc_size__ = SIZEOF (.nrf_balloc)
                0x00007120                        __stop_nrf_balloc = __nrf_balloc_end__
                0x00007120                        __nrf_balloc_load_end__ = __nrf_balloc_end__
                0x00000001                        . = ASSERT (((__nrf_balloc_start__ == __nrf_balloc_end__) || ((__nrf_balloc_end__ - __FLASH_segment_start__) <= __FLASH_segment_size__)), error: .nrf_balloc is too large to fit in FLASH memory segment)
                0x00007120                        __cli_command_load_start__ = ALIGN (__nrf_balloc_end__, 0x4)

.cli_command    0x00007120        0x0
                0x00007120                        __cli_command_start__ = .
                0x00007120                        __start_cli_command = __cli_command_start__
 *(.cli_command*)
                0x00007120                        __cli_command_end__ = (__cli_command_start__ + SIZEOF (.cli_command))
                0x00000000                        __cli_command_size__ = SIZEOF (.cli_command)
                0x00007120                        __stop_cli_command = __cli_command_end__
                0x00007120                        __cli_command_load_end__ = __cli_command_end__
                0x00000001                        . = ASSERT (((__cli_command_start__ == __cli_command_end__) || ((__cli_command_end__ - __FLASH_segment_start__) <= __FLASH_segment_size__)), error: .cli_command is too large to fit in FLASH memory segment)
                0x00007120                        __crypto_data_load_start__ = ALIGN (__cli_command_end__, 0x4)

.crypto_data    0x00007120        0x0
                0x00007120                        __crypto_data_start__ = .
                0x00007120                        __start_crypto_data = __crypto_data_start__
 *(SORT_BY_NAME(.crypto_data*))
                0x00007120                        __crypto_data_end__ = (__crypto_data_start__ + SIZEOF (.crypto_data))
                0x00000000                        __crypto_data_size__ = SIZEOF (.crypto_data)
                0x00007120                        __stop_crypto_data = __crypto_data_end__
                0x00007120                        __crypto_data_load_end__ = __crypto_data_end__
                0x00000001                        . = ASSERT (((__crypto_data_start__ == __crypto_data_end__) || ((__crypto_data_end__ - __FLASH_segment_start__) <= __FLASH_segment_size__)), error: .crypto_data is too large to fit in FLASH memory segment)
                0x00007120                        __log_const_data_load_start__ = ALIGN (__crypto_data_end__, 0x4)

.log_const_data
                0x00007120       0x60
                0x00007120                        __log_const_data_start__ = .
                0x00007120                        __start_log_const_data = __log_const_data_start__
 *(SORT_BY_NAME(.log_const_data*))
 .log_const_data_CLOCK
                0x00007120        0x8 Output/Debug/Obj/ble_app_hids_keyboard_pca10040e_s112/nrfx_clock.o
                0x00007120                m_nrf_log_CLOCK_logs_data_const
 .log_const_data_GPIOTE
                0x00007128        0x8 Output/Debug/Obj/ble_app_hids_keyboard_pca10040e_s112/nrfx_gpiote.o
                0x00007128                m_nrf_log_GPIOTE_logs_data_const
 .log_const_data_PRS
                0x00007130        0x8 Output/Debug/Obj/ble_app_hids_keyboard_pca10040e_s112/nrfx_prs.o
                0x00007130                m_nrf_log_PRS_logs_data_const
 .log_const_data_SAADC
                0x00007138        0x8 Output/Debug/Obj/ble_app_hids_keyboard_pca10040e_s112/nrfx_saadc.o
                0x00007138                m_nrf_log_SAADC_logs_data_const
 .log_const_data_UART
                0x00007140        0x8 Output/Debug/Obj/ble_app_hids_keyboard_pca10040e_s112/nrfx_uart.o
                0x00007140                m_nrf_log_UART_logs_data_const
 .log_const_data_UARTE
                0x00007148        0x8 Output/Debug/Obj/ble_app_hids_keyboard_pca10040e_s112/nrfx_uarte.o
                0x00007148                m_nrf_log_UARTE_logs_data_const
 .log_const_data_app
                0x00007150        0x8 Output/Debug/Obj/ble_app_hids_keyboard_pca10040e_s112/nrf_log_frontend.o
                0x00007150                m_nrf_log_app_logs_data_const
 .log_const_data_app_timer
                0x00007158        0x8 Output/Debug/Obj/ble_app_hids_keyboard_pca10040e_s112/app_timer2.o
                0x00007158                m_nrf_log_app_timer_logs_data_const
 .log_const_data_clock
                0x00007160        0x8 Output/Debug/Obj/ble_app_hids_keyboard_pca10040e_s112/nrf_drv_clock.o
                0x00007160                m_nrf_log_clock_logs_data_const
 .log_const_data_nrf_fstorage
                0x00007168        0x8 Output/Debug/Obj/ble_app_hids_keyboard_pca10040e_s112/nrf_fstorage.o
                0x00007168                m_nrf_log_nrf_fstorage_logs_data_const
 .log_const_data_pwr_mgmt
                0x00007170        0x8 Output/Debug/Obj/ble_app_hids_keyboard_pca10040e_s112/nrf_pwr_mgmt.o
                0x00007170                m_nrf_log_pwr_mgmt_logs_data_const
 .log_const_data_sortlist
                0x00007178        0x8 Output/Debug/Obj/ble_app_hids_keyboard_pca10040e_s112/nrf_sortlist.o
                0x00007178                m_nrf_log_sortlist_logs_data_const
                0x00007180                        __log_const_data_end__ = (__log_const_data_start__ + SIZEOF (.log_const_data))
                0x00000060                        __log_const_data_size__ = SIZEOF (.log_const_data)
                0x00007180                        __stop_log_const_data = __log_const_data_end__
                0x00007180                        __log_const_data_load_end__ = __log_const_data_end__
                0x00000001                        . = ASSERT (((__log_const_data_start__ == __log_const_data_end__) || ((__log_const_data_end__ - __FLASH_segment_start__) <= __FLASH_segment_size__)), error: .log_const_data is too large to fit in FLASH memory segment)
                0x00007180                        __log_backends_load_start__ = ALIGN (__log_const_data_end__, 0x4)

.log_backends   0x00007180       0x10
                0x00007180                        __log_backends_start__ = .
                0x00007180                        __start_log_backends = __log_backends_start__
 *(SORT_BY_NAME(.log_backends*))
 .log_backends  0x00007180       0x10 Output/Debug/Obj/ble_app_hids_keyboard_pca10040e_s112/nrf_log_default_backends.o
                0x00007190                        __log_backends_end__ = (__log_backends_start__ + SIZEOF (.log_backends))
                0x00000010                        __log_backends_size__ = SIZEOF (.log_backends)
                0x00007190                        __stop_log_backends = __log_backends_end__
                0x00007190                        __log_backends_load_end__ = __log_backends_end__
                0x00000001                        . = ASSERT (((__log_backends_start__ == __log_backends_end__) || ((__log_backends_end__ - __FLASH_segment_start__) <= __FLASH_segment_size__)), error: .log_backends is too large to fit in FLASH memory segment)
                0x00007190                        __nrf_sections_load_start__ = ALIGN (__log_backends_end__, 0x4)

.nrf_sections   0x00007190        0x0
                0x00007190                        __nrf_sections_start__ = .
                0x00007190                        __start_nrf_sections = __nrf_sections_start__
 *(.nrf_sections .nrf_sections.*)
                0x00007190                        __nrf_sections_end__ = (__nrf_sections_start__ + SIZEOF (.nrf_sections))
                0x00000000                        __nrf_sections_size__ = SIZEOF (.nrf_sections)
                0x00007190                        __nrf_sections_load_end__ = __nrf_sections_end__
                0x00000001                        . = ASSERT (((__nrf_sections_start__ == __nrf_sections_end__) || ((__nrf_sections_end__ - __FLASH_segment_start__) <= __FLASH_segment_size__)), error: .nrf_sections is too large to fit in FLASH memory segment)
                0x00007190                        __cli_sorted_cmd_ptrs_load_start__ = ALIGN (__nrf_sections_end__, 0x4)

.cli_sorted_cmd_ptrs
                0x20000000        0x0 load address 0x00007190
                0x20000000                        __cli_sorted_cmd_ptrs_start__ = .
 *(.cli_sorted_cmd_ptrs*)
                0x20000000                        __cli_sorted_cmd_ptrs_end__ = (__cli_sorted_cmd_ptrs_start__ + SIZEOF (.cli_sorted_cmd_ptrs))
                0x00000000                        __cli_sorted_cmd_ptrs_size__ = SIZEOF (.cli_sorted_cmd_ptrs)
                0x00007190                        __cli_sorted_cmd_ptrs_load_end__ = (__cli_sorted_cmd_ptrs_load_start__ + SIZEOF (.cli_sorted_cmd_ptrs))
                0x00000001                        . = ASSERT (((__cli_sorted_cmd_ptrs_load_start__ == __cli_sorted_cmd_ptrs_load_end__) || ((__cli_sorted_cmd_ptrs_load_end__ - __FLASH_segment_start__) <= __FLASH_segment_size__)), error: .cli_sorted_cmd_ptrs is too large to fit in FLASH memory segment)

.cli_sorted_cmd_ptrs_run
                0x20000000        0x0
                0x20000000                        __cli_sorted_cmd_ptrs_run_start__ = .
                0x20000000                        __start_cli_sorted_cmd_ptrs = __cli_sorted_cmd_ptrs_run_start__
                0x20000000                        __cli_sorted_cmd_ptrs_run_end__ = (__cli_sorted_cmd_ptrs_run_start__ + SIZEOF (.cli_sorted_cmd_ptrs))
                0x00000000                        __cli_sorted_cmd_ptrs_run_size__ = (__cli_sorted_cmd_ptrs_run_end__ - __cli_sorted_cmd_ptrs_run_start__)
                0x20000000                        __stop_cli_sorted_cmd_ptrs = __cli_sorted_cmd_ptrs_run_end__
                0x20000000                        __cli_sorted_cmd_ptrs_run_load_end__ = __cli_sorted_cmd_ptrs_run_end__
                0x00000001                        . = ASSERT (((__cli_sorted_cmd_ptrs_run_start__ == __cli_sorted_cmd_ptrs_run_end__) || ((__cli_sorted_cmd_ptrs_run_end__ - __RAM1_segment_start__) <= __RAM1_segment_size__)), error: .cli_sorted_cmd_ptrs_run is too large to fit in RAM1 memory segment)
                0x00007190                        __fs_data_load_start__ = ALIGN ((__cli_sorted_cmd_ptrs_load_start__ + SIZEOF (.cli_sorted_cmd_ptrs)), 0x4)

.fs_data        0x20000000       0x14 load address 0x00007190
                0x20000000                        __fs_data_start__ = .
 *(.fs_data*)
 .fs_data       0x20000000       0x14 Output/Debug/Obj/ble_app_hids_keyboard_pca10040e_s112/fds.o
                0x20000000                m_fs
                0x20000014                        __fs_data_end__ = (__fs_data_start__ + SIZEOF (.fs_data))
                0x00000014                        __fs_data_size__ = SIZEOF (.fs_data)
                0x000071a4                        __fs_data_load_end__ = (__fs_data_load_start__ + SIZEOF (.fs_data))
                0x00000001                        . = ASSERT (((__fs_data_load_start__ == __fs_data_load_end__) || ((__fs_data_load_end__ - __FLASH_segment_start__) <= __FLASH_segment_size__)), error: .fs_data is too large to fit in FLASH memory segment)

.fs_data_run    0x20000000        0x0
                0x20000000                        __fs_data_run_start__ = .
                0x20000000                        __start_fs_data = __fs_data_run_start__
                0x20000014                        __fs_data_run_end__ = (__fs_data_run_start__ + SIZEOF (.fs_data))
                0x00000014                        __fs_data_run_size__ = (__fs_data_run_end__ - __fs_data_run_start__)
                0x20000014                        __stop_fs_data = __fs_data_run_end__
                0x20000014                        __fs_data_run_load_end__ = __fs_data_run_end__
                0x00000001                        . = ASSERT (((__fs_data_run_start__ == __fs_data_run_end__) || ((__fs_data_run_end__ - __RAM1_segment_start__) <= __RAM1_segment_size__)), error: .fs_data_run is too large to fit in RAM1 memory segment)
                0x000071a4                        __log_dynamic_data_load_start__ = ALIGN ((__fs_data_load_start__ + SIZEOF (.fs_data)), 0x4)

.log_dynamic_data
                0x20000014        0x0 load address 0x000071a4
                0x20000014                        __log_dynamic_data_start__ = .
 *(SORT_BY_NAME(.log_dynamic_data*))
                0x20000014                        __log_dynamic_data_end__ = (__log_dynamic_data_start__ + SIZEOF (.log_dynamic_data))
                0x00000000                        __log_dynamic_data_size__ = SIZEOF (.log_dynamic_data)
                0x000071a4                        __log_dynamic_data_load_end__ = (__log_dynamic_data_load_start__ + SIZEOF (.log_dynamic_data))
                0x00000001                        . = ASSERT (((__log_dynamic_data_load_start__ == __log_dynamic_data_load_end__) || ((__log_dynamic_data_load_end__ - __FLASH_segment_start__) <= __FLASH_segment_size__)), error: .log_dynamic_data is too large to fit in FLASH memory segment)

.log_dynamic_data_run
                0x20000014        0x0
                0x20000014                        __log_dynamic_data_run_start__ = .
                0x20000014                        __start_log_dynamic_data = __log_dynamic_data_run_start__
                0x20000014                        __log_dynamic_data_run_end__ = (__log_dynamic_data_run_start__ + SIZEOF (.log_dynamic_data))
                0x00000000                        __log_dynamic_data_run_size__ = (__log_dynamic_data_run_end__ - __log_dynamic_data_run_start__)
                0x20000014                        __stop_log_dynamic_data = __log_dynamic_data_run_end__
                0x20000014                        __log_dynamic_data_run_load_end__ = __log_dynamic_data_run_end__
                0x00000001                        . = ASSERT (((__log_dynamic_data_run_start__ == __log_dynamic_data_run_end__) || ((__log_dynamic_data_run_end__ - __RAM1_segment_start__) <= __RAM1_segment_size__)), error: .log_dynamic_data_run is too large to fit in RAM1 memory segment)
                0x000071a4                        __log_filter_data_load_start__ = ALIGN ((__log_dynamic_data_load_start__ + SIZEOF (.log_dynamic_data)), 0x4)

.log_filter_data
                0x20000014        0x0 load address 0x000071a4
                0x20000014                        __log_filter_data_start__ = .
 *(SORT_BY_NAME(.log_filter_data*))
                0x20000014                        __log_filter_data_end__ = (__log_filter_data_start__ + SIZEOF (.log_filter_data))
                0x00000000                        __log_filter_data_size__ = SIZEOF (.log_filter_data)
                0x000071a4                        __log_filter_data_load_end__ = (__log_filter_data_load_start__ + SIZEOF (.log_filter_data))
                0x00000001                        . = ASSERT (((__log_filter_data_load_start__ == __log_filter_data_load_end__) || ((__log_filter_data_load_end__ - __FLASH_segment_start__) <= __FLASH_segment_size__)), error: .log_filter_data is too large to fit in FLASH memory segment)

.log_filter_data_run
                0x20000014        0x0
                0x20000014                        __log_filter_data_run_start__ = .
                0x20000014                        __start_log_filter_data = __log_filter_data_run_start__
                0x20000014                        __log_filter_data_run_end__ = (__log_filter_data_run_start__ + SIZEOF (.log_filter_data))
                0x00000000                        __log_filter_data_run_size__ = (__log_filter_data_run_end__ - __log_filter_data_run_start__)
                0x20000014                        __stop_log_filter_data = __log_filter_data_run_end__
                0x20000014                        __log_filter_data_run_load_end__ = __log_filter_data_run_end__
                0x00000001                        . = ASSERT (((__log_filter_data_run_start__ == __log_filter_data_run_end__) || ((__log_filter_data_run_end__ - __RAM1_segment_start__) <= __RAM1_segment_size__)), error: .log_filter_data_run is too large to fit in RAM1 memory segment)
                0x20000014                        __nrf_sections_run_end_load_start__ = ALIGN (__log_filter_data_run_end__, 0x4)

.nrf_sections_run_end
                0x20000014        0x0
                0x20000014                        __nrf_sections_run_end_start__ = .
                0x20000014                        __end_nrf_sections_run = __nrf_sections_run_end_start__
 *(.nrf_sections_run_end .nrf_sections_run_end.*)
                0x20000014                        __nrf_sections_run_end_end__ = (__nrf_sections_run_end_start__ + SIZEOF (.nrf_sections_run_end))
                0x00000000                        __nrf_sections_run_end_size__ = SIZEOF (.nrf_sections_run_end)
                0x20000014                        __nrf_sections_run_end_load_end__ = __nrf_sections_run_end_end__
                0x00000001                        . = ASSERT (((__nrf_sections_run_end_start__ == __nrf_sections_run_end_end__) || ((__nrf_sections_run_end_end__ - __RAM1_segment_start__) <= __RAM1_segment_size__)), error: .nrf_sections_run_end is too large to fit in RAM1 memory segment)
                0x000071a4                        __dtors_load_start__ = ALIGN ((__log_filter_data_load_start__ + SIZEOF (.log_filter_data)), 0x4)

.dtors          0x000071a4        0x0
                0x000071a4                        __dtors_start__ = .
 *(SORT_BY_NAME(.dtors.*))
 *(.dtors)
 *(.fini_array)
 *(SORT_BY_NAME(.fini_array.*))
                0x000071a4                        __dtors_end__ = (__dtors_start__ + SIZEOF (.dtors))
                0x00000000                        __dtors_size__ = SIZEOF (.dtors)
                0x000071a4                        __dtors_load_end__ = __dtors_end__
                0x00000001                        . = ASSERT (((__dtors_start__ == __dtors_end__) || ((__dtors_end__ - __FLASH_segment_start__) <= __FLASH_segment_size__)), error: .dtors is too large to fit in FLASH memory segment)
                0x000071a4                        __ctors_load_start__ = ALIGN (__dtors_end__, 0x4)

.ctors          0x000071a4        0x0
                0x000071a4                        __ctors_start__ = .
 *(SORT_BY_NAME(.ctors.*))
 *(.ctors)
 *(.init_array)
 *(SORT_BY_NAME(.init_array.*))
                0x000071a4                        __ctors_end__ = (__ctors_start__ + SIZEOF (.ctors))
                0x00000000                        __ctors_size__ = SIZEOF (.ctors)
                0x000071a4                        __ctors_load_end__ = __ctors_end__
                0x00000001                        . = ASSERT (((__ctors_start__ == __ctors_end__) || ((__ctors_end__ - __FLASH_segment_start__) <= __FLASH_segment_size__)), error: .ctors is too large to fit in FLASH memory segment)
                0x000071a4                        __rodata_load_start__ = ALIGN (__ctors_end__, 0x4)

.rodata         0x000071a4     0x1d35
                0x000071a4                        __rodata_start__ = .
 *(.rodata .rodata.* .gnu.linkonce.r.* .data.rel.ro .data.rel.ro.*)
 .rodata.main.str1.1
                0x000071a4     0x17ec Output/Debug/Obj/ble_app_hids_keyboard_pca10040e_s112/main.o
                                 0xcc (size before relaxing)
 .rodata.nrf_drv_clock_uninit.str1.1
                0x00008990       0x66 Output/Debug/Obj/ble_app_hids_keyboard_pca10040e_s112/nrf_drv_clock.o
 .rodata.str1.1
                0x00008990        0x6 Output/Debug/Obj/ble_app_hids_keyboard_pca10040e_s112/nrf_drv_clock.o
 .rodata.nrfx_clock_init.str1.1
                0x00008990       0x64 Output/Debug/Obj/ble_app_hids_keyboard_pca10040e_s112/nrfx_clock.o
 .rodata.str1.1
                0x00008990        0x6 Output/Debug/Obj/ble_app_hids_keyboard_pca10040e_s112/nrfx_clock.o
 .rodata.nrf_gpio_pin_port_decode.isra.0.str1.1
                0x00008990       0x2e Output/Debug/Obj/ble_app_hids_keyboard_pca10040e_s112/nrfx_gpiote.o
 .rodata.nrfx_gpiote_out_init.str1.1
                0x00008990       0x65 Output/Debug/Obj/ble_app_hids_keyboard_pca10040e_s112/nrfx_gpiote.o
 .rodata.str1.1
                0x00008990        0x7 Output/Debug/Obj/ble_app_hids_keyboard_pca10040e_s112/nrfx_gpiote.o
 .rodata.UARTE0_UART0_IRQHandler.str1.1
                0x00008990       0x66 Output/Debug/Obj/ble_app_hids_keyboard_pca10040e_s112/nrfx_prs.o
 .rodata.str1.1
                0x00008990        0x4 Output/Debug/Obj/ble_app_hids_keyboard_pca10040e_s112/nrfx_prs.o
 .rodata.nrfx_saadc_init.str1.1
                0x00008990       0x93 Output/Debug/Obj/ble_app_hids_keyboard_pca10040e_s112/nrfx_saadc.o
 .rodata.str1.1
                0x00008990        0x6 Output/Debug/Obj/ble_app_hids_keyboard_pca10040e_s112/nrfx_saadc.o
 .rodata.nrf_gpio_pin_port_decode.isra.0.str1.1
                0x00008990       0x2e Output/Debug/Obj/ble_app_hids_keyboard_pca10040e_s112/nrfx_uart.o
 .rodata.nrfx_uart_init.str1.1
                0x00008990       0x92 Output/Debug/Obj/ble_app_hids_keyboard_pca10040e_s112/nrfx_uart.o
 .rodata.str1.1
                0x00008990        0x5 Output/Debug/Obj/ble_app_hids_keyboard_pca10040e_s112/nrfx_uart.o
 .rodata.nrf_gpio_pin_port_decode.isra.0.str1.1
                0x00008990       0x2e Output/Debug/Obj/ble_app_hids_keyboard_pca10040e_s112/nrfx_uarte.o
 .rodata.nrfx_uarte_init.str1.1
                0x00008990       0x93 Output/Debug/Obj/ble_app_hids_keyboard_pca10040e_s112/nrfx_uarte.o
 .rodata.str1.1
                0x00008990        0x6 Output/Debug/Obj/ble_app_hids_keyboard_pca10040e_s112/nrfx_uarte.o
 .rodata.app_error_fault_handler.str1.1
                0x00008990       0x6c Output/Debug/Obj/ble_app_hids_keyboard_pca10040e_s112/app_error_weak.o
 .rodata.timer_expire.str1.1
                0x00008990       0x66 Output/Debug/Obj/ble_app_hids_keyboard_pca10040e_s112/app_timer2.o
 .rodata.m_app_timer_sortlist
                0x00008990        0xc Output/Debug/Obj/ble_app_hids_keyboard_pca10040e_s112/app_timer2.o
 .rodata.str1.1
                0x0000899c        0xa Output/Debug/Obj/ble_app_hids_keyboard_pca10040e_s112/app_timer2.o
 .rodata        0x0000899c        0x4 Output/Debug/Obj/ble_app_hids_keyboard_pca10040e_s112/app_timer2.o
 .rodata.app_uart_get.str1.1
                0x000089a0       0x68 Output/Debug/Obj/ble_app_hids_keyboard_pca10040e_s112/app_uart_fifo.o
 .rodata        0x000089a0       0x20 Output/Debug/Obj/ble_app_hids_keyboard_pca10040e_s112/app_uart_fifo.o
 .rodata.app_util_critical_region_enter.str1.1
                0x000089c0       0x6c Output/Debug/Obj/ble_app_hids_keyboard_pca10040e_s112/app_util_platform.o
 .rodata.evt_disable.str1.1
                0x000089c0       0x63 Output/Debug/Obj/ble_app_hids_keyboard_pca10040e_s112/drv_rtc.o
 .rodata.drv_rtc_init.str1.1
                0x000089c0       0x90 Output/Debug/Obj/ble_app_hids_keyboard_pca10040e_s112/drv_rtc.o
 .rodata.delay_machine_code.0
                0x000089c0        0x6 Output/Debug/Obj/ble_app_hids_keyboard_pca10040e_s112/drv_rtc.o
 .rodata.queue_process.str1.1
                0x000089c6       0x5d Output/Debug/Obj/ble_app_hids_keyboard_pca10040e_s112/fds.o
 *fill*         0x000089c6        0x2 
 .rodata.dirty_header.1
                0x000089c8        0x4 Output/Debug/Obj/ble_app_hids_keyboard_pca10040e_s112/fds.o
 .rodata.page_tag_data.4