Archive member included to satisfy reference by file (symbol)

D:/PrgEnv/SES/bin/lib/libc_v7em_fpv4_sp_d16_hard_t_le_eabi_balanced.a(mbops.o)
                              Output/Release/Obj/kb_dog/nrf_log_str_formatter.o (isprint)
D:/PrgEnv/SES/bin/lib/libc_v7em_fpv4_sp_d16_hard_t_le_eabi_balanced.a(sortops.o)
                              D:/PrgEnv/SES/bin/lib/libc_v7em_fpv4_sp_d16_hard_t_le_eabi_balanced.a(mbops.o) (bsearch)
D:/PrgEnv/SES/bin/lib/libc_v7em_fpv4_sp_d16_hard_t_le_eabi_balanced.a(timeops.o)
                              D:/PrgEnv/SES/bin/lib/libc_v7em_fpv4_sp_d16_hard_t_le_eabi_balanced.a(mbops.o) (__SEGGER_RTL_string_list_encode)
D:/PrgEnv/SES/bin/lib/libc_v7em_fpv4_sp_d16_hard_t_le_eabi_balanced.a(floatasmops_arm.o)
                              D:/PrgEnv/SES/bin/lib/libc_v7em_fpv4_sp_d16_hard_t_le_eabi_balanced.a(timeops.o) (__aeabi_i2d)
D:/PrgEnv/SES/bin/lib/libc_v7em_fpv4_sp_d16_hard_t_le_eabi_balanced.a(__SEGGER_RTL_vfprintf_long.o)
                              (__SEGGER_RTL_vfprintf_long)
D:/PrgEnv/SES/bin/lib/libc_v7em_fpv4_sp_d16_hard_t_le_eabi_balanced.a(__SEGGER_RTL_vfscanf_long.o)
                              (__SEGGER_RTL_vfscanf_long)
D:/PrgEnv/SES/bin/lib/libc_v7em_fpv4_sp_d16_hard_t_le_eabi_balanced.a(errno.o)
                              D:/PrgEnv/SES/bin/lib/libc_v7em_fpv4_sp_d16_hard_t_le_eabi_balanced.a(mbops.o) (__aeabi_errno_addr)
D:/PrgEnv/SES/bin/lib/libc_v7em_fpv4_sp_d16_hard_t_le_eabi_balanced.a(intops.o)
                              D:/PrgEnv/SES/bin/lib/libc_v7em_fpv4_sp_d16_hard_t_le_eabi_balanced.a(timeops.o) (div)
D:/PrgEnv/SES/bin/lib/libc_v7em_fpv4_sp_d16_hard_t_le_eabi_balanced.a(utilops.o)
                              D:/PrgEnv/SES/bin/lib/libc_v7em_fpv4_sp_d16_hard_t_le_eabi_balanced.a(__SEGGER_RTL_vfscanf_long.o) (__SEGGER_RTL_digit)
D:/PrgEnv/SES/bin/lib/libc_v7em_fpv4_sp_d16_hard_t_le_eabi_balanced.a(intasmops_arm.o)
                              D:/PrgEnv/SES/bin/lib/libc_v7em_fpv4_sp_d16_hard_t_le_eabi_balanced.a(intops.o) (__aeabi_ldivmod)
D:/PrgEnv/SES/bin/lib/libc_v7em_fpv4_sp_d16_hard_t_le_eabi_balanced.a(prinops.o)
                              D:/PrgEnv/SES/bin/lib/libc_v7em_fpv4_sp_d16_hard_t_le_eabi_balanced.a(__SEGGER_RTL_vfprintf_long.o) (__SEGGER_RTL_putc)
D:/PrgEnv/SES/bin/lib/libc_v7em_fpv4_sp_d16_hard_t_le_eabi_balanced.a(fileops.o)
                              D:/PrgEnv/SES/bin/lib/libc_v7em_fpv4_sp_d16_hard_t_le_eabi_balanced.a(prinops.o) (fwrite)
D:/PrgEnv/SES/bin/lib/heapops_basic_v7em_fpv4_sp_d16_hard_t_le_eabi_balanced.a(heapops_basic.o)
                              Output/Release/Obj/kb_dog/thumb_crt0.o (__SEGGER_RTL_init_heap)
D:/PrgEnv/SES/bin/lib/heapops_disable_interrupts_locking_v7em_fpv4_sp_d16_hard_t_le_eabi_balanced.a(heapops.o)
                              D:/PrgEnv/SES/bin/lib/libc_v7em_fpv4_sp_d16_hard_t_le_eabi_balanced.a(mbops.o) (malloc)
D:/PrgEnv/SES/bin/lib/strops_unaligned_v7em_fpv4_sp_d16_hard_t_le_eabi_balanced.a(strops.o)
                              Output/Release/Obj/kb_dog/app_usbd_hid_kbd.o (memcmp)
D:/PrgEnv/SES/bin/lib/strops_unaligned_v7em_fpv4_sp_d16_hard_t_le_eabi_balanced.a(strasmops_arm.o)
                              D:/PrgEnv/SES/bin/lib/libc_v7em_fpv4_sp_d16_hard_t_le_eabi_balanced.a(timeops.o) (strcmp)
D:/PrgEnv/SES/bin/lib/libc_v7em_fpv4_sp_d16_hard_t_le_eabi_balanced.a(execops.o)
                              D:/PrgEnv/SES/bin/lib/strops_unaligned_v7em_fpv4_sp_d16_hard_t_le_eabi_balanced.a(strops.o) (__SEGGER_RTL_constraint_violation)
D:/PrgEnv/SES/bin/lib/libc_v7em_fpv4_sp_d16_hard_t_le_eabi_balanced.a(execops_arm.o)
                              D:/PrgEnv/SES/bin/lib/libc_v7em_fpv4_sp_d16_hard_t_le_eabi_balanced.a(execops.o) (__aeabi_SIGABRT)
D:/PrgEnv/SES/bin/lib/libc_v7em_fpv4_sp_d16_hard_t_le_eabi_balanced.a(convops.o)
                              D:/PrgEnv/SES/bin/lib/libc_v7em_fpv4_sp_d16_hard_t_le_eabi_balanced.a(execops.o) (itoa)
D:/PrgEnv/SES/bin/lib/libc_v7em_fpv4_sp_d16_hard_t_le_eabi_balanced.a(floatops.o)
                              D:/PrgEnv/SES/bin/lib/libc_v7em_fpv4_sp_d16_hard_t_le_eabi_balanced.a(convops.o) (__SEGGER_RTL_float32_isinf)

Discarded input sections

 .group         0x00000000        0xc Output/Release/Obj/kb_dog/main.o
 .group         0x00000000        0xc Output/Release/Obj/kb_dog/main.o
 .group         0x00000000        0xc Output/Release/Obj/kb_dog/main.o
 .group         0x00000000        0xc Output/Release/Obj/kb_dog/main.o
 .group         0x00000000        0xc Output/Release/Obj/kb_dog/main.o
 .group         0x00000000        0xc Output/Release/Obj/kb_dog/main.o
 .group         0x00000000        0xc Output/Release/Obj/kb_dog/main.o
 .group         0x00000000        0xc Output/Release/Obj/kb_dog/main.o
 .group         0x00000000        0xc Output/Release/Obj/kb_dog/main.o
 .group         0x00000000        0xc Output/Release/Obj/kb_dog/main.o
 .group         0x00000000        0xc Output/Release/Obj/kb_dog/main.o
[...]
Memory Configuration

Name             Origin             Length             Attributes
UNPLACED_SECTIONS 0x00000000         0x00000000         xw
UICR             0x10001000         0x00000308         xw
RAM1             0x20000000         0x00040000         xw
FLASH1           0x00000000         0x00100000         xw
*default*        0x00000000         0xffffffff

Linker script and memory map

                0x10001000                        __UICR_segment_start__ = 0x10001000
                0x10001308                        __UICR_segment_end__ = 0x10001308
                0x00000308                        __UICR_segment_size__ = 0x308
                0x20000000                        __RAM1_segment_start__ = 0x20000000
                0x20040000                        __RAM1_segment_end__ = 0x20040000
                0x00040000                        __RAM1_segment_size__ = 0x40000
                0x00000000                        __FLASH1_segment_start__ = 0x0
                0x00100000                        __FLASH1_segment_end__ = 0x100000
                0x00100000                        __FLASH1_segment_size__ = 0x100000
                0x00002000                        __HEAPSIZE__ = 0x2000
                0x00000000                        __SEGGER_RTL_vfprintf = __SEGGER_RTL_vfprintf_long
                0x00000000                        __SEGGER_RTL_vfscanf = __SEGGER_RTL_vfscanf_long
                0x00000000                        __STACKSIZE_PROCESS__ = 0x0
                0x00002000                        __STACKSIZE__ = 0x2000
                0x10001208                        __UICR_0x208_load_start__ = 0x10001208

.UICR_0x208     0x10001208        0x0
                0x10001208                        __UICR_0x208_start__ = .
 *(.UICR_0x208 .UICR_0x208.*)
                0x10001208                        __UICR_0x208_end__ = (__UICR_0x208_start__ + SIZEOF (.UICR_0x208))
                0x00000000                        __UICR_0x208_size__ = SIZEOF (.UICR_0x208)
                0x10001208                        __UICR_0x208_load_end__ = __UICR_0x208_end__
                0x10001208                        __UICR_segment_used_end__ = (0x10001208 + SIZEOF (.UICR_0x208))
                0x00000208                        __UICR_segment_used_size__ = (__UICR_segment_used_end__ - __UICR_segment_start__)
                0x00000001                        . = ASSERT (((__UICR_0x208_start__ == __UICR_0x208_end__) || ((__UICR_0x208_end__ - __UICR_segment_start__) <= __UICR_segment_size__)), error: .UICR_0x208 is too large to fit in UICR memory segment)
                0x20000000                        __vectors_ram_load_start__ = 0x20000000

.vectors_ram    0x20000000        0x0
                0x20000000                        __vectors_ram_start__ = .
                0x20000000                        __app_ram_start__ = __vectors_ram_start__
 *(.vectors_ram .vectors_ram.*)
                0x20000000                        __vectors_ram_end__ = (__vectors_ram_start__ + SIZEOF (.vectors_ram))
                0x00000000                        __vectors_ram_size__ = SIZEOF (.vectors_ram)
                0x20000000                        __vectors_ram_load_end__ = __vectors_ram_end__
                0x00000001                        . = ASSERT (((__vectors_ram_start__ == __vectors_ram_end__) || ((__vectors_ram_end__ - __RAM1_segment_start__) <= __RAM1_segment_size__)), error: .vectors_ram is too large to fit in RAM1 memory segment)
                0x20000000                        __nrf_sections_run_load_start__ = ALIGN (__vectors_ram_end__, 0x4)

.nrf_sections_run
                0x20000000        0x0
                0x20000000                        __nrf_sections_run_start__ = .
                0x20000000                        __start_nrf_sections_run = __nrf_sections_run_start__
 *(.nrf_sections_run .nrf_sections_run.*)
                0x20000000                        __nrf_sections_run_end__ = (__nrf_sections_run_start__ + SIZEOF (.nrf_sections_run))
                0x00000000                        __nrf_sections_run_size__ = SIZEOF (.nrf_sections_run)
                0x20000000                        __nrf_sections_run_load_end__ = __nrf_sections_run_end__
                0x00000001                        . = ASSERT (((__nrf_sections_run_start__ == __nrf_sections_run_end__) || ((__nrf_sections_run_end__ - __RAM1_segment_start__) <= __RAM1_segment_size__)), error: .nrf_sections_run is too large to fit in RAM1 memory segment)
                0x00000000                        __vectors_load_start__ = 0x0

.vectors        0x00000000      0x200
                0x00000000                        __vectors_start__ = .
 *(.vectors .vectors.*)
 .vectors       0x00000000      0x200 Output/Release/Obj/kb_dog/ses_startup_nrf52840.o
                0x00000000                _vectors
                0x00000200                        __vectors_end__ = (__vectors_start__ + SIZEOF (.vectors))
                0x00000200                        __vectors_size__ = SIZEOF (.vectors)
                0x00000200                        __vectors_load_end__ = __vectors_end__
                0x00000001                        . = ASSERT (((__vectors_start__ == __vectors_end__) || ((__vectors_end__ - __FLASH1_segment_start__) <= __FLASH1_segment_size__)), error: .vectors is too large to fit in FLASH1 memory segment)
                0x00000200                        __init_load_start__ = ALIGN (__vectors_end__, 0x4)

.init           0x00000200      0x1e4
                0x00000200                        __init_start__ = .
 *(.init .init.*)
 .init          0x00000200       0x18 Output/Release/Obj/kb_dog/ses_startup_nrf52840.o
                0x00000200                NMI_Handler
                0x00000202                HardFault_Handler
                0x00000204                MemoryManagement_Handler
                0x00000206                BusFault_Handler
                0x00000208                UsageFault_Handler
                0x0000020a                SVC_Handler
                0x0000020c                DebugMon_Handler
                0x0000020e                PendSV_Handler
                0x00000210                SysTick_Handler
                0x00000212                RTC0_IRQHandler
                0x00000212                PDM_IRQHandler
                0x00000212                TEMP_IRQHandler
                0x00000212                PWM1_IRQHandler
                0x00000212                GPIOTE_IRQHandler
                0x00000212                TIMER3_IRQHandler
                0x00000212                PWM3_IRQHandler
                0x00000212                FPU_IRQHandler
                0x00000212                SPIM0_SPIS0_TWIM0_TWIS0_SPI0_TWI0_IRQHandler
                0x00000212                SWI2_EGU2_IRQHandler
                0x00000212                TIMER4_IRQHandler
                0x00000212                CRYPTOCELL_IRQHandler
                0x00000212                I2S_IRQHandler
                0x00000212                QDEC_IRQHandler
                0x00000212                TIMER0_IRQHandler
                0x00000212                UARTE1_IRQHandler
                0x00000212                Dummy_Handler
                0x00000212                TIMER1_IRQHandler
                0x00000212                SPIM3_IRQHandler
                0x00000212                PWM2_IRQHandler
                0x00000212                ECB_IRQHandler
                0x00000212                SPIM1_SPIS1_TWIM1_TWIS1_SPI1_TWI1_IRQHandler
                0x00000212                SAADC_IRQHandler
                0x00000212                CCM_AAR_IRQHandler
                0x00000212                WDT_IRQHandler
                0x00000212                QSPI_IRQHandler
                0x00000212                SWI5_EGU5_IRQHandler
                0x00000212                RNG_IRQHandler
                0x00000212                RTC2_IRQHandler
                0x00000212                PWM0_IRQHandler
                0x00000212                SWI3_EGU3_IRQHandler
                0x00000212                SWI1_EGU1_IRQHandler
                0x00000212                SPIM2_SPIS2_SPI2_IRQHandler
                0x00000212                NFCT_IRQHandler
                0x00000212                SWI4_EGU4_IRQHandler
                0x00000212                MWU_IRQHandler
                0x00000212                TIMER2_IRQHandler
                0x00000212                COMP_LPCOMP_IRQHandler
                0x00000214                nRFInitialize
 .init          0x00000218       0x5c Output/Release/Obj/kb_dog/ses_startup_nrf_common.o
                0x00000218                Reset_Handler
                0x0000021c                afterInitialize
                0x00000240                InitializeUserMemorySections
 .init          0x00000274      0x170 Output/Release/Obj/kb_dog/thumb_crt0.o
                0x00000274                _start
                0x00000322                exit
                0x00000322                _Exit
                0x000003e4                        __init_end__ = (__init_start__ + SIZEOF (.init))
                0x000001e4                        __init_size__ = SIZEOF (.init)
                0x000003e4                        __init_load_end__ = __init_end__
                0x00000001                        . = ASSERT (((__init_start__ == __init_end__) || ((__init_end__ - __FLASH1_segment_start__) <= __FLASH1_segment_size__)), error: .init is too large to fit in FLASH1 memory segment)
                0x000003e4                        __init_rodata_load_start__ = ALIGN (__init_end__, 0x4)

.init_rodata    0x000003e4        0x0
                0x000003e4                        __init_rodata_start__ = .
 *(.init_rodata .init_rodata.*)
                0x000003e4                        __init_rodata_end__ = (__init_rodata_start__ + SIZEOF (.init_rodata))
                0x00000000                        __init_rodata_size__ = SIZEOF (.init_rodata)
                0x000003e4                        __init_rodata_load_end__ = __init_rodata_end__
                0x00000001                        . = ASSERT (((__init_rodata_start__ == __init_rodata_end__) || ((__init_rodata_end__ - __FLASH1_segment_start__) <= __FLASH1_segment_size__)), error: .init_rodata is too large to fit in FLASH1 memory segment)
                0x000003e4                        __text_load_start__ = ALIGN (__init_rodata_end__, 0x4)

.text           0x000003e4     0x724c
                0x000003e4                        __text_start__ = .
 *(.text .text.* .gnu.linkonce.t.* .glue_7t .glue_7 .gcc_except_table .ARM.extab* .gnu.linkonce.armextab.*)
 .glue_7        0x000003e4        0x0 linker stubs
 .glue_7t       0x000003e4        0x0 linker stubs
 .text.uart_event_handle_by_header_buffer
                0x000003e4       0xa0 Output/Release/Obj/kb_dog/main.o
                0x000003e4                uart_event_handle_by_header_buffer
 .text.startup.main
                0x00000484      0x10c Output/Release/Obj/kb_dog/main.o
                0x00000484                main
 .text.__NVIC_SystemReset
                0x00000590       0x24 Output/Release/Obj/kb_dog/system_nrf52840.o
 .text.nrf52_errata_98
                0x000005b4       0x1a Output/Release/Obj/kb_dog/system_nrf52840.o
 *fill*         0x000005ce        0x2 
 .text.nvmc_wait
                0x000005d0       0x10 Output/Release/Obj/kb_dog/system_nrf52840.o
                0x000005d0                nvmc_wait
 .text.SystemInit
                0x000005e0      0x1e8 Output/Release/Obj/kb_dog/system_nrf52840.o
                0x000005e0                SystemInit
 .text.process_esb_data
                0x000007c8       0xbc Output/Release/Obj/kb_dog/u_esb_recv.o
                0x000007c8                process_esb_data
 .text.nrf_esb_event_handler_rx
                0x00000884       0xcc Output/Release/Obj/kb_dog/u_esb_recv.o
 .text.send_led_state_to_esbtx
                0x00000950       0x40 Output/Release/Obj/kb_dog/u_esb_recv.o
                0x00000950                send_led_state_to_esbtx
 .text.esb_init_rx
                0x00000990       0x84 Output/Release/Obj/kb_dog/u_esb_recv.o
                0x00000990                esb_init_rx
 .text.esb_enable
                0x00000a14       0x12 Output/Release/Obj/kb_dog/u_esb_recv.o
                0x00000a14                esb_enable
 *fill*         0x00000a26        0x2 
 .text.hid_user_ev_handler
                0x00000a28       0xd0 Output/Release/Obj/kb_dog/u_usbd_hid_kb.o
 .text.usbd_send_keyboard
                0x00000af8       0x5c Output/Release/Obj/kb_dog/u_usbd_hid_kb.o
                0x00000af8                usbd_send_keyboard
 .text.usbd_send_mouse
                0x00000b54       0x2c Output/Release/Obj/kb_dog/u_usbd_hid_kb.o
                0x00000b54                usbd_send_mouse
 .text.usbd_send_extra
                0x00000b80       0x24 Output/Release/Obj/kb_dog/u_usbd_hid_kb.o
                0x00000b80                usbd_send_extra
 .text.u_usbd_hid_kb_init
                0x00000ba4       0x48 Output/Release/Obj/kb_dog/u_usbd_hid_kb.o
                0x00000ba4                u_usbd_hid_kb_init
 .text.usbd_user_ev_handler
                0x00000bec       0xf8 Output/Release/Obj/kb_dog/u_usbd_kb.o
 .text.usbd_enable
                0x00000ce4       0x12 Output/Release/Obj/kb_dog/u_usbd_kb.o
                0x00000ce4                usbd_enable
 .text.usbd_queue_task
                0x00000cf6        0xc Output/Release/Obj/kb_dog/u_usbd_kb.o
                0x00000cf6                usbd_queue_task
 *fill*         0x00000d02        0x2 
 .text.usbd_init
                0x00000d04       0x1c Output/Release/Obj/kb_dog/u_usbd_kb.o
                0x00000d04                usbd_init
 .text.clock_clk_started_notify
                0x00000d20       0x24 Output/Release/Obj/kb_dog/nrf_drv_clock.o
 .text.nrf_drv_clock_init
                0x00000d44       0x44 Output/Release/Obj/kb_dog/nrf_drv_clock.o
                0x00000d44                nrf_drv_clock_init
 .text.nrf_drv_clock_lfclk_request
                0x00000d88       0x54 Output/Release/Obj/kb_dog/nrf_drv_clock.o
                0x00000d88                nrf_drv_clock_lfclk_request
 .text.nrf_drv_clock_lfclk_is_running
                0x00000ddc        0xe Output/Release/Obj/kb_dog/nrf_drv_clock.o
                0x00000ddc                nrf_drv_clock_lfclk_is_running
 *fill*         0x00000dea        0x2 
 .text.nrf_drv_clock_hfclk_request
                0x00000dec       0x54 Output/Release/Obj/kb_dog/nrf_drv_clock.o
                0x00000dec                nrf_drv_clock_hfclk_request
 .text.nrf_drv_clock_hfclk_release
                0x00000e40       0x28 Output/Release/Obj/kb_dog/nrf_drv_clock.o
                0x00000e40                nrf_drv_clock_hfclk_release
 .text.clock_irq_handler
                0x00000e68       0x60 Output/Release/Obj/kb_dog/nrf_drv_clock.o
 .text.nrf_drv_clock_hfclk_is_running
                0x00000ec8       0x16 Output/Release/Obj/kb_dog/nrf_drv_clock.o
                0x00000ec8                nrf_drv_clock_hfclk_is_running
 *fill*         0x00000ede        0x2 
 .text.nrf_drv_power_init
                0x00000ee0       0x28 Output/Release/Obj/kb_dog/nrf_drv_power.o
                0x00000ee0                nrf_drv_power_init
 .text.nrf_drv_power_usbevt_uninit
                0x00000f08        0xe Output/Release/Obj/kb_dog/nrf_drv_power.o
                0x00000f08                nrf_drv_power_usbevt_uninit
 .text.nrf_drv_power_usbevt_init
                0x00000f16       0x16 Output/Release/Obj/kb_dog/nrf_drv_power.o
                0x00000f16                nrf_drv_power_usbevt_init
 .text.uarte_evt_handler
                0x00000f2c       0x34 Output/Release/Obj/kb_dog/nrf_drv_uart.o
 .text.uart_evt_handler
                0x00000f60       0x34 Output/Release/Obj/kb_dog/nrf_drv_uart.o
 .text.nrf_drv_uart_init
                0x00000f94       0x7c Output/Release/Obj/kb_dog/nrf_drv_uart.o
                0x00000f94                nrf_drv_uart_init
 .text.nrfx_atomic_u32_fetch_and
                0x00001010       0x18 Output/Release/Obj/kb_dog/nrfx_atomic.o
                0x00001010                nrfx_atomic_u32_fetch_and
 .text.nrf_clock_event_clear
                0x00001028       0x14 Output/Release/Obj/kb_dog/nrfx_clock.o
 .text.nrfx_clock_init
                0x0000103c       0x1c Output/Release/Obj/kb_dog/nrfx_clock.o
                0x0000103c                nrfx_clock_init
 .text.nrfx_clock_enable
                0x00001058       0x2c Output/Release/Obj/kb_dog/nrfx_clock.o
                0x00001058                nrfx_clock_enable
 .text.nrfx_clock_lfclk_start
                0x00001084       0x1a Output/Release/Obj/kb_dog/nrfx_clock.o
                0x00001084                nrfx_clock_lfclk_start
 .text.nrfx_clock_hfclk_start
                0x0000109e       0x18 Output/Release/Obj/kb_dog/nrfx_clock.o
                0x0000109e                nrfx_clock_hfclk_start
 *fill*         0x000010b6        0x2 
 .text.nrfx_clock_hfclk_stop
                0x000010b8       0x30 Output/Release/Obj/kb_dog/nrfx_clock.o
                0x000010b8                nrfx_clock_hfclk_stop
 .text.nrfx_clock_irq_handler
                0x000010e8       0x98 Output/Release/Obj/kb_dog/nrfx_clock.o
                0x000010e8                nrfx_clock_irq_handler
 .text.nrf_power_event_get_and_clear
                0x00001180       0x20 Output/Release/Obj/kb_dog/nrfx_power.o
 .text.nrfx_power_init
                0x000011a0       0x44 Output/Release/Obj/kb_dog/nrfx_power.o
                0x000011a0                nrfx_power_init
 .text.nrfx_power_usbevt_init
                0x000011e4        0xc Output/Release/Obj/kb_dog/nrfx_power.o
                0x000011e4                nrfx_power_usbevt_init
 .text.nrfx_power_usbevt_enable
                0x000011f0        0xe Output/Release/Obj/kb_dog/nrfx_power.o
                0x000011f0                nrfx_power_usbevt_enable
 .text.nrfx_power_usbevt_disable
                0x000011fe        0xe Output/Release/Obj/kb_dog/nrfx_power.o
                0x000011fe                nrfx_power_usbevt_disable
 .text.nrfx_power_usbevt_uninit
                0x0000120c        0xc Output/Release/Obj/kb_dog/nrfx_power.o
                0x0000120c                nrfx_power_usbevt_uninit
 .text.nrfx_power_irq_handler
                0x00001218       0xa0 Output/Release/Obj/kb_dog/nrfx_power.o
                0x00001218                nrfx_power_irq_handler
 .text.POWER_CLOCK_IRQHandler
                0x000012b8        0xe Output/Release/Obj/kb_dog/nrfx_power.o
                0x000012b8                POWER_CLOCK_IRQHandler
 *fill*         0x000012c6        0x2 
 .text.UARTE0_UART0_IRQHandler
                0x000012c8        0xc Output/Release/Obj/kb_dog/nrfx_prs.o
                0x000012c8                UARTE0_UART0_IRQHandler
 .text.nrfx_prs_acquire
                0x000012d4       0x34 Output/Release/Obj/kb_dog/nrfx_prs.o
                0x000012d4                nrfx_prs_acquire
 .text.nrf_uart_event_clear
                0x00001308       0x10 Output/Release/Obj/kb_dog/nrfx_uart.o
 .text.tx_byte  0x00001318       0x1e Output/Release/Obj/kb_dog/nrfx_uart.o
 .text.rx_byte  0x00001336       0x2c Output/Release/Obj/kb_dog/nrfx_uart.o
 *fill*         0x00001362        0x2 
 .text.rx_done_event.constprop.0
                0x00001364       0x20 Output/Release/Obj/kb_dog/nrfx_uart.o
 .text.rx_enable.isra.0
                0x00001384       0x18 Output/Release/Obj/kb_dog/nrfx_uart.o
 .text.nrfx_uart_0_irq_handler
                0x0000139c      0x140 Output/Release/Obj/kb_dog/nrfx_uart.o
                0x0000139c                nrfx_uart_0_irq_handler
 .text.nrfx_uart_init
                0x000014dc      0x19c Output/Release/Obj/kb_dog/nrfx_uart.o
                0x000014dc                nrfx_uart_init
 .text.nrfx_uart_tx_in_progress
                0x00001678       0x18 Output/Release/Obj/kb_dog/nrfx_uart.o
                0x00001678                nrfx_uart_tx_in_progress
 .text.nrfx_uart_tx
                0x00001690       0x98 Output/Release/Obj/kb_dog/nrfx_uart.o
                0x00001690                nrfx_uart_tx
 .text.nrfx_uart_rx
                0x00001728       0xe8 Output/Release/Obj/kb_dog/nrfx_uart.o
                0x00001728                nrfx_uart_rx
 .text.nrf_uarte_event_clear
                0x00001810       0x10 Output/Release/Obj/kb_dog/nrfx_uarte.o
 .text.rx_done_event.constprop.0
                0x00001820       0x20 Output/Release/Obj/kb_dog/nrfx_uarte.o
 .text.nrfx_uarte_0_irq_handler
                0x00001840      0x118 Output/Release/Obj/kb_dog/nrfx_uarte.o
                0x00001840                nrfx_uarte_0_irq_handler
 .text.nrfx_uarte_init
                0x00001958      0x1b0 Output/Release/Obj/kb_dog/nrfx_uarte.o
                0x00001958                nrfx_uarte_init
 .text.nrfx_uarte_tx_in_progress
                0x00001b08       0x18 Output/Release/Obj/kb_dog/nrfx_uarte.o
                0x00001b08                nrfx_uarte_tx_in_progress
 .text.nrfx_uarte_tx
                0x00001b20       0x94 Output/Release/Obj/kb_dog/nrfx_uarte.o
                0x00001b20                nrfx_uarte_tx
 .text.nrfx_uarte_rx
                0x00001bb4       0xe8 Output/Release/Obj/kb_dog/nrfx_uarte.o
                0x00001bb4                nrfx_uarte_rx
 .text.nrf_usbd_ep_is_stall
                0x00001c9c       0x34 Output/Release/Obj/kb_dog/nrfx_usbd.o
 .text.nrf_usbd_epout_size_get
                0x00001cd0       0x28 Output/Release/Obj/kb_dog/nrfx_usbd.o
 .text.nrf52_errata_187
                0x00001cf8       0x1c Output/Release/Obj/kb_dog/nrfx_usbd.o
 .text.nrfx_usbd_consumer
                0x00001d14       0x2e Output/Release/Obj/kb_dog/nrfx_usbd.o
                0x00001d14                nrfx_usbd_consumer
 .text.nrfx_usbd_feeder_ram
                0x00001d42       0x22 Output/Release/Obj/kb_dog/nrfx_usbd.o
                0x00001d42                nrfx_usbd_feeder_ram
 .text.nrfx_usbd_feeder_ram_zlp
                0x00001d64       0x2a Output/Release/Obj/kb_dog/nrfx_usbd.o
                0x00001d64                nrfx_usbd_feeder_ram_zlp
 *fill*         0x00001d8e        0x2 
 .text.ep_state_access
                0x00001d90       0x1c Output/Release/Obj/kb_dog/nrfx_usbd.o
 .text.ep2bit   0x00001dac       0x10 Output/Release/Obj/kb_dog/nrfx_usbd.o
 .text.ev_usbreset_handler
                0x00001dbc       0x2c Output/Release/Obj/kb_dog/nrfx_usbd.o
 .text.ev_started_handler
                0x00001de8        0x2 Output/Release/Obj/kb_dog/nrfx_usbd.o
 *fill*         0x00001dea        0x2 
 .text.nrfx_usbd_feeder_flash
                0x00001dec       0x38 Output/Release/Obj/kb_dog/nrfx_usbd.o
                0x00001dec                nrfx_usbd_feeder_flash
 .text.nrfx_usbd_feeder_flash_zlp
                0x00001e24       0x3c Output/Release/Obj/kb_dog/nrfx_usbd.o
                0x00001e24                nrfx_usbd_feeder_flash_zlp
 .text.usbd_errata_187_211_begin
                0x00001e60       0x38 Output/Release/Obj/kb_dog/nrfx_usbd.o
 .text.usbd_errata_187_211_end
                0x00001e98       0x38 Output/Release/Obj/kb_dog/nrfx_usbd.o
 .text.ev_sof_handler
                0x00001ed0       0x44 Output/Release/Obj/kb_dog/nrfx_usbd.o
 .text.usbd_dma_pending_clear
                0x00001f14       0x24 Output/Release/Obj/kb_dog/nrfx_usbd.o
 .text.nrf_usbd_epin_dma_handler
                0x00001f38       0x34 Output/Release/Obj/kb_dog/nrfx_usbd.o
 .text.ev_dma_epin7_handler
                0x00001f6c        0x6 Output/Release/Obj/kb_dog/nrfx_usbd.o
 .text.ev_dma_epin6_handler
                0x00001f72        0x6 Output/Release/Obj/kb_dog/nrfx_usbd.o
 .text.ev_dma_epin5_handler
                0x00001f78        0x6 Output/Release/Obj/kb_dog/nrfx_usbd.o
 .text.ev_dma_epin4_handler
                0x00001f7e        0x6 Output/Release/Obj/kb_dog/nrfx_usbd.o
 .text.ev_dma_epin3_handler
                0x00001f84        0x6 Output/Release/Obj/kb_dog/nrfx_usbd.o
 .text.ev_dma_epin2_handler
                0x00001f8a        0x6 Output/Release/Obj/kb_dog/nrfx_usbd.o
 .text.ev_dma_epin1_handler
                0x00001f90        0x6 Output/Release/Obj/kb_dog/nrfx_usbd.o
 *fill*         0x00001f96        0x2 
 .text.nrf_usbd_ep0in_dma_handler
                0x00001f98       0x30 Output/Release/Obj/kb_dog/nrfx_usbd.o
 .text.usbd_ep_data_handler
                0x00001fc8       0x94 Output/Release/Obj/kb_dog/nrfx_usbd.o
 .text.ev_setup_data_handler
                0x0000205c       0x1c Output/Release/Obj/kb_dog/nrfx_usbd.o
 .text.ev_dma_epin0_handler
                0x00002078        0x4 Output/Release/Obj/kb_dog/nrfx_usbd.o
 .text.ev_dma_epout8_handler
                0x0000207c       0x48 Output/Release/Obj/kb_dog/nrfx_usbd.o
 .text.ev_dma_epin8_handler
                0x000020c4       0x58 Output/Release/Obj/kb_dog/nrfx_usbd.o
 .text.usbd_dmareq_process
                0x0000211c      0x19c Output/Release/Obj/kb_dog/nrfx_usbd.o
 .text.ev_epdata_handler
                0x000022b8       0x54 Output/Release/Obj/kb_dog/nrfx_usbd.o
 .text.nrf_usbd_epout_dma_handler
                0x0000230c       0x68 Output/Release/Obj/kb_dog/nrfx_usbd.o
 .text.ev_dma_epout7_handler
                0x00002374        0x6 Output/Release/Obj/kb_dog/nrfx_usbd.o
 .text.ev_dma_epout6_handler
                0x0000237a        0x6 Output/Release/Obj/kb_dog/nrfx_usbd.o
 .text.ev_dma_epout5_handler
                0x00002380        0x6 Output/Release/Obj/kb_dog/nrfx_usbd.o
 .text.ev_dma_epout4_handler
                0x00002386        0x6 Output/Release/Obj/kb_dog/nrfx_usbd.o
 .text.ev_dma_epout3_handler
                0x0000238c        0x6 Output/Release/Obj/kb_dog/nrfx_usbd.o
 .text.ev_dma_epout2_handler
                0x00002392        0x6 Output/Release/Obj/kb_dog/nrfx_usbd.o
 .text.ev_dma_epout1_handler
                0x00002398        0x6 Output/Release/Obj/kb_dog/nrfx_usbd.o
 *fill*         0x0000239e        0x2 
 .text.ev_usbevent_handler
                0x000023a0       0x84 Output/Release/Obj/kb_dog/nrfx_usbd.o
 .text.nrfx_usbd_uninit
                0x00002424       0x14 Output/Release/Obj/kb_dog/nrfx_usbd.o
                0x00002424                nrfx_usbd_uninit
 .text.nrfx_usbd_enable
                0x00002438      0x140 Output/Release/Obj/kb_dog/nrfx_usbd.o
                0x00002438                nrfx_usbd_enable
 .text.nrfx_usbd_start
                0x00002578       0x48 Output/Release/Obj/kb_dog/nrfx_usbd.o
                0x00002578                nrfx_usbd_start
 .text.nrfx_usbd_is_initialized
                0x000025c0       0x10 Output/Release/Obj/kb_dog/nrfx_usbd.o
                0x000025c0                nrfx_usbd_is_initialized
 .text.nrfx_usbd_is_enabled
                0x000025d0       0x14 Output/Release/Obj/kb_dog/nrfx_usbd.o
                0x000025d0                nrfx_usbd_is_enabled
 .text.nrfx_usbd_wakeup_req
                0x000025e4       0x68 Output/Release/Obj/kb_dog/nrfx_usbd.o
                0x000025e4                nrfx_usbd_wakeup_req
 .text.nrfx_usbd_suspend_irq_config
                0x0000264c       0x14 Output/Release/Obj/kb_dog/nrfx_usbd.o
                0x0000264c                nrfx_usbd_suspend_irq_config
 .text.nrfx_usbd_active_irq_config
                0x00002660       0x14 Output/Release/Obj/kb_dog/nrfx_usbd.o
                0x00002660                nrfx_usbd_active_irq_config
 .text.nrfx_usbd_force_bus_wakeup
                0x00002674        0xc Output/Release/Obj/kb_dog/nrfx_usbd.o
                0x00002674                nrfx_usbd_force_bus_wakeup
 .text.nrfx_usbd_ep_max_packet_size_set
                0x00002680        0xa Output/Release/Obj/kb_dog/nrfx_usbd.o
                0x00002680                nrfx_usbd_ep_max_packet_size_set
 *fill*         0x0000268a        0x2 
 .text.nrfx_usbd_init
                0x0000268c       0x78 Output/Release/Obj/kb_dog/nrfx_usbd.o
                0x0000268c                nrfx_usbd_init
 .text.nrfx_usbd_ep_max_packet_size_get
                0x00002704        0xa Output/Release/Obj/kb_dog/nrfx_usbd.o
                0x00002704                nrfx_usbd_ep_max_packet_size_get
 *fill*         0x0000270e        0x2 
 .text.nrfx_usbd_ep_enable_check
                0x00002710       0x20 Output/Release/Obj/kb_dog/nrfx_usbd.o
                0x00002710                nrfx_usbd_ep_enable_check
 .text.nrfx_usbd_ep_transfer
                0x00002730       0xe8 Output/Release/Obj/kb_dog/nrfx_usbd.o
                0x00002730                nrfx_usbd_ep_transfer
 .text.nrfx_usbd_ep_handled_transfer
                0x00002818       0x80 Output/Release/Obj/kb_dog/nrfx_usbd.o
                0x00002818                nrfx_usbd_ep_handled_transfer
 .text.nrfx_usbd_feeder_buffer_get
                0x00002898        0x8 Output/Release/Obj/kb_dog/nrfx_usbd.o
                0x00002898                nrfx_usbd_feeder_buffer_get
 .text.nrfx_usbd_ep_stall
                0x000028a0       0x18 Output/Release/Obj/kb_dog/nrfx_usbd.o
                0x000028a0                nrfx_usbd_ep_stall
 .text.nrfx_usbd_ep_stall_check
                0x000028b8        0x4 Output/Release/Obj/kb_dog/nrfx_usbd.o
                0x000028b8                nrfx_usbd_ep_stall_check
 .text.nrfx_usbd_ep_dtoggle_clear
                0x000028bc       0x20 Output/Release/Obj/kb_dog/nrfx_usbd.o
                0x000028bc                nrfx_usbd_ep_dtoggle_clear
 .text.nrfx_usbd_setup_get
                0x000028dc       0x44 Output/Release/Obj/kb_dog/nrfx_usbd.o
                0x000028dc                nrfx_usbd_setup_get
 .text.nrfx_usbd_setup_data_clear
                0x00002920       0x14 Output/Release/Obj/kb_dog/nrfx_usbd.o
                0x00002920                nrfx_usbd_setup_data_clear
 .text.ev_dma_epout0_handler
                0x00002934       0x58 Output/Release/Obj/kb_dog/nrfx_usbd.o
 .text.nrfx_usbd_setup_clear
                0x0000298c       0x14 Output/Release/Obj/kb_dog/nrfx_usbd.o
                0x0000298c                nrfx_usbd_setup_clear
 .text.nrfx_usbd_setup_stall
                0x000029a0       0x14 Output/Release/Obj/kb_dog/nrfx_usbd.o
                0x000029a0                nrfx_usbd_setup_stall
 .text.nrfx_usbd_last_setup_dir_get
                0x000029b4        0xc Output/Release/Obj/kb_dog/nrfx_usbd.o
                0x000029b4                nrfx_usbd_last_setup_dir_get
 .text.nrfx_usbd_transfer_out_drop
                0x000029c0       0x50 Output/Release/Obj/kb_dog/nrfx_usbd.o
                0x000029c0                nrfx_usbd_transfer_out_drop
 .text.usbd_ep_abort
                0x00002a10       0xf8 Output/Release/Obj/kb_dog/nrfx_usbd.o
 .text.nrfx_usbd_ep_abort
                0x00002b08        0x4 Output/Release/Obj/kb_dog/nrfx_usbd.o
                0x00002b08                nrfx_usbd_ep_abort
 .text.ev_setup_handler
                0x00002b0c       0x6c Output/Release/Obj/kb_dog/nrfx_usbd.o
 .text.USBD_IRQHandler
                0x00002b78       0x80 Output/Release/Obj/kb_dog/nrfx_usbd.o
                0x00002b78                USBD_IRQHandler
 .text.usbd_ep_abort_all
                0x00002bf8       0x58 Output/Release/Obj/kb_dog/nrfx_usbd.o
 .text.nrfx_usbd_stop
                0x00002c50       0x44 Output/Release/Obj/kb_dog/nrfx_usbd.o
                0x00002c50                nrfx_usbd_stop
 .text.nrfx_usbd_disable
                0x00002c94       0x34 Output/Release/Obj/kb_dog/nrfx_usbd.o
                0x00002c94                nrfx_usbd_disable
 .text.nrfx_usbd_suspend
                0x00002cc8       0x48 Output/Release/Obj/kb_dog/nrfx_usbd.o
                0x00002cc8                nrfx_usbd_suspend
 .text.nrfx_usbd_ep_disable
                0x00002d10       0x64 Output/Release/Obj/kb_dog/nrfx_usbd.o
                0x00002d10                nrfx_usbd_ep_disable
 .text.nrfx_usbd_ep_enable
                0x00002d74       0xa8 Output/Release/Obj/kb_dog/nrfx_usbd.o
                0x00002d74                nrfx_usbd_ep_enable
 .text.nrfx_usbd_ep_stall_clear
                0x00002e1c       0x28 Output/Release/Obj/kb_dog/nrfx_usbd.o
                0x00002e1c                nrfx_usbd_ep_stall_clear
 .text.app_error_handler_bare
                0x00002e44       0x1a Output/Release/Obj/kb_dog/app_error.o
                0x00002e44                app_error_handler_bare
 *fill*         0x00002e5e        0x2 
 .text.app_error_fault_handler
                0x00002e60       0x6c Output/Release/Obj/kb_dog/app_error_weak.o
                0x00002e60                app_error_fault_handler
 .text.app_fifo_init
                0x00002ecc       0x22 Output/Release/Obj/kb_dog/app_fifo.o
                0x00002ecc                app_fifo_init
 .text.app_fifo_put
                0x00002eee       0x24 Output/Release/Obj/kb_dog/app_fifo.o
                0x00002eee                app_fifo_put
 .text.app_fifo_get
                0x00002f12       0x22 Output/Release/Obj/kb_dog/app_fifo.o
                0x00002f12                app_fifo_get
 .text.app_sched_event_put
                0x00002f34       0xbc Output/Release/Obj/kb_dog/app_scheduler.o
                0x00002f34                app_sched_event_put
 .text.compare_func
                0x00002ff0       0x16 Output/Release/Obj/kb_dog/app_timer2.o
 .text.scheduled_timeout_handler
                0x00003006        0x6 Output/Release/Obj/kb_dog/app_timer2.o
 .text.get_now  0x0000300c       0x38 Output/Release/Obj/kb_dog/app_timer2.o
 .text.timer_expire
                0x00003044       0xb0 Output/Release/Obj/kb_dog/app_timer2.o
 .text.app_timer_init
                0x000030f4       0x64 Output/Release/Obj/kb_dog/app_timer2.o
                0x000030f4                app_timer_init
 .text.app_timer_cnt_get
                0x00003158        0xc Output/Release/Obj/kb_dog/app_timer2.o
                0x00003158                app_timer_cnt_get
 .text.rtc_irq  0x00003164      0x1b8 Output/Release/Obj/kb_dog/app_timer2.o
 .text.nrf_drv_uart_rx.constprop.0
                0x0000331c       0x28 Output/Release/Obj/kb_dog/app_uart_fifo.o
 .text.nrf_drv_uart_tx.constprop.0
                0x00003344       0x28 Output/Release/Obj/kb_dog/app_uart_fifo.o
 .text.uart_event_handler
                0x0000336c       0xa4 Output/Release/Obj/kb_dog/app_uart_fifo.o
 .text.app_uart_init
                0x00003410       0xb0 Output/Release/Obj/kb_dog/app_uart_fifo.o
                0x00003410                app_uart_init
 .text.app_uart_get
                0x000034c0       0x2c Output/Release/Obj/kb_dog/app_uart_fifo.o
                0x000034c0                app_uart_get
 .text.class_event_handler
                0x000034ec        0x6 Output/Release/Obj/kb_dog/app_usbd.o
 *fill*         0x000034f2        0x2 
 .text.user_event_state_proc
                0x000034f4       0x10 Output/Release/Obj/kb_dog/app_usbd.o
 .text.app_usbd_ep_conf_access
                0x00003504       0x1c Output/Release/Obj/kb_dog/app_usbd.o
 .text.app_usbd_ep_instance_set
                0x00003520       0x12 Output/Release/Obj/kb_dog/app_usbd.o
 *fill*         0x00003532        0x2 
 .text.app_usbd_core_handler_call.isra.0
                0x00003534       0x10 Output/Release/Obj/kb_dog/app_usbd.o
 .text.sustate_set
                0x00003544       0x6c Output/Release/Obj/kb_dog/app_usbd.o
 .text.app_usbd_event_add
                0x000035b0       0xd4 Output/Release/Obj/kb_dog/app_usbd.o
 .text.app_usbd_event_handler
                0x00003684        0x4 Output/Release/Obj/kb_dog/app_usbd.o
 .text.app_usbd_power_event_handler
                0x00003688       0x28 Output/Release/Obj/kb_dog/app_usbd.o
 .text.app_usbd_hfclk_ready
                0x000036b0        0xc Output/Release/Obj/kb_dog/app_usbd.o
 .text.app_usbd_class_descriptor_find
                0x000036bc       0xa8 Output/Release/Obj/kb_dog/app_usbd.o
                0x000036bc                app_usbd_class_descriptor_find
 .text.app_usbd_init
                0x00003764       0xe8 Output/Release/Obj/kb_dog/app_usbd.o
                0x00003764                app_usbd_init
 .text.app_usbd_power_events_enable
                0x0000384c       0x2c Output/Release/Obj/kb_dog/app_usbd.o
                0x0000384c                app_usbd_power_events_enable
 .text.app_usbd_enable
                0x00003878        0x4 Output/Release/Obj/kb_dog/app_usbd.o
                0x00003878                app_usbd_enable
 .text.app_usbd_disable
                0x0000387c        0x4 Output/Release/Obj/kb_dog/app_usbd.o
                0x0000387c                app_usbd_disable
 .text.app_usbd_start
                0x00003880       0x20 Output/Release/Obj/kb_dog/app_usbd.o
                0x00003880                app_usbd_start
 .text.app_usbd_stop
                0x000038a0       0x14 Output/Release/Obj/kb_dog/app_usbd.o
                0x000038a0                app_usbd_stop
 .text.app_usbd_suspend_req
                0x000038b4       0x14 Output/Release/Obj/kb_dog/app_usbd.o
                0x000038b4                app_usbd_suspend_req
 .text.app_usbd_wakeup_req
                0x000038c8       0x1e Output/Release/Obj/kb_dog/app_usbd.o
                0x000038c8                app_usbd_wakeup_req
 *fill*         0x000038e6        0x2 
 .text.app_usbd_class_append
                0x000038e8       0x90 Output/Release/Obj/kb_dog/app_usbd.o
                0x000038e8                app_usbd_class_append
 .text.app_usbd_class_sof_register
                0x00003978       0x28 Output/Release/Obj/kb_dog/app_usbd.o
                0x00003978                app_usbd_class_sof_register
 .text.app_usbd_class_sof_unregister
                0x000039a0       0x24 Output/Release/Obj/kb_dog/app_usbd.o
                0x000039a0                app_usbd_class_sof_unregister
 .text.app_usbd_class_rwu_register
                0x000039c4       0x10 Output/Release/Obj/kb_dog/app_usbd.o
                0x000039c4                app_usbd_class_rwu_register
 .text.app_usbd_class_rwu_unregister
                0x000039d4       0x10 Output/Release/Obj/kb_dog/app_usbd.o
                0x000039d4                app_usbd_class_rwu_unregister
 .text.app_usbd_class_rwu_enabled_check
                0x000039e4       0x10 Output/Release/Obj/kb_dog/app_usbd.o
                0x000039e4                app_usbd_class_rwu_enabled_check
 .text.app_usbd_ep_enable
                0x000039f4       0x1c Output/Release/Obj/kb_dog/app_usbd.o
                0x000039f4                app_usbd_ep_enable
 .text.app_usbd_ep_disable
                0x00003a10        0x4 Output/Release/Obj/kb_dog/app_usbd.o
                0x00003a10                app_usbd_ep_disable
 .text.app_usbd_class_first_get
                0x00003a14        0xc Output/Release/Obj/kb_dog/app_usbd.o
                0x00003a14                app_usbd_class_first_get
 .text.app_usbd_iface_find
                0x00003a20       0x30 Output/Release/Obj/kb_dog/app_usbd.o
                0x00003a20                app_usbd_iface_find
 .text.app_usbd_iface_call
                0x00003a50        0x6 Output/Release/Obj/kb_dog/app_usbd.o
                0x00003a50                app_usbd_iface_call
 .text.app_usbd_ep_call
                0x00003a56       0x1e Output/Release/Obj/kb_dog/app_usbd.o
                0x00003a56                app_usbd_ep_call
 .text.app_usbd_all_call
                0x00003a74       0x1c Output/Release/Obj/kb_dog/app_usbd.o
                0x00003a74                app_usbd_all_call
 .text.app_usbd_all_until_served_call
                0x00003a90       0x24 Output/Release/Obj/kb_dog/app_usbd.o
                0x00003a90                app_usbd_all_until_served_call
 .text.app_usbd_ep_transfer
                0x00003ab4       0x28 Output/Release/Obj/kb_dog/app_usbd.o
                0x00003ab4                app_usbd_ep_transfer
 .text.app_usbd_ep_handled_transfer
                0x00003adc       0x28 Output/Release/Obj/kb_dog/app_usbd.o
                0x00003adc                app_usbd_ep_handled_transfer
 .text.app_usbd_iface_select
                0x00003b04       0x54 Output/Release/Obj/kb_dog/app_usbd.o
                0x00003b04                app_usbd_iface_select
 .text.app_usbd_iface_deselect
                0x00003b58       0x48 Output/Release/Obj/kb_dog/app_usbd.o
                0x00003b58                app_usbd_iface_deselect
 .text.app_usbd_iface_selection_get
                0x00003ba0        0xc Output/Release/Obj/kb_dog/app_usbd.o
                0x00003ba0                app_usbd_iface_selection_get
 .text.app_usbd_all_iface_select_0
                0x00003bac       0x28 Output/Release/Obj/kb_dog/app_usbd.o
                0x00003bac                app_usbd_all_iface_select_0
 .text.app_usbd_all_iface_deselect
                0x00003bd4       0x28 Output/Release/Obj/kb_dog/app_usbd.o
                0x00003bd4                app_usbd_all_iface_deselect
 .text.app_usbd_event_execute
                0x00003bfc      0x234 Output/Release/Obj/kb_dog/app_usbd.o
                0x00003bfc                app_usbd_event_execute
 .text.app_usbd_event_queue_process
                0x00003e30       0xa0 Output/Release/Obj/kb_dog/app_usbd.o
                0x00003e30                app_usbd_event_queue_process
 .text.setup_data_handler_empty
                0x00003ed0        0x4 Output/Release/Obj/kb_dog/app_usbd_core.o
 .text.usbd_descriptor_conf_feeder
                0x00003ed4       0xea Output/Release/Obj/kb_dog/app_usbd_core.o
 *fill*         0x00003fbe        0x2 
 .text.usbd_core_state_set
                0x00003fc0       0x30 Output/Release/Obj/kb_dog/app_usbd_core.o
 .text.app_usbd_core_ep0_enable
                0x00003ff0       0x12 Output/Release/Obj/kb_dog/app_usbd_core.o
                0x00003ff0                app_usbd_core_ep0_enable
 .text.app_usbd_core_ep0_disable
                0x00004002       0x12 Output/Release/Obj/kb_dog/app_usbd_core.o
                0x00004002                app_usbd_core_ep0_disable
 .text.app_usbd_core_setup_data_handler_set
                0x00004014       0x24 Output/Release/Obj/kb_dog/app_usbd_core.o
                0x00004014                app_usbd_core_setup_data_handler_set
 .text.app_usbd_core_setup_rsp
                0x00004038       0x60 Output/Release/Obj/kb_dog/app_usbd_core.o
                0x00004038                app_usbd_core_setup_rsp
 .text.app_usbd_core_event_handler
                0x00004098      0x424 Output/Release/Obj/kb_dog/app_usbd_core.o
 .text.app_usbd_core_setup_transfer_buff_get
                0x000044bc       0x10 Output/Release/Obj/kb_dog/app_usbd_core.o
                0x000044bc                app_usbd_core_setup_transfer_buff_get
 .text.app_usbd_core_feature_state_get
                0x000044cc       0x14 Output/Release/Obj/kb_dog/app_usbd_core.o
                0x000044cc                app_usbd_core_feature_state_get
 .text.user_event_handler.isra.0
                0x000044e0        0xa Output/Release/Obj/kb_dog/app_usbd_hid.o
 .text.app_usbd_hid_event_handler
                0x000044ea      0x350 Output/Release/Obj/kb_dog/app_usbd_hid.o
                0x000044ea                app_usbd_hid_event_handler
 .text.app_usbd_hid_rep_buff_in_get
                0x0000483a        0x4 Output/Release/Obj/kb_dog/app_usbd_hid.o
                0x0000483a                app_usbd_hid_rep_buff_in_get
 .text.app_usbd_hid_rep_buff_feature_get
                0x0000483e        0x4 Output/Release/Obj/kb_dog/app_usbd_hid.o
                0x0000483e                app_usbd_hid_rep_buff_feature_get
 .text.hid_generic_on_set_report_data_cb
                0x00004842       0x16 Output/Release/Obj/kb_dog/app_usbd_hid_generic.o
 .text.hid_generic_on_set_report_feature_data_cb
                0x00004858       0x16 Output/Release/Obj/kb_dog/app_usbd_hid_generic.o
 .text.hid_generic_get_class_descriptors_count
                0x0000486e        0x4 Output/Release/Obj/kb_dog/app_usbd_hid_generic.o
 .text.hid_generic_get_class_descriptors_length
                0x00004872        0xa Output/Release/Obj/kb_dog/app_usbd_hid_generic.o
 .text.hid_generic_get_class_descriptors_data
                0x0000487c        0xc Output/Release/Obj/kb_dog/app_usbd_hid_generic.o
 .text.hid_generic_idle_handler_set
                0x00004888        0x8 Output/Release/Obj/kb_dog/app_usbd_hid_generic.o
                0x00004888                hid_generic_idle_handler_set
 .text.hid_generic_on_idle
                0x00004890        0xc Output/Release/Obj/kb_dog/app_usbd_hid_generic.o
 .text.hid_generic_transfer_set
                0x0000489c       0x82 Output/Release/Obj/kb_dog/app_usbd_hid_generic.o
 .text.hid_generic_ep_transfer_in
                0x0000491e       0x28 Output/Release/Obj/kb_dog/app_usbd_hid_generic.o
 *fill*         0x00004946        0x2 
 .text.hid_generic_on_set_report
                0x00004948       0x8c Output/Release/Obj/kb_dog/app_usbd_hid_generic.o
 .text.hid_generic_on_get_report
                0x000049d4       0x28 Output/Release/Obj/kb_dog/app_usbd_hid_generic.o
 .text.hid_generic_event_handler
                0x000049fc        0xe Output/Release/Obj/kb_dog/app_usbd_hid_generic.o
 *fill*         0x00004a0a        0x2 
 .text.hid_generic_feed_descriptors
                0x00004a0c      0x3d0 Output/Release/Obj/kb_dog/app_usbd_hid_generic.o
 .text.hid_generic_ep_transfer_out
                0x00004ddc       0x3a Output/Release/Obj/kb_dog/app_usbd_hid_generic.o
 .text.app_usbd_hid_generic_in_report_set
                0x00004e16       0x42 Output/Release/Obj/kb_dog/app_usbd_hid_generic.o
                0x00004e16                app_usbd_hid_generic_in_report_set
 .text.app_usbd_hid_generic_out_report_get
                0x00004e58        0xa Output/Release/Obj/kb_dog/app_usbd_hid_generic.o
                0x00004e58                app_usbd_hid_generic_out_report_get
 .text.hid_kbd_rep_buffer_get
                0x00004e62       0x20 Output/Release/Obj/kb_dog/app_usbd_hid_kbd.o
 .text.app_usbd_hid_epin_addr_get
                0x00004e82       0x1a Output/Release/Obj/kb_dog/app_usbd_hid_kbd.o
 .text.hid_kbd_clear_buffer
                0x00004e9c       0x58 Output/Release/Obj/kb_dog/app_usbd_hid_kbd.o
                0x00004e9c                hid_kbd_clear_buffer
 .text.app_usbd_prepare_string.constprop.0
                0x00004ef4       0x40 Output/Release/Obj/kb_dog/app_usbd_string_desc.o
 .text.app_usbd_string_desc_get
                0x00004f34       0x3c Output/Release/Obj/kb_dog/app_usbd_string_desc.o
                0x00004f34                app_usbd_string_desc_get
 .text.app_util_disable_irq
                0x00004f70       0x10 Output/Release/Obj/kb_dog/app_util_platform.o
                0x00004f70                app_util_disable_irq
 .text.app_util_enable_irq
                0x00004f80       0x14 Output/Release/Obj/kb_dog/app_util_platform.o
                0x00004f80                app_util_enable_irq
 .text.app_util_critical_region_enter
                0x00004f94        0x4 Output/Release/Obj/kb_dog/app_util_platform.o
                0x00004f94                app_util_critical_region_enter
 .text.app_util_critical_region_exit
                0x00004f98        0x4 Output/Release/Obj/kb_dog/app_util_platform.o
                0x00004f98                app_util_critical_region_exit
 .text.evt_pending.isra.0
                0x00004f9c       0x18 Output/Release/Obj/kb_dog/drv_rtc.o
 .text.drv_rtc_init
                0x00004fb4       0xa4 Output/Release/Obj/kb_dog/drv_rtc.o
                0x00004fb4                drv_rtc_init
 .text.drv_rtc_start
                0x00005058        0x8 Output/Release/Obj/kb_dog/drv_rtc.o
                0x00005058                drv_rtc_start
 .text.drv_rtc_stop
                0x00005060        0x8 Output/Release/Obj/kb_dog/drv_rtc.o
                0x00005060                drv_rtc_stop
 .text.drv_rtc_compare_set
                0x00005068       0x3e Output/Release/Obj/kb_dog/drv_rtc.o
                0x00005068                drv_rtc_compare_set
 *fill*         0x000050a6        0x2 
 .text.drv_rtc_windowed_compare_set
                0x000050a8       0xf0 Output/Release/Obj/kb_dog/drv_rtc.o
                0x000050a8                drv_rtc_windowed_compare_set
 .text.drv_rtc_overflow_enable
                0x00005198       0x10 Output/Release/Obj/kb_dog/drv_rtc.o
                0x00005198                drv_rtc_overflow_enable
 .text.drv_rtc_overflow_pending
                0x000051a8        0xa Output/Release/Obj/kb_dog/drv_rtc.o
                0x000051a8                drv_rtc_overflow_pending
 .text.drv_rtc_compare_disable
                0x000051b2       0x14 Output/Release/Obj/kb_dog/drv_rtc.o
                0x000051b2                drv_rtc_compare_disable
 .text.drv_rtc_compare_pending
                0x000051c6        0xc Output/Release/Obj/kb_dog/drv_rtc.o
                0x000051c6                drv_rtc_compare_pending
 .text.drv_rtc_counter_get
                0x000051d2        0x8 Output/Release/Obj/kb_dog/drv_rtc.o
                0x000051d2                drv_rtc_counter_get
 *fill*         0x000051da        0x2 
 .text.RTC1_IRQHandler
                0x000051dc       0x14 Output/Release/Obj/kb_dog/drv_rtc.o
                0x000051dc                RTC1_IRQHandler
 .text.nrf_atfifo_init
                0x000051f0       0x26 Output/Release/Obj/kb_dog/nrf_atfifo.o
                0x000051f0                nrf_atfifo_init
 .text.nrf_atfifo_item_alloc
                0x00005216       0x54 Output/Release/Obj/kb_dog/nrf_atfifo.o
                0x00005216                nrf_atfifo_item_alloc
 .text.nrf_atfifo_item_put
                0x0000526a       0x20 Output/Release/Obj/kb_dog/nrf_atfifo.o
                0x0000526a                nrf_atfifo_item_put
 .text.nrf_atfifo_item_get
                0x0000528a       0x56 Output/Release/Obj/kb_dog/nrf_atfifo.o
                0x0000528a                nrf_atfifo_item_get
 .text.nrf_atfifo_item_free
                0x000052e0       0x20 Output/Release/Obj/kb_dog/nrf_atfifo.o
                0x000052e0                nrf_atfifo_item_free
 .text.nrf_atomic_u32_fetch_store
                0x00005300       0x16 Output/Release/Obj/kb_dog/nrf_atomic.o
                0x00005300                nrf_atomic_u32_fetch_store
 .text.nrf_atomic_u32_or
                0x00005316       0x18 Output/Release/Obj/kb_dog/nrf_atomic.o
                0x00005316                nrf_atomic_u32_or
 .text.nrf_atomic_u32_fetch_and
                0x0000532e       0x18 Output/Release/Obj/kb_dog/nrf_atomic.o
                0x0000532e                nrf_atomic_u32_fetch_and
 .text.nrf_atomic_u32_and
                0x00005346       0x18 Output/Release/Obj/kb_dog/nrf_atomic.o
                0x00005346                nrf_atomic_u32_and
 .text.nrf_atomic_u32_add
                0x0000535e       0x18 Output/Release/Obj/kb_dog/nrf_atomic.o
                0x0000535e                nrf_atomic_u32_add
 .text.nrf_atomic_u32_sub
                0x00005376       0x18 Output/Release/Obj/kb_dog/nrf_atomic.o
                0x00005376                nrf_atomic_u32_sub
 .text.nrf_atomic_u32_sub_hs
                0x0000538e       0x1c Output/Release/Obj/kb_dog/nrf_atomic.o
                0x0000538e                nrf_atomic_u32_sub_hs
 .text.nrf_atomic_flag_set
                0x000053aa        0x6 Output/Release/Obj/kb_dog/nrf_atomic.o
                0x000053aa                nrf_atomic_flag_set
 .text.nrf_atomic_flag_clear_fetch
                0x000053b0        0x6 Output/Release/Obj/kb_dog/nrf_atomic.o
                0x000053b0                nrf_atomic_flag_clear_fetch
 .text.nrf_balloc_init
                0x000053b6       0x2e Output/Release/Obj/kb_dog/nrf_balloc.o
                0x000053b6                nrf_balloc_init
 .text.nrf_balloc_alloc
                0x000053e4       0x40 Output/Release/Obj/kb_dog/nrf_balloc.o
                0x000053e4                nrf_balloc_alloc
 .text.nrf_balloc_free
                0x00005424       0x2a Output/Release/Obj/kb_dog/nrf_balloc.o
                0x00005424                nrf_balloc_free
 .text.nrf_fprintf_buffer_flush
                0x0000544e       0x16 Output/Release/Obj/kb_dog/nrf_fprintf.o
                0x0000544e                nrf_fprintf_buffer_flush
 .text.nrf_fprintf
                0x00005464       0x1c Output/Release/Obj/kb_dog/nrf_fprintf.o
                0x00005464                nrf_fprintf
 .text.buffer_add
                0x00005480       0x1e Output/Release/Obj/kb_dog/nrf_fprintf_format.o
 *fill*         0x0000549e        0x2 
 .text.unsigned_print
                0x000054a0       0xb4 Output/Release/Obj/kb_dog/nrf_fprintf_format.o
 .text.nrf_fprintf_fmt
                0x00005554      0x2bc Output/Release/Obj/kb_dog/nrf_fprintf_format.o
                0x00005554                nrf_fprintf_fmt
 .text.memobj_op
                0x00005810       0x86 Output/Release/Obj/kb_dog/nrf_memobj.o
 .text.nrf_memobj_pool_init
                0x00005896        0x4 Output/Release/Obj/kb_dog/nrf_memobj.o
                0x00005896                nrf_memobj_pool_init
 .text.nrf_memobj_free
                0x0000589a       0x2c Output/Release/Obj/kb_dog/nrf_memobj.o
                0x0000589a                nrf_memobj_free
 .text.nrf_memobj_alloc
                0x000058c6       0x58 Output/Release/Obj/kb_dog/nrf_memobj.o
                0x000058c6                nrf_memobj_alloc
 .text.nrf_memobj_get
                0x0000591e        0x8 Output/Release/Obj/kb_dog/nrf_memobj.o
                0x0000591e                nrf_memobj_get
 .text.nrf_memobj_put
                0x00005926       0x1c Output/Release/Obj/kb_dog/nrf_memobj.o
                0x00005926                nrf_memobj_put
 .text.nrf_memobj_write
                0x00005942       0x14 Output/Release/Obj/kb_dog/nrf_memobj.o
                0x00005942                nrf_memobj_write
 .text.nrf_memobj_read
                0x00005956       0x14 Output/Release/Obj/kb_dog/nrf_memobj.o
                0x00005956                nrf_memobj_read
 *fill*         0x0000596a        0x2 
 .text.nrf_pwr_mgmt_run
                0x0000596c       0x34 Output/Release/Obj/kb_dog/nrf_pwr_mgmt.o
                0x0000596c                nrf_pwr_mgmt_run
 .text.queue_utilization_get
                0x000059a0       0x18 Output/Release/Obj/kb_dog/nrf_queue.o
 .text.nrf_queue_is_full
                0x000059b8       0x18 Output/Release/Obj/kb_dog/nrf_queue.o
                0x000059b8                nrf_queue_is_full
 .text.nrf_queue_push
                0x000059d0       0xa0 Output/Release/Obj/kb_dog/nrf_queue.o
                0x000059d0                nrf_queue_push
 .text.nrf_queue_is_empty
                0x00005a70        0xe Output/Release/Obj/kb_dog/nrf_queue.o
                0x00005a70                nrf_queue_is_empty
 .text.nrf_queue_generic_pop
                0x00005a7e       0x7e Output/Release/Obj/kb_dog/nrf_queue.o
                0x00005a7e                nrf_queue_generic_pop
 .text.nrf_ringbuf_init
                0x00005afc       0x12 Output/Release/Obj/kb_dog/nrf_ringbuf.o
                0x00005afc                nrf_ringbuf_init
 .text.nrf_sortlist_add
                0x00005b0e       0x20 Output/Release/Obj/kb_dog/nrf_sortlist.o
                0x00005b0e                nrf_sortlist_add
 .text.nrf_sortlist_pop
                0x00005b2e        0xc Output/Release/Obj/kb_dog/nrf_sortlist.o
                0x00005b2e                nrf_sortlist_pop
 .text.nrf_sortlist_peek
                0x00005b3a        0x6 Output/Release/Obj/kb_dog/nrf_sortlist.o
                0x00005b3a                nrf_sortlist_peek
 .text.nrf_sortlist_remove
                0x00005b40       0x1a Output/Release/Obj/kb_dog/nrf_sortlist.o
                0x00005b40                nrf_sortlist_remove
 .text.nrf_log_backend_rtt_flush
                0x00005b5a        0x2 Output/Release/Obj/kb_dog/nrf_log_backend_rtt.o
 .text.nrf_log_backend_rtt_put
                0x00005b5c       0x1c Output/Release/Obj/kb_dog/nrf_log_backend_rtt.o
 .text.serial_tx
                0x00005b78       0x50 Output/Release/Obj/kb_dog/nrf_log_backend_rtt.o
 .text.nrf_log_backend_rtt_panic_set
                0x00005bc8        0x2 Output/Release/Obj/kb_dog/nrf_log_backend_rtt.o
 .text.nrf_log_backend_rtt_init
                0x00005bca        0x4 Output/Release/Obj/kb_dog/nrf_log_backend_rtt.o
                0x00005bca                nrf_log_backend_rtt_init
 .text.nrf_log_backend_serial_put
                0x00005bce       0xc2 Output/Release/Obj/kb_dog/nrf_log_backend_serial.o
                0x00005bce                nrf_log_backend_serial_put
 .text.nrf_log_default_backends_init
                0x00005c90       0x20 Output/Release/Obj/kb_dog/nrf_log_default_backends.o
                0x00005c90                nrf_log_default_backends_init
 .text.invalid_packets_omit
                0x00005cb0       0x38 Output/Release/Obj/kb_dog/nrf_log_frontend.o
 .text.buf_prealloc
                0x00005ce8      0x110 Output/Release/Obj/kb_dog/nrf_log_frontend.o
 .text.nrf_log_init
                0x00005df8       0x28 Output/Release/Obj/kb_dog/nrf_log_frontend.o
                0x00005df8                nrf_log_init
 .text.nrf_log_module_name_get
                0x00005e20       0x38 Output/Release/Obj/kb_dog/nrf_log_frontend.o
                0x00005e20                nrf_log_module_name_get
 .text.nrf_log_color_id_get
                0x00005e58       0x2c Output/Release/Obj/kb_dog/nrf_log_frontend.o
                0x00005e58                nrf_log_color_id_get
 .text.log_pending_hook
                0x00005e84        0x2 Output/Release/Obj/kb_dog/nrf_log_frontend.o
                0x00005e84                log_pending_hook
 *fill*         0x00005e86        0x2 
 .text.buffer_is_empty
                0x00005e88       0x14 Output/Release/Obj/kb_dog/nrf_log_frontend.o
                0x00005e88                buffer_is_empty
 .text.nrf_log_frontend_dequeue
                0x00005e9c      0x1f0 Output/Release/Obj/kb_dog/nrf_log_frontend.o
                0x00005e9c                nrf_log_frontend_dequeue
 .text.std_n    0x0000608c       0x90 Output/Release/Obj/kb_dog/nrf_log_frontend.o
 .text.nrf_log_frontend_std_0
                0x0000611c        0x8 Output/Release/Obj/kb_dog/nrf_log_frontend.o
                0x0000611c                nrf_log_frontend_std_0
 .text.nrf_log_frontend_std_1
                0x00006124       0x12 Output/Release/Obj/kb_dog/nrf_log_frontend.o
                0x00006124                nrf_log_frontend_std_1
 .text.nrf_log_frontend_std_2
                0x00006136       0x14 Output/Release/Obj/kb_dog/nrf_log_frontend.o
                0x00006136                nrf_log_frontend_std_2
 .text.nrf_log_frontend_std_3
                0x0000614a       0x18 Output/Release/Obj/kb_dog/nrf_log_frontend.o
                0x0000614a                nrf_log_frontend_std_3
 .text.nrf_log_frontend_std_6
                0x00006162       0x24 Output/Release/Obj/kb_dog/nrf_log_frontend.o
                0x00006162                nrf_log_frontend_std_6
 *fill*         0x00006186        0x2 
 .text.nrf_log_backend_add
                0x00006188       0x44 Output/Release/Obj/kb_dog/nrf_log_frontend.o
                0x00006188                nrf_log_backend_add
 .text.nrf_log_panic
                0x000061cc       0x28 Output/Release/Obj/kb_dog/nrf_log_frontend.o
                0x000061cc                nrf_log_panic
 .text.postfix_process
                0x000061f4       0x3c Output/Release/Obj/kb_dog/nrf_log_str_formatter.o
 .text.prefix_process.constprop.0
                0x00006230       0x78 Output/Release/Obj/kb_dog/nrf_log_str_formatter.o
 .text.nrf_log_std_entry_process
                0x000062a8       0xc8 Output/Release/Obj/kb_dog/nrf_log_str_formatter.o
                0x000062a8                nrf_log_std_entry_process
 .text.nrf_log_hexdump_entry_process
                0x00006370       0xb8 Output/Release/Obj/kb_dog/nrf_log_str_formatter.o
                0x00006370                nrf_log_hexdump_entry_process
 .text.update_rf_payload_format_esb_dpl
                0x00006428       0x2c Output/Release/Obj/kb_dog/nrf_esb.o
 .text.update_rf_payload_format_esb
                0x00006454       0x2c Output/Release/Obj/kb_dog/nrf_esb.o
 .text.update_radio_bitrate
                0x00006480       0x4c Output/Release/Obj/kb_dog/nrf_esb.o
 .text.reset_fifos
                0x000064cc       0x1c Output/Release/Obj/kb_dog/nrf_esb.o
 .text.on_radio_disabled_tx
                0x000064e8       0x8c Output/Release/Obj/kb_dog/nrf_esb.o
 .text.clear_events_restart_rx
                0x00006574       0x58 Output/Release/Obj/kb_dog/nrf_esb.o
 .text.on_radio_disabled_rx_ack
                0x000065cc       0x50 Output/Release/Obj/kb_dog/nrf_esb.o
 .text.update_radio_addresses.part.0
                0x0000661c       0x28 Output/Release/Obj/kb_dog/nrf_esb.o
 .text.rx_fifo_push_rfbuf.part.0
                0x00006644       0x98 Output/Release/Obj/kb_dog/nrf_esb.o
 .text.on_radio_disabled_rx
                0x000066dc      0x1e0 Output/Release/Obj/kb_dog/nrf_esb.o
 .text.start_tx_transaction
                0x000068bc      0x140 Output/Release/Obj/kb_dog/nrf_esb.o
 .text.nrf_esb_skip_tx
                0x000069fc       0x4c Output/Release/Obj/kb_dog/nrf_esb.o
                0x000069fc                nrf_esb_skip_tx
 .text.on_radio_disabled_tx_noack
                0x00006a48       0x44 Output/Release/Obj/kb_dog/nrf_esb.o
 .text.on_radio_disabled_tx_wait_for_ack
                0x00006a8c      0x164 Output/Release/Obj/kb_dog/nrf_esb.o
 .text.RADIO_IRQHandler
                0x00006bf0       0x54 Output/Release/Obj/kb_dog/nrf_esb.o
                0x00006bf0                RADIO_IRQHandler
 .text.nrf_esb_disable
                0x00006c44       0x64 Output/Release/Obj/kb_dog/nrf_esb.o
                0x00006c44                nrf_esb_disable
 .text.nrf_esb_init
                0x00006ca8      0x234 Output/Release/Obj/kb_dog/nrf_esb.o
                0x00006ca8                nrf_esb_init
 .text.SWI0_EGU0_IRQHandler
                0x00006edc       0x74 Output/Release/Obj/kb_dog/nrf_esb.o
                0x00006edc                SWI0_EGU0_IRQHandler
 .text.nrf_esb_write_payload
                0x00006f50      0x168 Output/Release/Obj/kb_dog/nrf_esb.o
                0x00006f50                nrf_esb_write_payload
 .text.nrf_esb_read_rx_payload
                0x000070b8       0x74 Output/Release/Obj/kb_dog/nrf_esb.o
                0x000070b8                nrf_esb_read_rx_payload
 .text.nrf_esb_start_rx
                0x0000712c       0x8c Output/Release/Obj/kb_dog/nrf_esb.o
                0x0000712c                nrf_esb_start_rx
 .text.nrf_esb_flush_tx
                0x000071b8       0x34 Output/Release/Obj/kb_dog/nrf_esb.o
                0x000071b8                nrf_esb_flush_tx
 .text.nrf_esb_set_base_address_0
                0x000071ec       0x34 Output/Release/Obj/kb_dog/nrf_esb.o
                0x000071ec                nrf_esb_set_base_address_0
 .text.nrf_esb_set_base_address_1
                0x00007220       0x34 Output/Release/Obj/kb_dog/nrf_esb.o
                0x00007220                nrf_esb_set_base_address_1
 .text.nrf_esb_set_prefixes
                0x00007254       0x4c Output/Release/Obj/kb_dog/nrf_esb.o
                0x00007254                nrf_esb_set_prefixes
 .text.nrf_esb_set_rf_channel
                0x000072a0       0x28 Output/Release/Obj/kb_dog/nrf_esb.o
                0x000072a0                nrf_esb_set_rf_channel
 .text._GetAvailWriteSpace
                0x000072c8       0x12 Output/Release/Obj/kb_dog/SEGGER_RTT.o
 .text._WriteNoCheck
                0x000072da       0x36 Output/Release/Obj/kb_dog/SEGGER_RTT.o
 .text._WriteBlocking
                0x00007310       0x54 Output/Release/Obj/kb_dog/SEGGER_RTT.o
 .text._DoInit  0x00007364       0x60 Output/Release/Obj/kb_dog/SEGGER_RTT.o
 .text.SEGGER_RTT_WriteNoLock
                0x000073c4       0x58 Output/Release/Obj/kb_dog/SEGGER_RTT.o
                0x000073c4                SEGGER_RTT_WriteNoLock
 .text.SEGGER_RTT_Init
                0x0000741c        0x4 Output/Release/Obj/kb_dog/SEGGER_RTT.o
                0x0000741c                SEGGER_RTT_Init
 .text.libc.__SEGGER_RTL_ascii_mbtowc
                0x00007420       0x34 D:/PrgEnv/SES/bin/lib/libc_v7em_fpv4_sp_d16_hard_t_le_eabi_balanced.a(mbops.o)
                0x00007420                __SEGGER_RTL_ascii_mbtowc
 .text.libc.__SEGGER_RTL_ascii_wctomb
                0x00007454        0xe D:/PrgEnv/SES/bin/lib/libc_v7em_fpv4_sp_d16_hard_t_le_eabi_balanced.a(mbops.o)
                0x00007454                __SEGGER_RTL_ascii_wctomb
 .text.libc.__SEGGER_RTL_isctype
                0x00007462       0x20 D:/PrgEnv/SES/bin/lib/libc_v7em_fpv4_sp_d16_hard_t_le_eabi_balanced.a(mbops.o)
 .text.libc.isprint
                0x00007482        0x6 D:/PrgEnv/SES/bin/lib/libc_v7em_fpv4_sp_d16_hard_t_le_eabi_balanced.a(mbops.o)
                0x00007482                isprint
 .text.libc.__SEGGER_RTL_ascii_isctype
                0x00007488       0x20 D:/PrgEnv/SES/bin/lib/libc_v7em_fpv4_sp_d16_hard_t_le_eabi_balanced.a(mbops.o)
 .text.libc.__SEGGER_RTL_ascii_toupper
                0x000074a8        0xc D:/PrgEnv/SES/bin/lib/libc_v7em_fpv4_sp_d16_hard_t_le_eabi_balanced.a(mbops.o)
 .text.libc.__SEGGER_RTL_ascii_tolower
                0x000074b4        0xc D:/PrgEnv/SES/bin/lib/libc_v7em_fpv4_sp_d16_hard_t_le_eabi_balanced.a(mbops.o)
 .text.libc.__SEGGER_RTL_ascii_iswctype
                0x000074c0       0x20 D:/PrgEnv/SES/bin/lib/libc_v7em_fpv4_sp_d16_hard_t_le_eabi_balanced.a(mbops.o)
 .text.libc.__SEGGER_RTL_ascii_towupper
                0x000074e0        0xc D:/PrgEnv/SES/bin/lib/libc_v7em_fpv4_sp_d16_hard_t_le_eabi_balanced.a(mbops.o)
 .text.libc.__SEGGER_RTL_ascii_towlower
                0x000074ec        0xc D:/PrgEnv/SES/bin/lib/libc_v7em_fpv4_sp_d16_hard_t_le_eabi_balanced.a(mbops.o)
 .text.libc.__SEGGER_RTL_init_heap
                0x000074f8       0x18 D:/PrgEnv/SES/bin/lib/heapops_basic_v7em_fpv4_sp_d16_hard_t_le_eabi_balanced.a(heapops_basic.o)
                0x000074f8                __SEGGER_RTL_init_heap
 .text.libc.strlen
                0x00007510       0x2c D:/PrgEnv/SES/bin/lib/strops_unaligned_v7em_fpv4_sp_d16_hard_t_le_eabi_balanced.a(strops.o)
                0x00007510                strlen
 .text.libc.strcpy
                0x0000753c       0x30 D:/PrgEnv/SES/bin/lib/strops_unaligned_v7em_fpv4_sp_d16_hard_t_le_eabi_balanced.a(strasmops_arm.o)
                0x0000753c                strcpy
 .text.libc.memcpy
                0x0000756c       0x5c D:/PrgEnv/SES/bin/lib/strops_unaligned_v7em_fpv4_sp_d16_hard_t_le_eabi_balanced.a(strasmops_arm.o)
                0x0000756c                __aeabi_memcpy
                0x0000756c                memcpy
                0x0000758a                __aeabi_memcpy8
                0x0000758a                __aeabi_memcpy4
 .text.libc.__aeabi_memclr
                0x000075c8       0x68 D:/PrgEnv/SES/bin/lib/strops_unaligned_v7em_fpv4_sp_d16_hard_t_le_eabi_balanced.a(strasmops_arm.o)
                0x000075c8                __aeabi_memclr8
                0x000075c8                __aeabi_memclr
                0x000075c8                __aeabi_memclr4
                0x000075ca                __aeabi_memset4
                0x000075ca                __aeabi_memset8
                0x000075ca                __aeabi_memset
                0x000075d0                memset
                0x00007630                        __text_end__ = (__text_start__ + SIZEOF (.text))
                0x0000724c                        __text_size__ = SIZEOF (.text)
                0x00007630                        __text_load_end__ = __text_end__

.vfp11_veneer   0x00000000        0x0
 .vfp11_veneer  0x00000000        0x0 linker stubs

.v4_bx          0x00000000        0x0
 .v4_bx         0x00000000        0x0 linker stubs

.iplt           0x00000000        0x0
 .iplt          0x00000000        0x0 Output/Release/Obj/kb_dog/main.o
                0x00000001                        . = ASSERT (((__text_start__ == __text_end__) || ((__text_end__ - __FLASH1_segment_start__) <= __FLASH1_segment_size__)), error: .text is too large to fit in FLASH1 memory segment)
                0x00007630                        __log_const_data_load_start__ = ALIGN (__text_end__, 0x4)

.log_const_data
                0x00007630       0x70
                0x00007630                        __log_const_data_start__ = .
                0x00007630                        __start_log_const_data = __log_const_data_start__
 *(SORT_BY_NAME(.log_const_data*))
 .log_const_data_CLOCK
                0x00007630        0x8 Output/Release/Obj/kb_dog/nrfx_clock.o
                0x00007630                m_nrf_log_CLOCK_logs_data_const
 .log_const_data_PRS
                0x00007638        0x8 Output/Release/Obj/kb_dog/nrfx_prs.o
                0x00007638                m_nrf_log_PRS_logs_data_const
 .log_const_data_UART
                0x00007640        0x8 Output/Release/Obj/kb_dog/nrfx_uart.o
                0x00007640                m_nrf_log_UART_logs_data_const
 .log_const_data_UARTE
                0x00007648        0x8 Output/Release/Obj/kb_dog/nrfx_uarte.o
                0x00007648                m_nrf_log_UARTE_logs_data_const
 .log_const_data_USBD
                0x00007650        0x8 Output/Release/Obj/kb_dog/nrfx_usbd.o
                0x00007650                m_nrf_log_USBD_logs_data_const
 .log_const_data_app
                0x00007658        0x8 Output/Release/Obj/kb_dog/nrf_log_frontend.o
                0x00007658                m_nrf_log_app_logs_data_const
 .log_const_data_app_timer
                0x00007660        0x8 Output/Release/Obj/kb_dog/app_timer2.o
                0x00007660                m_nrf_log_app_timer_logs_data_const
 .log_const_data_app_usbd
                0x00007668        0x8 Output/Release/Obj/kb_dog/app_usbd.o
                0x00007668                m_nrf_log_app_usbd_logs_data_const
 .log_const_data_app_usbd_core
                0x00007670        0x8 Output/Release/Obj/kb_dog/app_usbd_core.o
                0x00007670                m_nrf_log_app_usbd_core_logs_data_const
 .log_const_data_clock
                0x00007678        0x8 Output/Release/Obj/kb_dog/nrf_drv_clock.o
                0x00007678                m_nrf_log_clock_logs_data_const
 .log_const_data_hardfault
                0x00007680        0x8 Output/Release/Obj/kb_dog/hardfault_implementation.o
                0x00007680                m_nrf_log_hardfault_logs_data_const
 .log_const_data_nrf_fstorage
                0x00007688        0x8 Output/Release/Obj/kb_dog/nrf_fstorage.o
                0x00007688                m_nrf_log_nrf_fstorage_logs_data_const
 .log_const_data_pwr_mgmt
                0x00007690        0x8 Output/Release/Obj/kb_dog/nrf_pwr_mgmt.o
                0x00007690                m_nrf_log_pwr_mgmt_logs_data_const
 .log_const_data_sortlist
                0x00007698        0x8 Output/Release/Obj/kb_dog/nrf_sortlist.o
                0x00007698                m_nrf_log_sortlist_logs_data_const
                0x000076a0                        __log_const_data_end__ = (__log_const_data_start__ + SIZEOF (.log_const_data))
                0x00000070                        __log_const_data_size__ = SIZEOF (.log_const_data)
                0x000076a0                        __stop_log_const_data = __log_const_data_end__
                0x000076a0                        __log_const_data_load_end__ = __log_const_data_end__
                0x00000001                        . = ASSERT (((__log_const_data_start__ == __log_const_data_end__) || ((__log_const_data_end__ - __FLASH1_segment_start__) <= __FLASH1_segment_size__)), error: .log_const_data is too large to fit in FLASH1 memory segment)
                0x000076a0                        __log_backends_load_start__ = ALIGN (__log_const_data_end__, 0x4)

.log_backends   0x000076a0       0x10
                0x000076a0                        __log_backends_start__ = .
                0x000076a0                        __start_log_backends = __log_backends_start__
 *(SORT_BY_NAME(.log_backends*))
 .log_backends  0x000076a0       0x10 Output/Release/Obj/kb_dog/nrf_log_default_backends.o
                0x000076b0                        __log_backends_end__ = (__log_backends_start__ + SIZEOF (.log_backends))
                0x00000010                        __log_backends_size__ = SIZEOF (.log_backends)
                0x000076b0                        __stop_log_backends = __log_backends_end__
                0x000076b0                        __log_backends_load_end__ = __log_backends_end__
                0x00000001                        . = ASSERT (((__log_backends_start__ == __log_backends_end__) || ((__log_backends_end__ - __FLASH1_segment_start__) <= __FLASH1_segment_size__)), error: .log_backends is too large to fit in FLASH1 memory segment)
                0x000076b0                        __cli_command_load_start__ = ALIGN (__log_backends_end__, 0x4)

.cli_command    0x000076b0        0x0
                0x000076b0                        __cli_command_start__ = .
                0x000076b0                        __start_cli_command = __cli_command_start__
 *(.cli_command*)
                0x000076b0                        __cli_command_end__ = (__cli_command_start__ + SIZEOF (.cli_command))
                0x00000000                        __cli_command_size__ = SIZEOF (.cli_command)
                0x000076b0                        __stop_cli_command = __cli_command_end__
                0x000076b0                        __cli_command_load_end__ = __cli_command_end__
                0x00000001                        . = ASSERT (((__cli_command_start__ == __cli_command_end__) || ((__cli_command_end__ - __FLASH1_segment_start__) <= __FLASH1_segment_size__)), error: .cli_command is too large to fit in FLASH1 memory segment)
                0x000076b0                        __pwr_mgmt_data_load_start__ = ALIGN (__cli_command_end__, 0x4)

.pwr_mgmt_data  0x000076b0        0x0
                0x000076b0                        __pwr_mgmt_data_start__ = .
                0x000076b0                        __start_pwr_mgmt_data = __pwr_mgmt_data_start__
 *(SORT_BY_NAME(.pwr_mgmt_data*))
                0x000076b0                        __pwr_mgmt_data_end__ = (__pwr_mgmt_data_start__ + SIZEOF (.pwr_mgmt_data))
                0x00000000                        __pwr_mgmt_data_size__ = SIZEOF (.pwr_mgmt_data)
                0x000076b0                        __stop_pwr_mgmt_data = __pwr_mgmt_data_end__
                0x000076b0                        __pwr_mgmt_data_load_end__ = __pwr_mgmt_data_end__
                0x00000001                        . = ASSERT (((__pwr_mgmt_data_start__ == __pwr_mgmt_data_end__) || ((__pwr_mgmt_data_end__ - __FLASH1_segment_start__) <= __FLASH1_segment_size__)), error: .pwr_mgmt_data is too large to fit in FLASH1 memory segment)
                0x000076b0                        __nrf_queue_load_start__ = ALIGN (__pwr_mgmt_data_end__, 0x4)

.nrf_queue      0x000076b0       0x28
                0x000076b0                        __nrf_queue_start__ = .
                0x000076b0                        __start_nrf_queue = __nrf_queue_start__
 *(.nrf_queue*)
 .nrf_queue     0x000076b0       0x28 Output/Release/Obj/kb_dog/u_usbd_hid_kb.o
                0x000076b0                m_app_hid_share_queue
                0x000076c4                m_app_hid_kbd_queue
                0x000076d8                        __nrf_queue_end__ = (__nrf_queue_start__ + SIZEOF (.nrf_queue))
                0x00000028                        __nrf_queue_size__ = SIZEOF (.nrf_queue)
                0x000076d8                        __stop_nrf_queue = __nrf_queue_end__
                0x000076d8                        __nrf_queue_load_end__ = __nrf_queue_end__
                0x00000001                        . = ASSERT (((__nrf_queue_start__ == __nrf_queue_end__) || ((__nrf_queue_end__ - __FLASH1_segment_start__) <= __FLASH1_segment_size__)), error: .nrf_queue is too large to fit in FLASH1 memory segment)
                0x000076d8                        __nrf_balloc_load_start__ = ALIGN (__nrf_queue_end__, 0x4)

.nrf_balloc     0x000076d8       0x14
                0x000076d8                        __nrf_balloc_start__ = .
                0x000076d8                        __start_nrf_balloc = __nrf_balloc_start__
 *(.nrf_balloc*)
 .nrf_balloc    0x000076d8       0x14 Output/Release/Obj/kb_dog/nrf_log_frontend.o
                0x000076d8                log_mempool
                0x000076ec                        __nrf_balloc_end__ = (__nrf_balloc_start__ + SIZEOF (.nrf_balloc))
                0x00000014                        __nrf_balloc_size__ = SIZEOF (.nrf_balloc)
                0x000076ec                        __stop_nrf_balloc = __nrf_balloc_end__
                0x000076ec                        __nrf_balloc_load_end__ = __nrf_balloc_end__
                0x00000001                        . = ASSERT (((__nrf_balloc_start__ == __nrf_balloc_end__) || ((__nrf_balloc_end__ - __FLASH1_segment_start__) <= __FLASH1_segment_size__)), error: .nrf_balloc is too large to fit in FLASH1 memory segment)
                0x000076ec                        __nrf_sections_load_start__ = ALIGN (__nrf_balloc_end__, 0x4)

.nrf_sections   0x000076ec        0x0
                0x000076ec                        __nrf_sections_start__ = .
                0x000076ec                        __start_nrf_sections = __nrf_sections_start__
 *(.nrf_sections .nrf_sections.*)
                0x000076ec                        __nrf_sections_end__ = (__nrf_sections_start__ + SIZEOF (.nrf_sections))
                0x00000000                        __nrf_sections_size__ = SIZEOF (.nrf_sections)
                0x000076ec                        __nrf_sections_load_end__ = __nrf_sections_end__
                0x00000001                        . = ASSERT (((__nrf_sections_start__ == __nrf_sections_end__) || ((__nrf_sections_end__ - __FLASH1_segment_start__) <= __FLASH1_segment_size__)), error: .nrf_sections is too large to fit in FLASH1 memory segment)
                0x000076ec                        __log_dynamic_data_load_start__ = ALIGN (__nrf_sections_end__, 0x4)

.log_dynamic_data
                0x20000000        0x0 load address 0x000076ec
                0x20000000                        __log_dynamic_data_start__ = .
 *(SORT_BY_NAME(.log_dynamic_data*))
                0x20000000                        __log_dynamic_data_end__ = (__log_dynamic_data_start__ + SIZEOF (.log_dynamic_data))
                0x00000000                        __log_dynamic_data_size__ = SIZEOF (.log_dynamic_data)
                0x000076ec                        __log_dynamic_data_load_end__ = (__log_dynamic_data_load_start__ + SIZEOF (.log_dynamic_data))
                0x00000001                        . = ASSERT (((__log_dynamic_data_load_start__ == __log_dynamic_data_load_end__) || ((__log_dynamic_data_load_end__ - __FLASH1_segment_start__) <= __FLASH1_segment_size__)), error: .log_dynamic_data is too large to fit in FLASH1 memory segment)

.log_dynamic_data_run
                0x20000000        0x0
                0x20000000                        __log_dynamic_data_run_start__ = .
                0x20000000                        __start_log_dynamic_data = __log_dynamic_data_run_start__
                0x20000000                        __log_dynamic_data_run_end__ = (__log_dynamic_data_run_start__ + SIZEOF (.log_dynamic_data))
                0x00000000                        __log_dynamic_data_run_size__ = (__log_dynamic_data_run_end__ - __log_dynamic_data_run_start__)
                0x20000000                        __stop_log_dynamic_data = __log_dynamic_data_run_end__
                0x20000000                        __log_dynamic_data_run_load_end__ = __log_dynamic_data_run_end__
                0x00000001                        . = ASSERT (((__log_dynamic_data_run_start__ == __log_dynamic_data_run_end__) || ((__log_dynamic_data_run_end__ - __RAM1_segment_start__) <= __RAM1_segment_size__)), error: .log_dynamic_data_run is too large to fit in RAM1 memory segment)
                0x000076ec                        __log_filter_data_load_start__ = ALIGN ((__log_dynamic_data_load_start__ + SIZEOF (.log_dynamic_data)), 0x4)

.log_filter_data
                0x20000000        0x0 load address 0x000076ec
                0x20000000                        __log_filter_data_start__ = .
 *(SORT_BY_NAME(.log_filter_data*))
                0x20000000                        __log_filter_data_end__ = (__log_filter_data_start__ + SIZEOF (.log_filter_data))
                0x00000000                        __log_filter_data_size__ = SIZEOF (.log_filter_data)
                0x000076ec                        __log_filter_data_load_end__ = (__log_filter_data_load_start__ + SIZEOF (.log_filter_data))
                0x00000001                        . = ASSERT (((__log_filter_data_load_start__ == __log_filter_data_load_end__) || ((__log_filter_data_load_end__ - __FLASH1_segment_start__) <= __FLASH1_segment_size__)), error: .log_filter_data is too large to fit in FLASH1 memory segment)

.log_filter_data_run
                0x20000000        0x0
                0x20000000                        __log_filter_data_run_start__ = .
                0x20000000                        __start_log_filter_data = __log_filter_data_run_start__
                0x20000000                        __log_filter_data_run_end__ = (__log_filter_data_run_start__ + SIZEOF (.log_filter_data))
                0x00000000                        __log_filter_data_run_size__ = (__log_filter_data_run_end__ - __log_filter_data_run_start__)
                0x20000000                        __stop_log_filter_data = __log_filter_data_run_end__
                0x20000000                        __log_filter_data_run_load_end__ = __log_filter_data_run_end__
                0x00000001                        . = ASSERT (((__log_filter_data_run_start__ == __log_filter_data_run_end__) || ((__log_filter_data_run_end__ - __RAM1_segment_start__) <= __RAM1_segment_size__)), error: .log_filter_data_run is too large to fit in RAM1 memory segment)
                0x000076ec                        __cli_sorted_cmd_ptrs_load_start__ = ALIGN ((__log_filter_data_load_start__ + SIZEOF (.log_filter_data)), 0x4)

.cli_sorted_cmd_ptrs
                0x20000000        0x0 load address 0x000076ec
                0x20000000                        __cli_sorted_cmd_ptrs_start__ = .
 *(.cli_sorted_cmd_ptrs*)
                0x20000000                        __cli_sorted_cmd_ptrs_end__ = (__cli_sorted_cmd_ptrs_start__ + SIZEOF (.cli_sorted_cmd_ptrs))
                0x00000000                        __cli_sorted_cmd_ptrs_size__ = SIZEOF (.cli_sorted_cmd_ptrs)
                0x000076ec                        __cli_sorted_cmd_ptrs_load_end__ = (__cli_sorted_cmd_ptrs_load_start__ + SIZEOF (.cli_sorted_cmd_ptrs))
                0x00000001                        . = ASSERT (((__cli_sorted_cmd_ptrs_load_start__ == __cli_sorted_cmd_ptrs_load_end__) || ((__cli_sorted_cmd_ptrs_load_end__ - __FLASH1_segment_start__) <= __FLASH1_segment_size__)), error: .cli_sorted_cmd_ptrs is too large to fit in FLASH1 memory segment)

.cli_sorted_cmd_ptrs_run
                0x20000000        0x0
                0x20000000                        __cli_sorted_cmd_ptrs_run_start__ = .
                0x20000000                        __start_cli_sorted_cmd_ptrs = __cli_sorted_cmd_ptrs_run_start__
                0x20000000                        __cli_sorted_cmd_ptrs_run_end__ = (__cli_sorted_cmd_ptrs_run_start__ + SIZEOF (.cli_sorted_cmd_ptrs))
                0x00000000                        __cli_sorted_cmd_ptrs_run_size__ = (__cli_sorted_cmd_ptrs_run_end__ - __cli_sorted_cmd_ptrs_run_start__)
                0x20000000                        __stop_cli_sorted_cmd_ptrs = __cli_sorted_cmd_ptrs_run_end__
                0x20000000                        __cli_sorted_cmd_ptrs_run_load_end__ = __cli_sorted_cmd_ptrs_run_end__
                0x00000001                        . = ASSERT (((__cli_sorted_cmd_ptrs_run_start__ == __cli_sorted_cmd_ptrs_run_end__) || ((__cli_sorted_cmd_ptrs_run_end__ - __RAM1_segment_start__) <= __RAM1_segment_size__)), error: .cli_sorted_cmd_ptrs_run is too large to fit in RAM1 memory segment)
                0x20000000                        __nrf_sections_run_end_load_start__ = ALIGN (__cli_sorted_cmd_ptrs_run_end__, 0x4)

.nrf_sections_run_end
                0x20000000        0x0
                0x20000000                        __nrf_sections_run_end_start__ = .
                0x20000000                        __end_nrf_sections_run = __nrf_sections_run_end_start__
 *(.nrf_sections_run_end .nrf_sections_run_end.*)
                0x20000000                        __nrf_sections_run_end_end__ = (__nrf_sections_run_end_start__ + SIZEOF (.nrf_sections_run_end))
                0x00000000                        __nrf_sections_run_end_size__ = SIZEOF (.nrf_sections_run_end)
                0x20000000                        __nrf_sections_run_end_load_end__ = __nrf_sections_run_end_end__
                0x00000001                        . = ASSERT (((__nrf_sections_run_end_start__ == __nrf_sections_run_end_end__) || ((__nrf_sections_run_end_end__ - __RAM1_segment_start__) <= __RAM1_segment_size__)), error: .nrf_sections_run_end is too large to fit in RAM1 memory segment)
                0x000076ec                        __dtors_load_start__ = ALIGN ((__cli_sorted_cmd_ptrs_load_start__ + SIZEOF (.cli_sorted_cmd_ptrs)), 0x4)

.dtors          0x000076ec        0x0
                0x000076ec                        __dtors_start__ = .
 *(SORT_BY_NAME(.dtors.*))
 *(.dtors)
 *(.fini_array)
 *(SORT_BY_NAME(.fini_array.*))
                0x000076ec                        __dtors_end__ = (__dtors_start__ + SIZEOF (.dtors))
                0x00000000                        __dtors_size__ = SIZEOF (.dtors)
                0x000076ec                        __dtors_load_end__ = __dtors_end__
                0x00000001                        . = ASSERT (((__dtors_start__ == __dtors_end__) || ((__dtors_end__ - __FLASH1_segment_start__) <= __FLASH1_segment_size__)), error: .dtors is too large to fit in FLASH1 memory segment)
                0x000076ec                        __ctors_load_start__ = ALIGN (__dtors_end__, 0x4)

.ctors          0x000076ec        0x0
                0x000076ec                        __ctors_start__ = .
 *(SORT_BY_NAME(.ctors.*))
 *(.ctors)
 *(.init_array)
 *(SORT_BY_NAME(.init_array.*))
                0x000076ec                        __ctors_end__ = (__ctors_start__ + SIZEOF (.ctors))
                0x00000000                        __ctors_size__ = SIZEOF (.ctors)
                0x000076ec                        __ctors_load_end__ = __ctors_end__
                0x00000001                        . = ASSERT (((__ctors_start__ == __ctors_end__) || ((__ctors_end__ - __FLASH1_segment_start__) <= __FLASH1_segment_size__)), error: .ctors is too large to fit in FLASH1 memory segment)
                0x000076ec                        __rodata_load_start__ = ALIGN (__ctors_end__, 0x4)

.rodata         0x000076ec      0xf2d
                0x000076ec                        __rodata_start__ = .
 *(.rodata .rodata.* .gnu.linkonce.r.*)
 .rodata.uart_event_handle_by_header_buffer.str1.1
                0x000076ec      0x8d6 Output/Release/Obj/kb_dog/main.o
                                 0x3d (size before relaxing)
 .rodata.main.str1.1
                0x00007fc2       0x51 Output/Release/Obj/kb_dog/main.o
 *fill*         0x00007fc2        0x2 
 .rodata        0x00007fc4       0x18 Output/Release/Obj/kb_dog/main.o
 .rodata.process_esb_data.str1.1
                0x00007fdc       0x1d Output/Release/Obj/kb_dog/u_esb_recv.o
 .rodata.nrf_esb_event_handler_rx.str1.1
                0x00007fdc       0x91 Output/Release/Obj/kb_dog/u_esb_recv.o
 .rodata.send_led_state_to_esbtx.str1.1
                0x00007fdc       0x1c Output/Release/Obj/kb_dog/u_esb_recv.o
 .rodata.esb_init_rx.str1.1
                0x00007fdc        0x9 Output/Release/Obj/kb_dog/u_esb_recv.o
 .rodata        0x00007fdc       0x18 Output/Release/Obj/kb_dog/u_esb_recv.o
 .rodata.hid_user_ev_handler.str1.1
                0x00007ff4       0xce Output/Release/Obj/kb_dog/u_usbd_hid_kb.o
 .rodata.u_usbd_hid_kb_init.str1.1
                0x00007ff4       0x15 Output/Release/Obj/kb_dog/u_usbd_hid_kb.o
 .rodata.m_app_hid_share
                0x00007ff4       0x38 Output/Release/Obj/kb_dog/u_usbd_hid_kb.o
                0x00007ff4                m_app_hid_share
 .rodata.m_app_hid_share_feature
                0x0000802c        0x8 Output/Release/Obj/kb_dog/u_usbd_hid_kb.o
                0x0000802c                m_app_hid_share_feature
 .rodata.m_app_hid_share_out
                0x00008034        0x8 Output/Release/Obj/kb_dog/u_usbd_hid_kb.o
                0x00008034                m_app_hid_share_out
 .rodata.u_share_desc
                0x0000803c        0xc Output/Release/Obj/kb_dog/u_usbd_hid_kb.o
 .rodata.u_share_desc_data
                0x00008048       0xb6 Output/Release/Obj/kb_dog/u_usbd_hid_kb.o
 *fill*         0x000080fe        0x2 
 .rodata.m_app_hid_kbd
                0x00008100       0x38 Output/Release/Obj/kb_dog/u_usbd_hid_kb.o
                0x00008100                m_app_hid_kbd
 .rodata.m_app_hid_kbd_feature
                0x00008138        0x8 Output/Release/Obj/kb_dog/u_usbd_hid_kb.o
                0x00008138                m_app_hid_kbd_feature
 .rodata.m_app_hid_kbd_out
                0x00008140        0x8 Output/Release/Obj/kb_dog/u_usbd_hid_kb.o
                0x00008140                m_app_hid_kbd_out
 .rodata.u_kbd_desc
                0x00008148        0xc Output/Release/Obj/kb_dog/u_usbd_hid_kb.o
 .rodata.u_kbd_desc_data
                0x00008154       0x40 Output/Release/Obj/kb_dog/u_usbd_hid_kb.o
 .rodata.usbd_user_ev_handler.str1.1
                0x00008194       0x66 Output/Release/Obj/kb_dog/u_usbd_kb.o
 .rodata.usbd_config.0
                0x00008194        0xc Output/Release/Obj/kb_dog/u_usbd_kb.o
 .rodata.str1.1
                0x000081a0        0x6 Output/Release/Obj/kb_dog/nrf_drv_clock.o
 .rodata.m_drv_power_config_default
                0x000081a0        0x1 Output/Release/Obj/kb_dog/nrf_drv_power.o
 .rodata.str1.1
                0x000081a1        0x6 Output/Release/Obj/kb_dog/nrfx_clock.o
 .rodata.str1.1
                0x000081a1        0x4 Output/Release/Obj/kb_dog/nrfx_prs.o
 .rodata.str1.1
                0x000081a1        0x5 Output/Release/Obj/kb_dog/nrfx_uart.o
 .rodata.str1.1
                0x000081a1        0x6 Output/Release/Obj/kb_dog/nrfx_uarte.o
 .rodata.epout_bitpos.0
                0x000081a1        0x9 Output/Release/Obj/kb_dog/nrfx_usbd.o
 .rodata.epin_bitpos.1
                0x000081aa        0x9 Output/Release/Obj/kb_dog/nrfx_usbd.o
 *fill*         0x000081b3        0x1 
 .rodata.epout_endev.2
                0x000081b4       0x12 Output/Release/Obj/kb_dog/nrfx_usbd.o
 .rodata.epin_endev.3
                0x000081c6       0x12 Output/Release/Obj/kb_dog/nrfx_usbd.o
 .rodata.m_isr  0x000081d8       0x64 Output/Release/Obj/kb_dog/nrfx_usbd.o
 .rodata.str1.1
                0x0000823c        0x5 Output/Release/Obj/kb_dog/nrfx_usbd.o
 .rodata.app_error_fault_handler.str1.1
                0x0000823c       0x19 Output/Release/Obj/kb_dog/app_error_weak.o
 .rodata.m_app_timer_sortlist
                0x0000823c        0xc Output/Release/Obj/kb_dog/app_timer2.o
 .rodata.str1.1
                0x00008248        0xa Output/Release/Obj/kb_dog/app_timer2.o
 .rodata        0x00008248        0x4 Output/Release/Obj/kb_dog/app_timer2.o
 .rodata        0x0000824c       0x20 Output/Release/Obj/kb_dog/app_uart_fifo.o
 .rodata.evt_data.2
                0x0000826c        0x1 Output/Release/Obj/kb_dog/app_usbd.o
 .rodata.evt_data.4
                0x0000826d        0x1 Output/Release/Obj/kb_dog/app_usbd.o
 .rodata.evt_data.5
                0x0000826e        0x1 Output/Release/Obj/kb_dog/app_usbd.o
 .rodata.evt_data.6
                0x0000826f        0x1 Output/Release/Obj/kb_dog/app_usbd.o
 .rodata.evt_data.7
                0x00008270        0x1 Output/Release/Obj/kb_dog/app_usbd.o
 .rodata.evt_data.8
                0x00008271        0x1 Output/Release/Obj/kb_dog/app_usbd.o
 .rodata.ev.9   0x00008272        0x4 Output/Release/Obj/kb_dog/app_usbd.o
 .rodata.ev.10  0x00008276        0x4 Output/Release/Obj/kb_dog/app_usbd.o
 .rodata.ev.11  0x0000827a        0x4 Output/Release/Obj/kb_dog/app_usbd.o
 *fill*         0x0000827e        0x2 
 .rodata.config.12
                0x00008280        0x4 Output/Release/Obj/kb_dog/app_usbd.o
 .rodata.event_setaddress.13
                0x00008284        0x4 Output/Release/Obj/kb_dog/app_usbd.o
 .rodata.str1.1
                0x00008288        0x9 Output/Release/Obj/kb_dog/app_usbd.o
 .rodata.evt_data.0
                0x00008288        0x1 Output/Release/Obj/kb_dog/app_usbd_core.o
 *fill*         0x00008289        0x3 
 .rodata.usbd_descriptor_feeder_desc
                0x0000828c        0x8 Output/Release/Obj/kb_dog/app_usbd_core.o
 .rodata.m_setup_data_handler_empty_desc
                0x00008294        0x8 Output/Release/Obj/kb_dog/app_usbd_core.o
 .rodata.app_usbd_core_inst
                0x0000829c       0x10 Output/Release/Obj/kb_dog/app_usbd_core.o
                0x0000829c                app_usbd_core_inst
 .rodata.m_core_methods
                0x000082ac       0x14 Output/Release/Obj/kb_dog/app_usbd_core.o
 .rodata.m_configuration_dsc
                0x000082c0        0x9 Output/Release/Obj/kb_dog/app_usbd_core.o
 .rodata.m_device_dsc
                0x000082c9       0x12 Output/Release/Obj/kb_dog/app_usbd_core.o
 .rodata.str1.1
                0x000082db        0xe Output/Release/Obj/kb_dog/app_usbd_core.o
 *fill*         0x000082db        0x1 
 .rodata.app_usbd_generic_class_methods
                0x000082dc       0x14 Output/Release/Obj/kb_dog/app_usbd_hid_generic.o
                0x000082dc                app_usbd_generic_class_methods
 .rodata.app_usbd_hid_generic_methods
                0x000082f0       0x24 Output/Release/Obj/kb_dog/app_usbd_hid_generic.o
                0x000082f0                app_usbd_hid_generic_methods
 .rodata.m_string_dsc